Java HotSpot(TM) 64-Bit Server VM (25.171-b11) for windows-amd64 JRE (1.8.0_171-b11), built on Mar 28 2018 16:06:12 by "java_re" with MS VC++ 10.0 (VS2010)
Memory: 4k page, physical 12484812k(3487844k free), swap 22058784k(6449048k free)
CommandLine flags: -XX:InitialHeapSize=134217728 -XX:MaxHeapSize=268435456 -XX:+PrintGC -XX:+PrintGCDateStamps -XX:+PrintGCDetails -XX:+PrintGCTimeStamps -XX:+UseCompressedClassPointers -XX:+UseCompressedOops -XX:-UseLargePagesIndividualAllocation -XX:+UseSerialGC 
2021-03-22T17:54:23.203+0800: 0.211: [GC (Allocation Failure) 2021-03-22T17:54:23.204+0800: 0.211: [DefNew: 34944K->4352K(39296K), 0.0667124 secs] 34944K->18932K(126720K), 0.0668630 secs] [Times: user=0.09 sys=0.00, real=0.07 secs] 
2021-03-22T17:54:23.356+0800: 0.363: [GC (Allocation Failure) 2021-03-22T17:54:23.356+0800: 0.363: [DefNew: 39296K->4352K(39296K), 0.1144387 secs] 53876K->46005K(126720K), 0.1144918 secs] [Times: user=0.11 sys=0.00, real=0.11 secs] 
2021-03-22T17:54:23.602+0800: 0.610: [GC (Allocation Failure) 2021-03-22T17:54:23.602+0800: 0.610: [DefNew: 39296K->4352K(39296K), 0.1192824 secs] 80949K->72752K(126720K), 0.1193341 secs] [Times: user=0.11 sys=0.00, real=0.12 secs] 
2021-03-22T17:54:23.824+0800: 0.832: [GC (Allocation Failure) 2021-03-22T17:54:23.824+0800: 0.832: [DefNew: 39296K->4352K(39296K), 0.1276615 secs]2021-03-22T17:54:23.952+0800: 0.959: [Tenured: 94371K->94528K(94528K), 0.2057467 secs] 107696K->98723K(133824K), [Metaspace: 2793K->2793K(1056768K)], 0.3336589 secs] [Times: user=0.33 sys=0.00, real=0.33 secs] 
2021-03-22T17:54:24.316+0800: 1.324: [GC (Allocation Failure) 2021-03-22T17:54:24.316+0800: 1.324: [DefNew: 63040K->7871K(70912K), 0.2113981 secs] 157568K->145180K(228460K), 0.2114539 secs] [Times: user=0.20 sys=0.00, real=0.21 secs] 
2021-03-22T17:54:24.766+0800: 1.773: [GC (Allocation Failure) 2021-03-22T17:54:24.766+0800: 1.773: [DefNew: 70911K->70911K(70912K), 0.0000137 secs]2021-03-22T17:54:24.766+0800: 1.773: [Tenured: 137308K->157548K(157548K), 0.5304482 secs] 208220K->195654K(228460K), [Metaspace: 2807K->2807K(1056768K)], 0.5305798 secs] [Times: user=0.52 sys=0.02, real=0.53 secs] 
2021-03-22T17:54:25.586+0800: 2.593: [Full GC (Allocation Failure) 2021-03-22T17:54:25.586+0800: 2.594: [Tenured: 174783K->174783K(174784K), 0.7361446 secs] 253439K->236993K(253440K), [Metaspace: 2807K->2807K(1056768K)], 0.7362848 secs] [Times: user=0.73 sys=0.00, real=0.74 secs] 
2021-03-22T17:54:26.433+0800: 3.441: [Full GC (Allocation Failure) 2021-03-22T17:54:26.433+0800: 3.441: [Tenured: 174783K->174784K(174784K), 0.7706284 secs] 253439K->246060K(253440K), [Metaspace: 2807K->2807K(1056768K)], 0.7706906 secs] [Times: user=0.76 sys=0.00, real=0.77 secs] 
2021-03-22T17:54:27.273+0800: 4.280: [Full GC (Allocation Failure) 2021-03-22T17:54:27.273+0800: 4.280: [Tenured: 174784K->174784K(174784K), 0.8260962 secs] 253440K->251969K(253440K), [Metaspace: 2807K->2807K(1056768K)], 0.8261710 secs] [Times: user=0.80 sys=0.03, real=0.83 secs] 
2021-03-22T17:54:28.112+0800: 5.120: [Full GC (Allocation Failure) 2021-03-22T17:54:28.112+0800: 5.120: [Tenured: 174784K->174784K(174784K), 0.8139802 secs] 253440K->253146K(253440K), [Metaspace: 2807K->2807K(1056768K)], 0.8140373 secs] [Times: user=0.83 sys=0.00, real=0.82 secs] 
2021-03-22T17:54:28.929+0800: 5.936: [Full GC (Allocation Failure) 2021-03-22T17:54:28.929+0800: 5.936: [Tenured: 174784K->174784K(174784K), 0.8213659 secs] 253439K->253381K(253440K), [Metaspace: 2807K->2807K(1056768K)], 0.8214237 secs] [Times: user=0.75 sys=0.06, real=0.82 secs] 
2021-03-22T17:54:29.752+0800: 6.758: [Full GC (Allocation Failure) 2021-03-22T17:54:29.752+0800: 6.759: [Tenured: 174784K->174784K(174784K), 0.8414577 secs] 253440K->253428K(253440K), [Metaspace: 2807K->2807K(1056768K)], 0.8415104 secs] [Times: user=0.81 sys=0.03, real=0.84 secs] 
2021-03-22T17:54:30.593+0800: 7.600: [Full GC (Allocation Failure) 2021-03-22T17:54:30.593+0800: 7.600: [Tenured: 174784K->174784K(174784K), 0.8379886 secs] 253440K->253437K(253440K), [Metaspace: 2807K->2807K(1056768K)], 0.8380353 secs] [Times: user=0.80 sys=0.05, real=0.84 secs] 
2021-03-22T17:54:31.431+0800: 8.439: [Full GC (Allocation Failure) 2021-03-22T17:54:31.431+0800: 8.439: [Tenured: 174784K->174784K(174784K), 0.9146195 secs] 253440K->253439K(253440K), [Metaspace: 2807K->2807K(1056768K)], 0.9146649 secs] [Times: user=0.83 sys=0.08, real=0.91 secs] 
2021-03-22T17:54:32.346+0800: 9.354: [Full GC (Allocation Failure) 2021-03-22T17:54:32.346+0800: 9.354: [Tenured: 174784K->174784K(174784K), 0.9061879 secs] 253440K->253439K(253440K), [Metaspace: 2807K->2807K(1056768K)], 0.9062355 secs] [Times: user=0.86 sys=0.05, real=0.91 secs] 
2021-03-22T17:54:33.252+0800: 10.260: [Full GC (Allocation Failure) 2021-03-22T17:54:33.252+0800: 10.260: [Tenured: 174784K->174783K(174784K), 1.0760187 secs] 253440K->253427K(253440K), [Metaspace: 2807K->2807K(1056768K)], 1.0760695 secs] [Times: user=0.95 sys=0.11, real=1.08 secs] 
2021-03-22T17:54:34.328+0800: 11.336: [Full GC (Allocation Failure) 2021-03-22T17:54:34.329+0800: 11.336: [Tenured: 174783K->174783K(174784K), 0.8542108 secs] 253439K->253437K(253440K), [Metaspace: 2807K->2807K(1056768K)], 0.8542672 secs] [Times: user=0.80 sys=0.06, real=0.86 secs] 
2021-03-22T17:54:35.183+0800: 12.191: [Full GC (Allocation Failure) 2021-03-22T17:54:35.183+0800: 12.191: [Tenured: 174783K->174783K(174784K), 0.8375436 secs] 253439K->253439K(253440K), [Metaspace: 2807K->2807K(1056768K)], 0.8375888 secs] [Times: user=0.81 sys=0.03, real=0.84 secs] 
2021-03-22T17:54:36.021+0800: 13.028: [Full GC (Allocation Failure) 2021-03-22T17:54:36.021+0800: 13.029: [Tenured: 174783K->174783K(174784K), 0.8137230 secs] 253439K->253439K(253440K), [Metaspace: 2807K->2807K(1056768K)], 0.8137691 secs] [Times: user=0.77 sys=0.05, real=0.81 secs] 
2021-03-22T17:54:36.835+0800: 13.842: [Full GC (Allocation Failure) 2021-03-22T17:54:36.835+0800: 13.842: [Tenured: 174783K->174783K(174784K), 0.8124847 secs] 253439K->253439K(253440K), [Metaspace: 2807K->2807K(1056768K)], 0.8125430 secs] [Times: user=0.80 sys=0.02, real=0.81 secs] 
2021-03-22T17:54:37.647+0800: 14.655: [Full GC (Allocation Failure) 2021-03-22T17:54:37.647+0800: 14.655: [Tenured: 174783K->174783K(174784K), 0.8297771 secs] 253439K->253439K(253440K), [Metaspace: 2807K->2807K(1056768K)], 0.8298138 secs] [Times: user=0.81 sys=0.02, real=0.83 secs] 
2021-03-22T17:54:38.478+0800: 15.485: [Full GC (Allocation Failure) 2021-03-22T17:54:38.478+0800: 15.485: [Tenured: 174783K->6152K(174784K), 0.0596998 secs] 253439K->6152K(253440K), [Metaspace: 2807K->2807K(1056768K)], 0.0597561 secs] [Times: user=0.06 sys=0.00, real=0.06 secs] 
Heap
 def new generation   total 78656K, used 1848K [0x00000000f0000000, 0x00000000f5550000, 0x00000000f5550000)
  eden space 69952K,   2% used [0x00000000f0000000, 0x00000000f01ce298, 0x00000000f4450000)
  from space 8704K,   0% used [0x00000000f4450000, 0x00000000f4450000, 0x00000000f4cd0000)
  to   space 8704K,   0% used [0x00000000f4cd0000, 0x00000000f4cd0000, 0x00000000f5550000)
 tenured generation   total 174784K, used 6152K [0x00000000f5550000, 0x0000000100000000, 0x0000000100000000)
   the space 174784K,   3% used [0x00000000f5550000, 0x00000000f5b522a0, 0x00000000f5b52400, 0x0000000100000000)
 Metaspace       used 2838K, capacity 4486K, committed 4864K, reserved 1056768K
  class space    used 301K, capacity 386K, committed 512K, reserved 1048576K
