Java HotSpot(TM) 64-Bit Server VM (25.171-b11) for windows-amd64 JRE (1.8.0_171-b11), built on Mar 28 2018 16:06:12 by "java_re" with MS VC++ 10.0 (VS2010)
Memory: 4k page, physical 12484812k(3579200k free), swap 22058784k(6473456k free)
CommandLine flags: -XX:InitialHeapSize=134217728 -XX:MaxHeapSize=268435456 -XX:+PrintGC -XX:+PrintGCDateStamps -XX:+PrintGCDetails -XX:+PrintGCTimeStamps -XX:+UseCompressedClassPointers -XX:+UseCompressedOops -XX:-UseLargePagesIndividualAllocation -XX:+UseSerialGC 
2021-03-22T17:58:45.724+0800: 0.194: [GC (Allocation Failure) 2021-03-22T17:58:45.725+0800: 0.194: [DefNew: 34944K->1960K(39296K), 0.0031181 secs] 34944K->1960K(126720K), 0.0034438 secs] [Times: user=0.00 sys=0.00, real=0.00 secs] 
2021-03-22T17:58:45.807+0800: 0.277: [GC (Allocation Failure) 2021-03-22T17:58:45.807+0800: 0.277: [DefNew: 36904K->1956K(39296K), 0.0027314 secs] 36904K->1956K(126720K), 0.0028080 secs] [Times: user=0.00 sys=0.00, real=0.00 secs] 
2021-03-22T17:58:45.885+0800: 0.354: [GC (Allocation Failure) 2021-03-22T17:58:45.885+0800: 0.354: [DefNew: 36900K->1956K(39296K), 0.0019282 secs] 36900K->1956K(126720K), 0.0020201 secs] [Times: user=0.00 sys=0.00, real=0.00 secs] 
2021-03-22T17:58:45.947+0800: 0.417: [GC (Allocation Failure) 2021-03-22T17:58:45.947+0800: 0.417: [DefNew: 36900K->1956K(39296K), 0.0020984 secs] 36900K->1956K(126720K), 0.0021474 secs] [Times: user=0.00 sys=0.00, real=0.00 secs] 
2021-03-22T17:58:46.014+0800: 0.483: [GC (Allocation Failure) 2021-03-22T17:58:46.014+0800: 0.483: [DefNew: 36900K->1956K(39296K), 0.0018864 secs] 36900K->1956K(126720K), 0.0019415 secs] [Times: user=0.00 sys=0.00, real=0.00 secs] 
2021-03-22T17:58:46.075+0800: 0.545: [GC (Allocation Failure) 2021-03-22T17:58:46.075+0800: 0.545: [DefNew: 36900K->1956K(39296K), 0.0019199 secs] 36900K->1956K(126720K), 0.0019705 secs] [Times: user=0.00 sys=0.00, real=0.00 secs] 
2021-03-22T17:58:46.134+0800: 0.604: [GC (Allocation Failure) 2021-03-22T17:58:46.134+0800: 0.604: [DefNew: 36900K->1956K(39296K), 0.0018671 secs] 36900K->1956K(126720K), 0.0019094 secs] [Times: user=0.00 sys=0.00, real=0.00 secs] 
2021-03-22T17:58:46.191+0800: 0.660: [GC (Allocation Failure) 2021-03-22T17:58:46.191+0800: 0.660: [DefNew: 36900K->1956K(39296K), 0.0020762 secs] 36900K->1956K(126720K), 0.0021390 secs] [Times: user=0.00 sys=0.00, real=0.00 secs] 
2021-03-22T17:58:46.245+0800: 0.714: [GC (Allocation Failure) 2021-03-22T17:58:46.245+0800: 0.714: [DefNew: 36900K->1956K(39296K), 0.0020072 secs] 36900K->1956K(126720K), 0.0020570 secs] [Times: user=0.00 sys=0.00, real=0.00 secs] 
2021-03-22T17:58:46.300+0800: 0.769: [GC (Allocation Failure) 2021-03-22T17:58:46.300+0800: 0.769: [DefNew: 36900K->1956K(39296K), 0.0019206 secs] 36900K->1956K(126720K), 0.0019758 secs] [Times: user=0.02 sys=0.00, real=0.00 secs] 
2021-03-22T17:58:46.368+0800: 0.838: [GC (Allocation Failure) 2021-03-22T17:58:46.368+0800: 0.838: [DefNew: 36900K->1956K(39296K), 0.0018489 secs] 36900K->1956K(126720K), 0.0018927 secs] [Times: user=0.00 sys=0.00, real=0.00 secs] 
2021-03-22T17:58:46.426+0800: 0.896: [GC (Allocation Failure) 2021-03-22T17:58:46.426+0800: 0.896: [DefNew: 36900K->1956K(39296K), 0.0020793 secs] 36900K->1956K(126720K), 0.0021351 secs] [Times: user=0.00 sys=0.00, real=0.00 secs] 
2021-03-22T17:58:46.483+0800: 0.952: [GC (Allocation Failure) 2021-03-22T17:58:46.483+0800: 0.952: [DefNew: 36900K->1957K(39296K), 0.0021445 secs] 36900K->1957K(126720K), 0.0021977 secs] [Times: user=0.00 sys=0.00, real=0.00 secs] 
2021-03-22T17:58:46.539+0800: 1.008: [GC (Allocation Failure) 2021-03-22T17:58:46.539+0800: 1.008: [DefNew: 36901K->1957K(39296K), 0.0019692 secs] 36901K->1957K(126720K), 0.0020297 secs] [Times: user=0.00 sys=0.00, real=0.00 secs] 
2021-03-22T17:58:46.656+0800: 1.125: [GC (Allocation Failure) 2021-03-22T17:58:46.656+0800: 1.125: [DefNew: 36901K->1957K(39296K), 0.0020791 secs] 36901K->1957K(126720K), 0.0021495 secs] [Times: user=0.00 sys=0.00, real=0.00 secs] 
2021-03-22T17:58:46.723+0800: 1.193: [GC (Allocation Failure) 2021-03-22T17:58:46.724+0800: 1.193: [DefNew: 36901K->0K(39296K), 0.0028570 secs] 36901K->1957K(126720K), 0.0029202 secs] [Times: user=0.00 sys=0.00, real=0.00 secs] 
2021-03-22T17:58:46.780+0800: 1.250: [GC (Allocation Failure) 2021-03-22T17:58:46.780+0800: 1.250: [DefNew: 34944K->0K(39296K), 0.0002238 secs] 36901K->1957K(126720K), 0.0002777 secs] [Times: user=0.00 sys=0.00, real=0.00 secs] 
2021-03-22T17:58:46.844+0800: 1.313: [GC (Allocation Failure) 2021-03-22T17:58:46.844+0800: 1.313: [DefNew: 34944K->0K(39296K), 0.0002248 secs] 36901K->1957K(126720K), 0.0002665 secs] [Times: user=0.00 sys=0.00, real=0.00 secs] 
2021-03-22T17:58:46.896+0800: 1.365: [GC (Allocation Failure) 2021-03-22T17:58:46.896+0800: 1.365: [DefNew: 34944K->0K(39296K), 0.0002194 secs] 36901K->1957K(126720K), 0.0002581 secs] [Times: user=0.00 sys=0.00, real=0.00 secs] 
2021-03-22T17:58:46.949+0800: 1.418: [GC (Allocation Failure) 2021-03-22T17:58:46.949+0800: 1.418: [DefNew: 34944K->0K(39296K), 0.0003133 secs] 36901K->1957K(126720K), 0.0003695 secs] [Times: user=0.00 sys=0.00, real=0.00 secs] 
2021-03-22T17:58:47.003+0800: 1.472: [GC (Allocation Failure) 2021-03-22T17:58:47.003+0800: 1.472: [DefNew: 34944K->0K(39296K), 0.0001990 secs] 36901K->1957K(126720K), 0.0002362 secs] [Times: user=0.02 sys=0.00, real=0.00 secs] 
2021-03-22T17:58:47.061+0800: 1.531: [GC (Allocation Failure) 2021-03-22T17:58:47.061+0800: 1.531: [DefNew: 34944K->0K(39296K), 0.0003762 secs] 36901K->1957K(126720K), 0.0004199 secs] [Times: user=0.00 sys=0.00, real=0.00 secs] 
2021-03-22T17:58:47.149+0800: 1.619: [GC (Allocation Failure) 2021-03-22T17:58:47.149+0800: 1.619: [DefNew: 34944K->0K(39296K), 0.0002790 secs] 36901K->1957K(126720K), 0.0003637 secs] [Times: user=0.00 sys=0.00, real=0.00 secs] 
2021-03-22T17:58:47.217+0800: 1.686: [GC (Allocation Failure) 2021-03-22T17:58:47.217+0800: 1.686: [DefNew: 34944K->0K(39296K), 0.0002670 secs] 36901K->1957K(126720K), 0.0003124 secs] [Times: user=0.00 sys=0.00, real=0.00 secs] 
2021-03-22T17:58:47.281+0800: 1.750: [GC (Allocation Failure) 2021-03-22T17:58:47.281+0800: 1.750: [DefNew: 34944K->0K(39296K), 0.0002952 secs] 36901K->1957K(126720K), 0.0003507 secs] [Times: user=0.00 sys=0.00, real=0.00 secs] 
2021-03-22T17:58:47.355+0800: 1.824: [GC (Allocation Failure) 2021-03-22T17:58:47.355+0800: 1.824: [DefNew: 34944K->0K(39296K), 0.0002373 secs] 36901K->1957K(126720K), 0.0002721 secs] [Times: user=0.00 sys=0.00, real=0.00 secs] 
2021-03-22T17:58:47.413+0800: 1.882: [GC (Allocation Failure) 2021-03-22T17:58:47.413+0800: 1.882: [DefNew: 34944K->0K(39296K), 0.0001978 secs] 36901K->1957K(126720K), 0.0002363 secs] [Times: user=0.00 sys=0.00, real=0.00 secs] 
2021-03-22T17:58:47.470+0800: 1.940: [GC (Allocation Failure) 2021-03-22T17:58:47.470+0800: 1.940: [DefNew: 34944K->0K(39296K), 0.0002566 secs] 36901K->1957K(126720K), 0.0003203 secs] [Times: user=0.00 sys=0.00, real=0.00 secs] 
2021-03-22T17:58:47.532+0800: 2.002: [GC (Allocation Failure) 2021-03-22T17:58:47.532+0800: 2.002: [DefNew: 35072K->0K(39424K), 0.0001947 secs] 37029K->1957K(126848K), 0.0002343 secs] [Times: user=0.00 sys=0.00, real=0.00 secs] 
2021-03-22T17:58:47.599+0800: 2.069: [GC (Allocation Failure) 2021-03-22T17:58:47.599+0800: 2.069: [DefNew: 35072K->0K(39424K), 0.0004424 secs] 37029K->1957K(126848K), 0.0005002 secs] [Times: user=0.00 sys=0.00, real=0.00 secs] 
2021-03-22T17:58:47.661+0800: 2.131: [GC (Allocation Failure) 2021-03-22T17:58:47.661+0800: 2.131: [DefNew: 35072K->0K(39424K), 0.0002838 secs] 37029K->1957K(126848K), 0.0003200 secs] [Times: user=0.00 sys=0.00, real=0.00 secs] 
2021-03-22T17:58:47.715+0800: 2.184: [GC (Allocation Failure) 2021-03-22T17:58:47.715+0800: 2.184: [DefNew: 35072K->0K(39424K), 0.0002051 secs] 37029K->1957K(126848K), 0.0002543 secs] [Times: user=0.00 sys=0.00, real=0.00 secs] 
2021-03-22T17:58:47.770+0800: 2.239: [GC (Allocation Failure) 2021-03-22T17:58:47.770+0800: 2.239: [DefNew: 35072K->0K(39424K), 0.0002353 secs] 37029K->1957K(126848K), 0.0002730 secs] [Times: user=0.00 sys=0.00, real=0.00 secs] 
2021-03-22T17:58:47.822+0800: 2.292: [GC (Allocation Failure) 2021-03-22T17:58:47.822+0800: 2.292: [DefNew: 35072K->0K(39424K), 0.0002091 secs] 37029K->1957K(126848K), 0.0002877 secs] [Times: user=0.00 sys=0.00, real=0.00 secs] 
2021-03-22T17:58:47.897+0800: 2.366: [GC (Allocation Failure) 2021-03-22T17:58:47.897+0800: 2.366: [DefNew: 35072K->0K(39424K), 0.0002506 secs] 37029K->1957K(126848K), 0.0002909 secs] [Times: user=0.00 sys=0.00, real=0.00 secs] 
2021-03-22T17:58:47.996+0800: 2.466: [GC (Allocation Failure) 2021-03-22T17:58:47.996+0800: 2.466: [DefNew: 35072K->0K(39424K), 0.0002347 secs] 37029K->1957K(126848K), 0.0002743 secs] [Times: user=0.00 sys=0.00, real=0.00 secs] 
2021-03-22T17:58:48.051+0800: 2.521: [GC (Allocation Failure) 2021-03-22T17:58:48.051+0800: 2.521: [DefNew: 35072K->0K(39424K), 0.0002760 secs] 37029K->1957K(126848K), 0.0003173 secs] [Times: user=0.00 sys=0.00, real=0.00 secs] 
2021-03-22T17:58:48.120+0800: 2.589: [GC (Allocation Failure) 2021-03-22T17:58:48.120+0800: 2.589: [DefNew: 35072K->0K(39424K), 0.0002424 secs] 37029K->1957K(126848K), 0.0002865 secs] [Times: user=0.00 sys=0.00, real=0.00 secs] 
2021-03-22T17:58:48.178+0800: 2.648: [GC (Allocation Failure) 2021-03-22T17:58:48.178+0800: 2.648: [DefNew: 35072K->0K(39424K), 0.0002224 secs] 37029K->1957K(126848K), 0.0002711 secs] [Times: user=0.00 sys=0.00, real=0.00 secs] 
2021-03-22T17:58:48.199+0800: 2.669: [GC (Allocation Failure) 2021-03-22T17:58:48.199+0800: 2.669: [DefNew: 35072K->0K(39424K), 0.0002265 secs] 37029K->1957K(126848K), 0.0002616 secs] [Times: user=0.00 sys=0.00, real=0.00 secs] 
2021-03-22T17:58:48.222+0800: 2.692: [GC (Allocation Failure) 2021-03-22T17:58:48.222+0800: 2.692: [DefNew: 35072K->0K(39424K), 0.0001955 secs] 37029K->1957K(126848K), 0.0002354 secs] [Times: user=0.00 sys=0.00, real=0.00 secs] 
2021-03-22T17:58:48.246+0800: 2.716: [GC (Allocation Failure) 2021-03-22T17:58:48.246+0800: 2.716: [DefNew: 35072K->0K(39424K), 0.0002074 secs] 37029K->1957K(126848K), 0.0002417 secs] [Times: user=0.00 sys=0.00, real=0.00 secs] 
2021-03-22T17:58:48.273+0800: 2.742: [GC (Allocation Failure) 2021-03-22T17:58:48.273+0800: 2.743: [DefNew: 35072K->0K(39424K), 0.0004032 secs] 37029K->1957K(126848K), 0.0004759 secs] [Times: user=0.00 sys=0.00, real=0.00 secs] 
2021-03-22T17:58:48.296+0800: 2.766: [GC (Allocation Failure) 2021-03-22T17:58:48.296+0800: 2.766: [DefNew: 35072K->0K(39424K), 0.0003435 secs] 37029K->1957K(126848K), 0.0003860 secs] [Times: user=0.00 sys=0.00, real=0.00 secs] 
2021-03-22T17:58:48.320+0800: 2.790: [GC (Allocation Failure) 2021-03-22T17:58:48.320+0800: 2.790: [DefNew: 35072K->0K(39424K), 0.0003382 secs] 37029K->1957K(126848K), 0.0003810 secs] [Times: user=0.00 sys=0.00, real=0.00 secs] 
2021-03-22T17:58:48.355+0800: 2.825: [GC (Allocation Failure) 2021-03-22T17:58:48.356+0800: 2.825: [DefNew: 35072K->0K(39424K), 0.0002999 secs] 37029K->1957K(126848K), 0.0003645 secs] [Times: user=0.00 sys=0.00, real=0.00 secs] 
2021-03-22T17:58:48.381+0800: 2.850: [GC (Allocation Failure) 2021-03-22T17:58:48.381+0800: 2.850: [DefNew: 35072K->0K(39424K), 0.0002214 secs] 37029K->1957K(126848K), 0.0002623 secs] [Times: user=0.00 sys=0.00, real=0.00 secs] 
2021-03-22T17:58:48.404+0800: 2.874: [GC (Allocation Failure) 2021-03-22T17:58:48.404+0800: 2.874: [DefNew: 35072K->0K(39424K), 0.0001893 secs] 37029K->1957K(126848K), 0.0002281 secs] [Times: user=0.00 sys=0.00, real=0.00 secs] 
2021-03-22T17:58:48.427+0800: 2.896: [GC (Allocation Failure) 2021-03-22T17:58:48.427+0800: 2.896: [DefNew: 35072K->0K(39424K), 0.0002241 secs] 37029K->1957K(126848K), 0.0002623 secs] [Times: user=0.00 sys=0.00, real=0.00 secs] 
2021-03-22T17:58:48.450+0800: 2.919: [GC (Allocation Failure) 2021-03-22T17:58:48.450+0800: 2.919: [DefNew: 35072K->0K(39424K), 0.0002236 secs] 37029K->1957K(126848K), 0.0002604 secs] [Times: user=0.00 sys=0.00, real=0.00 secs] 
2021-03-22T17:58:48.476+0800: 2.945: [GC (Allocation Failure) 2021-03-22T17:58:48.476+0800: 2.945: [DefNew: 35072K->0K(39424K), 0.0001902 secs] 37029K->1957K(126848K), 0.0002299 secs] [Times: user=0.00 sys=0.00, real=0.00 secs] 
2021-03-22T17:58:48.501+0800: 2.970: [GC (Allocation Failure) 2021-03-22T17:58:48.501+0800: 2.970: [DefNew: 35072K->0K(39424K), 0.0002244 secs] 37029K->1957K(126848K), 0.0002662 secs] [Times: user=0.00 sys=0.00, real=0.00 secs] 
2021-03-22T17:58:48.523+0800: 2.992: [GC (Allocation Failure) 2021-03-22T17:58:48.523+0800: 2.992: [DefNew: 35072K->0K(39424K), 0.0001893 secs] 37029K->1957K(126848K), 0.0002232 secs] [Times: user=0.00 sys=0.00, real=0.00 secs] 
2021-03-22T17:58:48.549+0800: 3.019: [GC (Allocation Failure) 2021-03-22T17:58:48.549+0800: 3.019: [DefNew: 35072K->0K(39424K), 0.0002215 secs] 37029K->1957K(126848K), 0.0002614 secs] [Times: user=0.00 sys=0.00, real=0.00 secs] 
2021-03-22T17:58:48.576+0800: 3.046: [GC (Allocation Failure) 2021-03-22T17:58:48.576+0800: 3.046: [DefNew: 35072K->0K(39424K), 0.0001870 secs] 37029K->1957K(126848K), 0.0002255 secs] [Times: user=0.00 sys=0.00, real=0.00 secs] 
2021-03-22T17:58:48.611+0800: 3.081: [GC (Allocation Failure) 2021-03-22T17:58:48.611+0800: 3.081: [DefNew: 35072K->0K(39424K), 0.0002225 secs] 37029K->1957K(126848K), 0.0002632 secs] [Times: user=0.00 sys=0.00, real=0.00 secs] 
2021-03-22T17:58:48.637+0800: 3.107: [GC (Allocation Failure) 2021-03-22T17:58:48.637+0800: 3.107: [DefNew: 35072K->0K(39424K), 0.0001933 secs] 37029K->1957K(126848K), 0.0002287 secs] [Times: user=0.00 sys=0.00, real=0.00 secs] 
2021-03-22T17:58:48.660+0800: 3.130: [GC (Allocation Failure) 2021-03-22T17:58:48.661+0800: 3.130: [DefNew: 35072K->0K(39424K), 0.0001932 secs] 37029K->1957K(126848K), 0.0002371 secs] [Times: user=0.00 sys=0.00, real=0.00 secs] 
2021-03-22T17:58:48.685+0800: 3.155: [GC (Allocation Failure) 2021-03-22T17:58:48.685+0800: 3.155: [DefNew: 35072K->0K(39424K), 0.0001949 secs] 37029K->1957K(126848K), 0.0002386 secs] [Times: user=0.00 sys=0.00, real=0.00 secs] 
2021-03-22T17:58:48.713+0800: 3.183: [GC (Allocation Failure) 2021-03-22T17:58:48.713+0800: 3.183: [DefNew: 35072K->0K(39424K), 0.0002188 secs] 37029K->1957K(126848K), 0.0002765 secs] [Times: user=0.00 sys=0.00, real=0.00 secs] 
2021-03-22T17:58:48.737+0800: 3.206: [GC (Allocation Failure) 2021-03-22T17:58:48.737+0800: 3.206: [DefNew: 35072K->0K(39424K), 0.0003569 secs] 37029K->1957K(126848K), 0.0003975 secs] [Times: user=0.00 sys=0.00, real=0.00 secs] 
2021-03-22T17:58:48.761+0800: 3.230: [GC (Allocation Failure) 2021-03-22T17:58:48.761+0800: 3.230: [DefNew: 35072K->0K(39424K), 0.0002598 secs] 37029K->1957K(126848K), 0.0003067 secs] [Times: user=0.00 sys=0.00, real=0.00 secs] 
2021-03-22T17:58:48.785+0800: 3.254: [GC (Allocation Failure) 2021-03-22T17:58:48.785+0800: 3.254: [DefNew: 35072K->0K(39424K), 0.0003461 secs] 37029K->1957K(126848K), 0.0003848 secs] [Times: user=0.00 sys=0.00, real=0.00 secs] 
2021-03-22T17:58:48.809+0800: 3.278: [GC (Allocation Failure) 2021-03-22T17:58:48.809+0800: 3.278: [DefNew: 35072K->0K(39424K), 0.0002705 secs] 37029K->1957K(126848K), 0.0003270 secs] [Times: user=0.00 sys=0.00, real=0.00 secs] 
2021-03-22T17:58:48.834+0800: 3.304: [GC (Allocation Failure) 2021-03-22T17:58:48.834+0800: 3.304: [DefNew: 35072K->0K(39424K), 0.0002867 secs] 37029K->1957K(126848K), 0.0003690 secs] [Times: user=0.00 sys=0.00, real=0.00 secs] 
2021-03-22T17:58:48.870+0800: 3.339: [GC (Allocation Failure) 2021-03-22T17:58:48.870+0800: 3.339: [DefNew: 35072K->0K(39424K), 0.0001989 secs] 37029K->1957K(126848K), 0.0002379 secs] [Times: user=0.00 sys=0.00, real=0.00 secs] 
2021-03-22T17:58:48.893+0800: 3.362: [GC (Allocation Failure) 2021-03-22T17:58:48.893+0800: 3.362: [DefNew: 35072K->0K(39424K), 0.0002147 secs] 37029K->1957K(126848K), 0.0002543 secs] [Times: user=0.00 sys=0.00, real=0.00 secs] 
2021-03-22T17:58:48.917+0800: 3.386: [GC (Allocation Failure) 2021-03-22T17:58:48.917+0800: 3.386: [DefNew: 35072K->0K(39424K), 0.0002250 secs] 37029K->1957K(126848K), 0.0002640 secs] [Times: user=0.00 sys=0.00, real=0.00 secs] 
2021-03-22T17:58:48.939+0800: 3.409: [GC (Allocation Failure) 2021-03-22T17:58:48.939+0800: 3.409: [DefNew: 35072K->0K(39424K), 0.0004156 secs] 37029K->1957K(126848K), 0.0004572 secs] [Times: user=0.00 sys=0.00, real=0.00 secs] 
2021-03-22T17:58:48.963+0800: 3.433: [GC (Allocation Failure) 2021-03-22T17:58:48.963+0800: 3.433: [DefNew: 35072K->0K(39424K), 0.0001903 secs] 37029K->1957K(126848K), 0.0002278 secs] [Times: user=0.00 sys=0.00, real=0.00 secs] 
2021-03-22T17:58:48.987+0800: 3.456: [GC (Allocation Failure) 2021-03-22T17:58:48.987+0800: 3.456: [DefNew: 35072K->0K(39424K), 0.0002070 secs] 37029K->1957K(126848K), 0.0002529 secs] [Times: user=0.00 sys=0.00, real=0.00 secs] 
2021-03-22T17:58:49.010+0800: 3.480: [GC (Allocation Failure) 2021-03-22T17:58:49.010+0800: 3.480: [DefNew: 35072K->0K(39424K), 0.0001914 secs] 37029K->1957K(126848K), 0.0002305 secs] [Times: user=0.00 sys=0.00, real=0.00 secs] 
2021-03-22T17:58:49.032+0800: 3.502: [GC (Allocation Failure) 2021-03-22T17:58:49.032+0800: 3.502: [DefNew: 35072K->0K(39424K), 0.0001921 secs] 37029K->1957K(126848K), 0.0002303 secs] [Times: user=0.00 sys=0.00, real=0.00 secs] 
2021-03-22T17:58:49.061+0800: 3.531: [GC (Allocation Failure) 2021-03-22T17:58:49.061+0800: 3.531: [DefNew: 35072K->0K(39424K), 0.0001842 secs] 37029K->1957K(126848K), 0.0002229 secs] [Times: user=0.00 sys=0.00, real=0.00 secs] 
2021-03-22T17:58:49.099+0800: 3.568: [GC (Allocation Failure) 2021-03-22T17:58:49.099+0800: 3.568: [DefNew: 35072K->0K(39424K), 0.0002966 secs] 37029K->1957K(126848K), 0.0003374 secs] [Times: user=0.00 sys=0.00, real=0.00 secs] 
2021-03-22T17:58:49.128+0800: 3.597: [GC (Allocation Failure) 2021-03-22T17:58:49.128+0800: 3.598: [DefNew: 35072K->0K(39424K), 0.0002038 secs] 37029K->1957K(126848K), 0.0002440 secs] [Times: user=0.00 sys=0.00, real=0.00 secs] 
2021-03-22T17:58:49.163+0800: 3.633: [GC (Allocation Failure) 2021-03-22T17:58:49.163+0800: 3.633: [DefNew: 35072K->0K(39424K), 0.0002456 secs] 37029K->1957K(126848K), 0.0003029 secs] [Times: user=0.00 sys=0.00, real=0.00 secs] 
2021-03-22T17:58:49.234+0800: 3.703: [GC (Allocation Failure) 2021-03-22T17:58:49.234+0800: 3.703: [DefNew: 35072K->0K(39424K), 0.0002158 secs] 37029K->1957K(126848K), 0.0002551 secs] [Times: user=0.00 sys=0.00, real=0.00 secs] 
2021-03-22T17:58:49.271+0800: 3.740: [GC (Allocation Failure) 2021-03-22T17:58:49.272+0800: 3.741: [DefNew: 35072K->0K(39424K), 0.0002368 secs] 37029K->1957K(126848K), 0.0002775 secs] [Times: user=0.00 sys=0.00, real=0.00 secs] 
2021-03-22T17:58:49.310+0800: 3.779: [GC (Allocation Failure) 2021-03-22T17:58:49.310+0800: 3.780: [DefNew: 35072K->0K(39424K), 0.0001905 secs] 37029K->1957K(126848K), 0.0002408 secs] [Times: user=0.00 sys=0.00, real=0.00 secs] 
2021-03-22T17:58:49.336+0800: 3.806: [GC (Allocation Failure) 2021-03-22T17:58:49.336+0800: 3.806: [DefNew: 35072K->0K(39424K), 0.0002299 secs] 37029K->1957K(126848K), 0.0003135 secs] [Times: user=0.00 sys=0.00, real=0.00 secs] 
2021-03-22T17:58:49.384+0800: 3.854: [GC (Allocation Failure) 2021-03-22T17:58:49.384+0800: 3.854: [DefNew: 35072K->0K(39424K), 0.0002132 secs] 37029K->1957K(126848K), 0.0002471 secs] [Times: user=0.00 sys=0.00, real=0.00 secs] 
2021-03-22T17:58:49.410+0800: 3.880: [GC (Allocation Failure) 2021-03-22T17:58:49.410+0800: 3.880: [DefNew: 35072K->0K(39424K), 0.0002228 secs] 37029K->1957K(126848K), 0.0002615 secs] [Times: user=0.00 sys=0.00, real=0.00 secs] 
2021-03-22T17:58:49.433+0800: 3.903: [GC (Allocation Failure) 2021-03-22T17:58:49.433+0800: 3.903: [DefNew: 35072K->0K(39424K), 0.0002023 secs] 37029K->1957K(126848K), 0.0002420 secs] [Times: user=0.00 sys=0.00, real=0.00 secs] 
2021-03-22T17:58:49.455+0800: 3.924: [GC (Allocation Failure) 2021-03-22T17:58:49.455+0800: 3.924: [DefNew: 35072K->0K(39424K), 0.0001910 secs] 37029K->1957K(126848K), 0.0002285 secs] [Times: user=0.00 sys=0.00, real=0.00 secs] 
2021-03-22T17:58:49.483+0800: 3.953: [GC (Allocation Failure) 2021-03-22T17:58:49.483+0800: 3.953: [DefNew: 35072K->0K(39424K), 0.0001946 secs] 37029K->1957K(126848K), 0.0002329 secs] [Times: user=0.00 sys=0.00, real=0.00 secs] 
2021-03-22T17:58:49.507+0800: 3.976: [GC (Allocation Failure) 2021-03-22T17:58:49.507+0800: 3.976: [DefNew: 35072K->0K(39424K), 0.0002537 secs] 37029K->1957K(126848K), 0.0003313 secs] [Times: user=0.00 sys=0.00, real=0.00 secs] 
2021-03-22T17:58:49.534+0800: 4.004: [GC (Allocation Failure) 2021-03-22T17:58:49.534+0800: 4.004: [DefNew: 35072K->0K(39424K), 0.0001895 secs] 37029K->1957K(126848K), 0.0002270 secs] [Times: user=0.00 sys=0.00, real=0.00 secs] 
2021-03-22T17:58:49.561+0800: 4.030: [GC (Allocation Failure) 2021-03-22T17:58:49.561+0800: 4.030: [DefNew: 35072K->0K(39424K), 0.0001912 secs] 37029K->1957K(126848K), 0.0002300 secs] [Times: user=0.00 sys=0.00, real=0.00 secs] 
2021-03-22T17:58:49.585+0800: 4.054: [GC (Allocation Failure) 2021-03-22T17:58:49.585+0800: 4.054: [DefNew: 35072K->0K(39424K), 0.0002358 secs] 37029K->1957K(126848K), 0.0002841 secs] [Times: user=0.00 sys=0.00, real=0.00 secs] 
2021-03-22T17:58:49.622+0800: 4.091: [GC (Allocation Failure) 2021-03-22T17:58:49.622+0800: 4.091: [DefNew: 35072K->0K(39424K), 0.0001981 secs] 37029K->1957K(126848K), 0.0002612 secs] [Times: user=0.00 sys=0.00, real=0.00 secs] 
2021-03-22T17:58:49.646+0800: 4.115: [GC (Allocation Failure) 2021-03-22T17:58:49.646+0800: 4.115: [DefNew: 35072K->0K(39424K), 0.0002432 secs] 37029K->1957K(126848K), 0.0002817 secs] [Times: user=0.00 sys=0.00, real=0.00 secs] 
2021-03-22T17:58:49.670+0800: 4.140: [GC (Allocation Failure) 2021-03-22T17:58:49.670+0800: 4.140: [DefNew: 35072K->0K(39424K), 0.0001912 secs] 37029K->1957K(126848K), 0.0002293 secs] [Times: user=0.00 sys=0.00, real=0.00 secs] 
2021-03-22T17:58:49.698+0800: 4.168: [GC (Allocation Failure) 2021-03-22T17:58:49.698+0800: 4.168: [DefNew: 35072K->0K(39424K), 0.0002473 secs] 37029K->1957K(126848K), 0.0003005 secs] [Times: user=0.00 sys=0.00, real=0.00 secs] 
2021-03-22T17:58:49.725+0800: 4.195: [GC (Allocation Failure) 2021-03-22T17:58:49.725+0800: 4.195: [DefNew: 35072K->0K(39424K), 0.0003210 secs] 37029K->1957K(126848K), 0.0003915 secs] [Times: user=0.00 sys=0.00, real=0.00 secs] 
2021-03-22T17:58:49.751+0800: 4.221: [GC (Allocation Failure) 2021-03-22T17:58:49.751+0800: 4.221: [DefNew: 35072K->0K(39424K), 0.0002145 secs] 37029K->1957K(126848K), 0.0002703 secs] [Times: user=0.00 sys=0.00, real=0.00 secs] 
2021-03-22T17:58:49.776+0800: 4.246: [GC (Allocation Failure) 2021-03-22T17:58:49.776+0800: 4.246: [DefNew: 35072K->0K(39424K), 0.0001884 secs] 37029K->1957K(126848K), 0.0002484 secs] [Times: user=0.00 sys=0.00, real=0.00 secs] 
2021-03-22T17:58:49.801+0800: 4.271: [GC (Allocation Failure) 2021-03-22T17:58:49.801+0800: 4.271: [DefNew: 35072K->0K(39424K), 0.0003502 secs] 37029K->1957K(126848K), 0.0004380 secs] [Times: user=0.00 sys=0.00, real=0.00 secs] 
2021-03-22T17:58:49.827+0800: 4.297: [GC (Allocation Failure) 2021-03-22T17:58:49.827+0800: 4.297: [DefNew: 35072K->0K(39424K), 0.0001976 secs] 37029K->1957K(126848K), 0.0002353 secs] [Times: user=0.00 sys=0.00, real=0.00 secs] 
2021-03-22T17:58:49.864+0800: 4.333: [GC (Allocation Failure) 2021-03-22T17:58:49.864+0800: 4.333: [DefNew: 35072K->0K(39424K), 0.0004191 secs] 37029K->1957K(126848K), 0.0005164 secs] [Times: user=0.00 sys=0.00, real=0.00 secs] 
2021-03-22T17:58:49.893+0800: 4.362: [GC (Allocation Failure) 2021-03-22T17:58:49.893+0800: 4.362: [DefNew: 35072K->0K(39424K), 0.0002148 secs] 37029K->1957K(126848K), 0.0002527 secs] [Times: user=0.00 sys=0.00, real=0.00 secs] 
2021-03-22T17:58:49.918+0800: 4.387: [GC (Allocation Failure) 2021-03-22T17:58:49.918+0800: 4.388: [DefNew: 35072K->0K(39424K), 0.0001896 secs] 37029K->1957K(126848K), 0.0002267 secs] [Times: user=0.00 sys=0.00, real=0.00 secs] 
2021-03-22T17:58:49.945+0800: 4.414: [GC (Allocation Failure) 2021-03-22T17:58:49.945+0800: 4.414: [DefNew: 35072K->0K(39424K), 0.0002223 secs] 37029K->1957K(126848K), 0.0002588 secs] [Times: user=0.00 sys=0.00, real=0.00 secs] 
2021-03-22T17:58:49.969+0800: 4.438: [GC (Allocation Failure) 2021-03-22T17:58:49.969+0800: 4.438: [DefNew: 35072K->0K(39424K), 0.0001900 secs] 37029K->1957K(126848K), 0.0002259 secs] [Times: user=0.00 sys=0.00, real=0.00 secs] 
2021-03-22T17:58:49.997+0800: 4.466: [GC (Allocation Failure) 2021-03-22T17:58:49.997+0800: 4.466: [DefNew: 35072K->0K(39424K), 0.0002360 secs] 37029K->1957K(126848K), 0.0003035 secs] [Times: user=0.00 sys=0.00, real=0.00 secs] 
2021-03-22T17:58:50.020+0800: 4.489: [GC (Allocation Failure) 2021-03-22T17:58:50.020+0800: 4.489: [DefNew: 35072K->0K(39424K), 0.0002476 secs] 37029K->1957K(126848K), 0.0003020 secs] [Times: user=0.00 sys=0.00, real=0.00 secs] 
2021-03-22T17:58:50.048+0800: 4.518: [GC (Allocation Failure) 2021-03-22T17:58:50.048+0800: 4.518: [DefNew: 35072K->0K(39424K), 0.0002157 secs] 37029K->1957K(126848K), 0.0003048 secs] [Times: user=0.00 sys=0.00, real=0.00 secs] 
2021-03-22T17:58:50.076+0800: 4.546: [GC (Allocation Failure) 2021-03-22T17:58:50.076+0800: 4.546: [DefNew: 35072K->0K(39424K), 0.0001919 secs] 37029K->1957K(126848K), 0.0002297 secs] [Times: user=0.00 sys=0.00, real=0.00 secs] 
2021-03-22T17:58:50.111+0800: 4.581: [GC (Allocation Failure) 2021-03-22T17:58:50.111+0800: 4.581: [DefNew: 35072K->0K(39424K), 0.0002790 secs] 37029K->1957K(126848K), 0.0003327 secs] [Times: user=0.00 sys=0.00, real=0.00 secs] 
2021-03-22T17:58:50.138+0800: 4.608: [GC (Allocation Failure) 2021-03-22T17:58:50.138+0800: 4.608: [DefNew: 35072K->0K(39424K), 0.0002864 secs] 37029K->1957K(126848K), 0.0003268 secs] [Times: user=0.00 sys=0.00, real=0.00 secs] 
2021-03-22T17:58:50.162+0800: 4.632: [GC (Allocation Failure) 2021-03-22T17:58:50.162+0800: 4.632: [DefNew: 35072K->0K(39424K), 0.0001873 secs] 37029K->1957K(126848K), 0.0002257 secs] [Times: user=0.00 sys=0.00, real=0.00 secs] 
2021-03-22T17:58:50.187+0800: 4.657: [GC (Allocation Failure) 2021-03-22T17:58:50.188+0800: 4.657: [DefNew: 35072K->0K(39424K), 0.0002105 secs] 37029K->1957K(126848K), 0.0002693 secs] [Times: user=0.00 sys=0.00, real=0.00 secs] 
2021-03-22T17:58:50.213+0800: 4.683: [GC (Allocation Failure) 2021-03-22T17:58:50.213+0800: 4.683: [DefNew: 35072K->0K(39424K), 0.0002550 secs] 37029K->1957K(126848K), 0.0003051 secs] [Times: user=0.00 sys=0.00, real=0.00 secs] 
2021-03-22T17:58:50.239+0800: 4.708: [GC (Allocation Failure) 2021-03-22T17:58:50.239+0800: 4.708: [DefNew: 35072K->0K(39424K), 0.0002781 secs] 37029K->1957K(126848K), 0.0003200 secs] [Times: user=0.00 sys=0.00, real=0.00 secs] 
2021-03-22T17:58:50.264+0800: 4.733: [GC (Allocation Failure) 2021-03-22T17:58:50.264+0800: 4.733: [DefNew: 35072K->0K(39424K), 0.0001901 secs] 37029K->1957K(126848K), 0.0002261 secs] [Times: user=0.00 sys=0.00, real=0.00 secs] 
2021-03-22T17:58:50.288+0800: 4.757: [GC (Allocation Failure) 2021-03-22T17:58:50.288+0800: 4.757: [DefNew: 35072K->0K(39424K), 0.0001883 secs] 37029K->1957K(126848K), 0.0002285 secs] [Times: user=0.00 sys=0.00, real=0.00 secs] 
2021-03-22T17:58:50.314+0800: 4.783: [GC (Allocation Failure) 2021-03-22T17:58:50.314+0800: 4.783: [DefNew: 35072K->0K(39424K), 0.0002083 secs] 37029K->1957K(126848K), 0.0002489 secs] [Times: user=0.00 sys=0.00, real=0.00 secs] 
2021-03-22T17:58:50.340+0800: 4.809: [GC (Allocation Failure) 2021-03-22T17:58:50.340+0800: 4.809: [DefNew: 35072K->0K(39424K), 0.0002601 secs] 37029K->1957K(126848K), 0.0003053 secs] [Times: user=0.00 sys=0.00, real=0.00 secs] 
2021-03-22T17:58:50.382+0800: 4.851: [GC (Allocation Failure) 2021-03-22T17:58:50.382+0800: 4.851: [DefNew: 35072K->0K(39424K), 0.0002027 secs] 37029K->1957K(126848K), 0.0002444 secs] [Times: user=0.00 sys=0.00, real=0.00 secs] 
2021-03-22T17:58:50.407+0800: 4.876: [GC (Allocation Failure) 2021-03-22T17:58:50.407+0800: 4.876: [DefNew: 35072K->0K(39424K), 0.0003785 secs] 37029K->1957K(126848K), 0.0004257 secs] [Times: user=0.00 sys=0.00, real=0.00 secs] 
2021-03-22T17:58:50.432+0800: 4.902: [GC (Allocation Failure) 2021-03-22T17:58:50.432+0800: 4.902: [DefNew: 35072K->0K(39424K), 0.0001880 secs] 37029K->1957K(126848K), 0.0002268 secs] [Times: user=0.00 sys=0.00, real=0.00 secs] 
2021-03-22T17:58:50.455+0800: 4.925: [GC (Allocation Failure) 2021-03-22T17:58:50.455+0800: 4.925: [DefNew: 35072K->0K(39424K), 0.0001929 secs] 37029K->1957K(126848K), 0.0002301 secs] [Times: user=0.00 sys=0.00, real=0.00 secs] 
2021-03-22T17:58:50.483+0800: 4.953: [GC (Allocation Failure) 2021-03-22T17:58:50.483+0800: 4.953: [DefNew: 35072K->0K(39424K), 0.0002404 secs] 37029K->1957K(126848K), 0.0002840 secs] [Times: user=0.00 sys=0.00, real=0.00 secs] 
2021-03-22T17:58:50.516+0800: 4.985: [GC (Allocation Failure) 2021-03-22T17:58:50.516+0800: 4.985: [DefNew: 35072K->0K(39424K), 0.0001950 secs] 37029K->1957K(126848K), 0.0002362 secs] [Times: user=0.00 sys=0.00, real=0.00 secs] 
2021-03-22T17:58:50.562+0800: 5.031: [GC (Allocation Failure) 2021-03-22T17:58:50.562+0800: 5.031: [DefNew: 35072K->0K(39424K), 0.0002237 secs] 37029K->1957K(126848K), 0.0002666 secs] [Times: user=0.00 sys=0.00, real=0.00 secs] 
2021-03-22T17:58:50.602+0800: 5.072: [GC (Allocation Failure) 2021-03-22T17:58:50.602+0800: 5.072: [DefNew: 35072K->0K(39424K), 0.0002262 secs] 37029K->1957K(126848K), 0.0002812 secs] [Times: user=0.00 sys=0.00, real=0.00 secs] 
2021-03-22T17:58:50.632+0800: 5.102: [GC (Allocation Failure) 2021-03-22T17:58:50.632+0800: 5.102: [DefNew: 35072K->0K(39424K), 0.0002070 secs] 37029K->1957K(126848K), 0.0002952 secs] [Times: user=0.00 sys=0.00, real=0.00 secs] 
2021-03-22T17:58:50.656+0800: 5.125: [GC (Allocation Failure) 2021-03-22T17:58:50.656+0800: 5.126: [DefNew: 35072K->0K(39424K), 0.0002010 secs] 37029K->1957K(126848K), 0.0002389 secs] [Times: user=0.00 sys=0.00, real=0.00 secs] 
2021-03-22T17:58:50.685+0800: 5.154: [GC (Allocation Failure) 2021-03-22T17:58:50.685+0800: 5.154: [DefNew: 35072K->0K(39424K), 0.0001926 secs] 37029K->1957K(126848K), 0.0002303 secs] [Times: user=0.00 sys=0.00, real=0.00 secs] 
2021-03-22T17:58:50.716+0800: 5.185: [GC (Allocation Failure) 2021-03-22T17:58:50.716+0800: 5.185: [DefNew: 35072K->0K(39424K), 0.0001886 secs] 37029K->1957K(126848K), 0.0002255 secs] [Times: user=0.00 sys=0.00, real=0.00 secs] 
2021-03-22T17:58:50.740+0800: 5.210: [GC (Allocation Failure) 2021-03-22T17:58:50.740+0800: 5.210: [DefNew: 35072K->0K(39424K), 0.0007039 secs] 37029K->1957K(126848K), 0.0007672 secs] [Times: user=0.00 sys=0.00, real=0.00 secs] 
2021-03-22T17:58:50.765+0800: 5.234: [GC (Allocation Failure) 2021-03-22T17:58:50.765+0800: 5.234: [DefNew: 35072K->0K(39424K), 0.0001912 secs] 37029K->1957K(126848K), 0.0002262 secs] [Times: user=0.00 sys=0.00, real=0.00 secs] 
2021-03-22T17:58:50.788+0800: 5.257: [GC (Allocation Failure) 2021-03-22T17:58:50.788+0800: 5.257: [DefNew: 35072K->0K(39424K), 0.0001938 secs] 37029K->1957K(126848K), 0.0002324 secs] [Times: user=0.00 sys=0.00, real=0.00 secs] 
2021-03-22T17:58:50.815+0800: 5.285: [GC (Allocation Failure) 2021-03-22T17:58:50.815+0800: 5.285: [DefNew: 35072K->0K(39424K), 0.0002264 secs] 37029K->1957K(126848K), 0.0002662 secs] [Times: user=0.00 sys=0.00, real=0.00 secs] 
2021-03-22T17:58:50.842+0800: 5.312: [GC (Allocation Failure) 2021-03-22T17:58:50.842+0800: 5.312: [DefNew: 35072K->0K(39424K), 0.0003369 secs] 37029K->1957K(126848K), 0.0004111 secs] [Times: user=0.00 sys=0.00, real=0.00 secs] 
2021-03-22T17:58:50.874+0800: 5.343: [GC (Allocation Failure) 2021-03-22T17:58:50.874+0800: 5.343: [DefNew: 35072K->0K(39424K), 0.0004075 secs] 37029K->1957K(126848K), 0.0005083 secs] [Times: user=0.00 sys=0.00, real=0.00 secs] 
2021-03-22T17:58:50.902+0800: 5.372: [GC (Allocation Failure) 2021-03-22T17:58:50.902+0800: 5.372: [DefNew: 35072K->0K(39424K), 0.0001893 secs] 37029K->1957K(126848K), 0.0002292 secs] [Times: user=0.00 sys=0.00, real=0.00 secs] 
2021-03-22T17:58:50.926+0800: 5.395: [GC (Allocation Failure) 2021-03-22T17:58:50.926+0800: 5.395: [DefNew: 35072K->0K(39424K), 0.0001907 secs] 37029K->1957K(126848K), 0.0002298 secs] [Times: user=0.00 sys=0.00, real=0.00 secs] 
2021-03-22T17:58:50.949+0800: 5.418: [GC (Allocation Failure) 2021-03-22T17:58:50.949+0800: 5.418: [DefNew: 35072K->0K(39424K), 0.0002211 secs] 37029K->1957K(126848K), 0.0002535 secs] [Times: user=0.00 sys=0.00, real=0.00 secs] 
2021-03-22T17:58:50.972+0800: 5.442: [GC (Allocation Failure) 2021-03-22T17:58:50.972+0800: 5.442: [DefNew: 35072K->0K(39424K), 0.0001934 secs] 37029K->1957K(126848K), 0.0002430 secs] [Times: user=0.00 sys=0.00, real=0.00 secs] 
2021-03-22T17:58:50.996+0800: 5.465: [GC (Allocation Failure) 2021-03-22T17:58:50.996+0800: 5.465: [DefNew: 35072K->0K(39424K), 0.0001901 secs] 37029K->1957K(126848K), 0.0002632 secs] [Times: user=0.00 sys=0.00, real=0.00 secs] 
2021-03-22T17:58:51.019+0800: 5.489: [GC (Allocation Failure) 2021-03-22T17:58:51.019+0800: 5.489: [DefNew: 35072K->0K(39424K), 0.0002520 secs] 37029K->1957K(126848K), 0.0002901 secs] [Times: user=0.00 sys=0.00, real=0.00 secs] 
2021-03-22T17:58:51.045+0800: 5.514: [GC (Allocation Failure) 2021-03-22T17:58:51.045+0800: 5.514: [DefNew: 35072K->0K(39424K), 0.0002236 secs] 37029K->1957K(126848K), 0.0002563 secs] [Times: user=0.00 sys=0.00, real=0.00 secs] 
2021-03-22T17:58:51.067+0800: 5.536: [GC (Allocation Failure) 2021-03-22T17:58:51.067+0800: 5.536: [DefNew: 35072K->0K(39424K), 0.0001896 secs] 37029K->1957K(126848K), 0.0002527 secs] [Times: user=0.00 sys=0.00, real=0.00 secs] 
2021-03-22T17:58:51.089+0800: 5.558: [GC (Allocation Failure) 2021-03-22T17:58:51.089+0800: 5.558: [DefNew: 35072K->0K(39424K), 0.0001870 secs] 37029K->1957K(126848K), 0.0002324 secs] [Times: user=0.00 sys=0.00, real=0.00 secs] 
2021-03-22T17:58:51.128+0800: 5.597: [GC (Allocation Failure) 2021-03-22T17:58:51.128+0800: 5.597: [DefNew: 35072K->0K(39424K), 0.0002882 secs] 37029K->1957K(126848K), 0.0003726 secs] [Times: user=0.02 sys=0.00, real=0.00 secs] 
2021-03-22T17:58:51.153+0800: 5.622: [GC (Allocation Failure) 2021-03-22T17:58:51.153+0800: 5.622: [DefNew: 35072K->0K(39424K), 0.0003084 secs] 37029K->1957K(126848K), 0.0004184 secs] [Times: user=0.00 sys=0.00, real=0.00 secs] 
2021-03-22T17:58:51.189+0800: 5.659: [GC (Allocation Failure) 2021-03-22T17:58:51.189+0800: 5.659: [DefNew: 35072K->0K(39424K), 0.0002074 secs] 37029K->1957K(126848K), 0.0002435 secs] [Times: user=0.00 sys=0.00, real=0.00 secs] 
2021-03-22T17:58:51.227+0800: 5.697: [GC (Allocation Failure) 2021-03-22T17:58:51.227+0800: 5.697: [DefNew: 35072K->0K(39424K), 0.0002861 secs] 37029K->1957K(126848K), 0.0003525 secs] [Times: user=0.00 sys=0.00, real=0.00 secs] 
2021-03-22T17:58:51.254+0800: 5.723: [GC (Allocation Failure) 2021-03-22T17:58:51.254+0800: 5.724: [DefNew: 35072K->0K(39424K), 0.0001922 secs] 37029K->1957K(126848K), 0.0002414 secs] [Times: user=0.00 sys=0.00, real=0.00 secs] 
2021-03-22T17:58:51.280+0800: 5.750: [GC (Allocation Failure) 2021-03-22T17:58:51.280+0800: 5.750: [DefNew: 35072K->0K(39424K), 0.0001926 secs] 37029K->1957K(126848K), 0.0002317 secs] [Times: user=0.00 sys=0.00, real=0.00 secs] 
2021-03-22T17:58:51.307+0800: 5.776: [GC (Allocation Failure) 2021-03-22T17:58:51.307+0800: 5.776: [DefNew: 35072K->0K(39424K), 0.0003675 secs] 37029K->1957K(126848K), 0.0004655 secs] [Times: user=0.00 sys=0.00, real=0.00 secs] 
2021-03-22T17:58:51.330+0800: 5.800: [GC (Allocation Failure) 2021-03-22T17:58:51.330+0800: 5.800: [DefNew: 35072K->0K(39424K), 0.0001900 secs] 37029K->1957K(126848K), 0.0002283 secs] [Times: user=0.00 sys=0.00, real=0.00 secs] 
2021-03-22T17:58:51.360+0800: 5.830: [GC (Allocation Failure) 2021-03-22T17:58:51.360+0800: 5.830: [DefNew: 35072K->0K(39424K), 0.0001952 secs] 37029K->1957K(126848K), 0.0002362 secs] [Times: user=0.00 sys=0.00, real=0.00 secs] 
2021-03-22T17:58:51.389+0800: 5.859: [GC (Allocation Failure) 2021-03-22T17:58:51.389+0800: 5.859: [DefNew: 35072K->0K(39424K), 0.0002804 secs] 37029K->1957K(126848K), 0.0003381 secs] [Times: user=0.00 sys=0.00, real=0.00 secs] 
2021-03-22T17:58:51.412+0800: 5.882: [GC (Allocation Failure) 2021-03-22T17:58:51.412+0800: 5.882: [DefNew: 35072K->0K(39424K), 0.0001971 secs] 37029K->1957K(126848K), 0.0002356 secs] [Times: user=0.00 sys=0.00, real=0.00 secs] 
2021-03-22T17:58:51.436+0800: 5.905: [GC (Allocation Failure) 2021-03-22T17:58:51.436+0800: 5.905: [DefNew: 35072K->0K(39424K), 0.0001914 secs] 37029K->1957K(126848K), 0.0002276 secs] [Times: user=0.00 sys=0.00, real=0.00 secs] 
2021-03-22T17:58:51.461+0800: 5.930: [GC (Allocation Failure) 2021-03-22T17:58:51.461+0800: 5.930: [DefNew: 35072K->0K(39424K), 0.0002226 secs] 37029K->1957K(126848K), 0.0002695 secs] [Times: user=0.00 sys=0.00, real=0.00 secs] 
2021-03-22T17:58:51.483+0800: 5.952: [GC (Allocation Failure) 2021-03-22T17:58:51.483+0800: 5.952: [DefNew: 35072K->0K(39424K), 0.0001901 secs] 37029K->1957K(126848K), 0.0002254 secs] [Times: user=0.00 sys=0.00, real=0.00 secs] 
2021-03-22T17:58:51.507+0800: 5.976: [GC (Allocation Failure) 2021-03-22T17:58:51.507+0800: 5.976: [DefNew: 35072K->0K(39424K), 0.0001886 secs] 37029K->1957K(126848K), 0.0002491 secs] [Times: user=0.00 sys=0.00, real=0.00 secs] 
2021-03-22T17:58:51.532+0800: 6.001: [GC (Allocation Failure) 2021-03-22T17:58:51.532+0800: 6.001: [DefNew: 35072K->0K(39424K), 0.0001905 secs] 37029K->1957K(126848K), 0.0002463 secs] [Times: user=0.00 sys=0.00, real=0.00 secs] 
2021-03-22T17:58:51.555+0800: 6.025: [GC (Allocation Failure) 2021-03-22T17:58:51.555+0800: 6.025: [DefNew: 35072K->0K(39424K), 0.0002985 secs] 37029K->1957K(126848K), 0.0003372 secs] [Times: user=0.00 sys=0.00, real=0.00 secs] 
2021-03-22T17:58:51.579+0800: 6.048: [GC (Allocation Failure) 2021-03-22T17:58:51.579+0800: 6.048: [DefNew: 35072K->0K(39424K), 0.0001877 secs] 37029K->1957K(126848K), 0.0002258 secs] [Times: user=0.00 sys=0.00, real=0.00 secs] 
2021-03-22T17:58:51.607+0800: 6.076: [GC (Allocation Failure) 2021-03-22T17:58:51.607+0800: 6.076: [DefNew: 35072K->0K(39424K), 0.0004316 secs] 37029K->1957K(126848K), 0.0005181 secs] [Times: user=0.00 sys=0.00, real=0.00 secs] 
2021-03-22T17:58:51.632+0800: 6.102: [GC (Allocation Failure) 2021-03-22T17:58:51.633+0800: 6.102: [DefNew: 35072K->0K(39424K), 0.0003307 secs] 37029K->1957K(126848K), 0.0003780 secs] [Times: user=0.00 sys=0.00, real=0.00 secs] 
2021-03-22T17:58:51.656+0800: 6.126: [GC (Allocation Failure) 2021-03-22T17:58:51.657+0800: 6.126: [DefNew: 35072K->0K(39424K), 0.0002335 secs] 37029K->1957K(126848K), 0.0003301 secs] [Times: user=0.00 sys=0.00, real=0.00 secs] 
2021-03-22T17:58:51.682+0800: 6.152: [GC (Allocation Failure) 2021-03-22T17:58:51.682+0800: 6.152: [DefNew: 35072K->0K(39424K), 0.0001970 secs] 37029K->1957K(126848K), 0.0002361 secs] [Times: user=0.00 sys=0.00, real=0.00 secs] 
2021-03-22T17:58:51.712+0800: 6.181: [GC (Allocation Failure) 2021-03-22T17:58:51.712+0800: 6.181: [DefNew: 35072K->0K(39424K), 0.0002135 secs] 37029K->1957K(126848K), 0.0002523 secs] [Times: user=0.00 sys=0.00, real=0.00 secs] 
2021-03-22T17:58:51.737+0800: 6.206: [GC (Allocation Failure) 2021-03-22T17:58:51.737+0800: 6.206: [DefNew: 35072K->0K(39424K), 0.0002476 secs] 37029K->1957K(126848K), 0.0003171 secs] [Times: user=0.00 sys=0.00, real=0.00 secs] 
2021-03-22T17:58:51.770+0800: 6.239: [GC (Allocation Failure) 2021-03-22T17:58:51.770+0800: 6.239: [DefNew: 35072K->0K(39424K), 0.0004142 secs] 37029K->1957K(126848K), 0.0004977 secs] [Times: user=0.00 sys=0.00, real=0.00 secs] 
2021-03-22T17:58:51.812+0800: 6.282: [GC (Allocation Failure) 2021-03-22T17:58:51.812+0800: 6.282: [DefNew: 35072K->0K(39424K), 0.0002404 secs] 37029K->1957K(126848K), 0.0003092 secs] [Times: user=0.00 sys=0.00, real=0.00 secs] 
2021-03-22T17:58:51.846+0800: 6.315: [GC (Allocation Failure) 2021-03-22T17:58:51.846+0800: 6.315: [DefNew: 35072K->0K(39424K), 0.0002540 secs] 37029K->1957K(126848K), 0.0002937 secs] [Times: user=0.00 sys=0.00, real=0.00 secs] 
2021-03-22T17:58:51.889+0800: 6.358: [GC (Allocation Failure) 2021-03-22T17:58:51.889+0800: 6.358: [DefNew: 35072K->0K(39424K), 0.0002044 secs] 37029K->1957K(126848K), 0.0002421 secs] [Times: user=0.00 sys=0.00, real=0.00 secs] 
2021-03-22T17:58:51.916+0800: 6.386: [GC (Allocation Failure) 2021-03-22T17:58:51.916+0800: 6.386: [DefNew: 35072K->0K(39424K), 0.0001989 secs] 37029K->1957K(126848K), 0.0002364 secs] [Times: user=0.00 sys=0.00, real=0.00 secs] 
2021-03-22T17:58:51.941+0800: 6.411: [GC (Allocation Failure) 2021-03-22T17:58:51.941+0800: 6.411: [DefNew: 35072K->0K(39424K), 0.0003020 secs] 37029K->1957K(126848K), 0.0003443 secs] [Times: user=0.00 sys=0.00, real=0.00 secs] 
2021-03-22T17:58:51.966+0800: 6.436: [GC (Allocation Failure) 2021-03-22T17:58:51.966+0800: 6.436: [DefNew: 35072K->0K(39424K), 0.0002117 secs] 37029K->1957K(126848K), 0.0002467 secs] [Times: user=0.00 sys=0.00, real=0.00 secs] 
2021-03-22T17:58:51.989+0800: 6.458: [GC (Allocation Failure) 2021-03-22T17:58:51.989+0800: 6.458: [DefNew: 35072K->0K(39424K), 0.0001926 secs] 37029K->1957K(126848K), 0.0002260 secs] [Times: user=0.00 sys=0.00, real=0.00 secs] 
2021-03-22T17:58:52.014+0800: 6.483: [GC (Allocation Failure) 2021-03-22T17:58:52.014+0800: 6.483: [DefNew: 35072K->0K(39424K), 0.0001975 secs] 37029K->1957K(126848K), 0.0002297 secs] [Times: user=0.00 sys=0.00, real=0.00 secs] 
2021-03-22T17:58:52.038+0800: 6.508: [GC (Allocation Failure) 2021-03-22T17:58:52.039+0800: 6.508: [DefNew: 35072K->0K(39424K), 0.0002607 secs] 37029K->1957K(126848K), 0.0003075 secs] [Times: user=0.00 sys=0.00, real=0.00 secs] 
2021-03-22T17:58:52.066+0800: 6.536: [GC (Allocation Failure) 2021-03-22T17:58:52.066+0800: 6.536: [DefNew: 35072K->0K(39424K), 0.0001922 secs] 37029K->1957K(126848K), 0.0002470 secs] [Times: user=0.00 sys=0.00, real=0.00 secs] 
2021-03-22T17:58:52.094+0800: 6.563: [GC (Allocation Failure) 2021-03-22T17:58:52.094+0800: 6.563: [DefNew: 35072K->0K(39424K), 0.0002266 secs] 37029K->1957K(126848K), 0.0002654 secs] [Times: user=0.00 sys=0.00, real=0.00 secs] 
2021-03-22T17:58:52.137+0800: 6.607: [GC (Allocation Failure) 2021-03-22T17:58:52.137+0800: 6.607: [DefNew: 35072K->0K(39424K), 0.0003685 secs] 37029K->1957K(126848K), 0.0004084 secs] [Times: user=0.00 sys=0.00, real=0.00 secs] 
2021-03-22T17:58:52.166+0800: 6.635: [GC (Allocation Failure) 2021-03-22T17:58:52.166+0800: 6.635: [DefNew: 35072K->0K(39424K), 0.0002013 secs] 37029K->1957K(126848K), 0.0002373 secs] [Times: user=0.00 sys=0.00, real=0.00 secs] 
2021-03-22T17:58:52.191+0800: 6.660: [GC (Allocation Failure) 2021-03-22T17:58:52.191+0800: 6.660: [DefNew: 35072K->0K(39424K), 0.0003657 secs] 37029K->1957K(126848K), 0.0004315 secs] [Times: user=0.00 sys=0.00, real=0.00 secs] 
2021-03-22T17:58:52.214+0800: 6.683: [GC (Allocation Failure) 2021-03-22T17:58:52.214+0800: 6.683: [DefNew: 35072K->0K(39424K), 0.0001954 secs] 37029K->1957K(126848K), 0.0002628 secs] [Times: user=0.00 sys=0.00, real=0.00 secs] 
2021-03-22T17:58:52.237+0800: 6.706: [GC (Allocation Failure) 2021-03-22T17:58:52.237+0800: 6.706: [DefNew: 35072K->0K(39424K), 0.0002390 secs] 37029K->1957K(126848K), 0.0002765 secs] [Times: user=0.02 sys=0.00, real=0.00 secs] 
2021-03-22T17:58:52.266+0800: 6.735: [GC (Allocation Failure) 2021-03-22T17:58:52.266+0800: 6.735: [DefNew: 35072K->0K(39424K), 0.0002762 secs] 37029K->1957K(126848K), 0.0003186 secs] [Times: user=0.00 sys=0.00, real=0.00 secs] 
2021-03-22T17:58:52.289+0800: 6.759: [GC (Allocation Failure) 2021-03-22T17:58:52.289+0800: 6.759: [DefNew: 35072K->0K(39424K), 0.0003589 secs] 37029K->1957K(126848K), 0.0004177 secs] [Times: user=0.00 sys=0.00, real=0.00 secs] 
2021-03-22T17:58:52.315+0800: 6.785: [GC (Allocation Failure) 2021-03-22T17:58:52.315+0800: 6.785: [DefNew: 35072K->0K(39424K), 0.0002228 secs] 37029K->1957K(126848K), 0.0002621 secs] [Times: user=0.00 sys=0.00, real=0.00 secs] 
2021-03-22T17:58:52.340+0800: 6.810: [GC (Allocation Failure) 2021-03-22T17:58:52.340+0800: 6.810: [DefNew: 35072K->0K(39424K), 0.0004104 secs] 37029K->1957K(126848K), 0.0004815 secs] [Times: user=0.00 sys=0.00, real=0.00 secs] 
2021-03-22T17:58:52.377+0800: 6.847: [GC (Allocation Failure) 2021-03-22T17:58:52.377+0800: 6.847: [DefNew: 35072K->0K(39424K), 0.0001984 secs] 37029K->1957K(126848K), 0.0002372 secs] [Times: user=0.00 sys=0.00, real=0.00 secs] 
2021-03-22T17:58:52.402+0800: 6.872: [GC (Allocation Failure) 2021-03-22T17:58:52.402+0800: 6.872: [DefNew: 35072K->0K(39424K), 0.0001924 secs] 37029K->1957K(126848K), 0.0002285 secs] [Times: user=0.00 sys=0.00, real=0.00 secs] 
2021-03-22T17:58:52.429+0800: 6.898: [GC (Allocation Failure) 2021-03-22T17:58:52.429+0800: 6.898: [DefNew: 35072K->0K(39424K), 0.0001868 secs] 37029K->1957K(126848K), 0.0002207 secs] [Times: user=0.00 sys=0.00, real=0.00 secs] 
2021-03-22T17:58:52.452+0800: 6.922: [GC (Allocation Failure) 2021-03-22T17:58:52.452+0800: 6.922: [DefNew: 35072K->0K(39424K), 0.0002120 secs] 37029K->1957K(126848K), 0.0002523 secs] [Times: user=0.00 sys=0.00, real=0.00 secs] 
2021-03-22T17:58:52.477+0800: 6.947: [GC (Allocation Failure) 2021-03-22T17:58:52.478+0800: 6.947: [DefNew: 35072K->0K(39424K), 0.0003238 secs] 37029K->1957K(126848K), 0.0004186 secs] [Times: user=0.00 sys=0.00, real=0.00 secs] 
2021-03-22T17:58:52.501+0800: 6.970: [GC (Allocation Failure) 2021-03-22T17:58:52.501+0800: 6.970: [DefNew: 35072K->0K(39424K), 0.0001993 secs] 37029K->1957K(126848K), 0.0002309 secs] [Times: user=0.00 sys=0.00, real=0.00 secs] 
2021-03-22T17:58:52.527+0800: 6.997: [GC (Allocation Failure) 2021-03-22T17:58:52.527+0800: 6.997: [DefNew: 35072K->0K(39424K), 0.0002235 secs] 37029K->1957K(126848K), 0.0002962 secs] [Times: user=0.00 sys=0.00, real=0.00 secs] 
2021-03-22T17:58:52.552+0800: 7.021: [GC (Allocation Failure) 2021-03-22T17:58:52.552+0800: 7.021: [DefNew: 35072K->0K(39424K), 0.0001942 secs] 37029K->1957K(126848K), 0.0002303 secs] [Times: user=0.00 sys=0.00, real=0.00 secs] 
2021-03-22T17:58:52.578+0800: 7.047: [GC (Allocation Failure) 2021-03-22T17:58:52.578+0800: 7.047: [DefNew: 35072K->0K(39424K), 0.0001887 secs] 37029K->1957K(126848K), 0.0002253 secs] [Times: user=0.00 sys=0.00, real=0.00 secs] 
2021-03-22T17:58:52.603+0800: 7.072: [GC (Allocation Failure) 2021-03-22T17:58:52.603+0800: 7.072: [DefNew: 35072K->0K(39424K), 0.0002860 secs] 37029K->1957K(126848K), 0.0003282 secs] [Times: user=0.00 sys=0.00, real=0.00 secs] 
2021-03-22T17:58:52.637+0800: 7.106: [GC (Allocation Failure) 2021-03-22T17:58:52.637+0800: 7.106: [DefNew: 35072K->0K(39424K), 0.0002968 secs] 37029K->1957K(126848K), 0.0003352 secs] [Times: user=0.00 sys=0.00, real=0.00 secs] 
2021-03-22T17:58:52.662+0800: 7.132: [GC (Allocation Failure) 2021-03-22T17:58:52.662+0800: 7.132: [DefNew: 35072K->0K(39424K), 0.0001917 secs] 37029K->1957K(126848K), 0.0002296 secs] [Times: user=0.00 sys=0.00, real=0.00 secs] 
2021-03-22T17:58:52.687+0800: 7.157: [GC (Allocation Failure) 2021-03-22T17:58:52.687+0800: 7.157: [DefNew: 35072K->0K(39424K), 0.0001915 secs] 37029K->1957K(126848K), 0.0002294 secs] [Times: user=0.00 sys=0.00, real=0.00 secs] 
2021-03-22T17:58:52.712+0800: 7.182: [GC (Allocation Failure) 2021-03-22T17:58:52.712+0800: 7.182: [DefNew: 35072K->0K(39424K), 0.0001921 secs] 37029K->1957K(126848K), 0.0002253 secs] [Times: user=0.00 sys=0.00, real=0.00 secs] 
2021-03-22T17:58:52.737+0800: 7.206: [GC (Allocation Failure) 2021-03-22T17:58:52.737+0800: 7.206: [DefNew: 35072K->0K(39424K), 0.0002584 secs] 37029K->1957K(126848K), 0.0003044 secs] [Times: user=0.00 sys=0.00, real=0.00 secs] 
2021-03-22T17:58:52.764+0800: 7.233: [GC (Allocation Failure) 2021-03-22T17:58:52.764+0800: 7.233: [DefNew: 35072K->0K(39424K), 0.0001904 secs] 37029K->1957K(126848K), 0.0002272 secs] [Times: user=0.00 sys=0.00, real=0.00 secs] 
2021-03-22T17:58:52.788+0800: 7.258: [GC (Allocation Failure) 2021-03-22T17:58:52.788+0800: 7.258: [DefNew: 35072K->0K(39424K), 0.0001912 secs] 37029K->1957K(126848K), 0.0002297 secs] [Times: user=0.00 sys=0.00, real=0.00 secs] 
2021-03-22T17:58:52.812+0800: 7.282: [GC (Allocation Failure) 2021-03-22T17:58:52.812+0800: 7.282: [DefNew: 35072K->0K(39424K), 0.0002685 secs] 37029K->1957K(126848K), 0.0003077 secs] [Times: user=0.00 sys=0.00, real=0.00 secs] 
2021-03-22T17:58:52.837+0800: 7.306: [GC (Allocation Failure) 2021-03-22T17:58:52.837+0800: 7.306: [DefNew: 35072K->0K(39424K), 0.0002300 secs] 37029K->1957K(126848K), 0.0003027 secs] [Times: user=0.00 sys=0.00, real=0.00 secs] 
2021-03-22T17:58:52.863+0800: 7.333: [GC (Allocation Failure) 2021-03-22T17:58:52.863+0800: 7.333: [DefNew: 35072K->0K(39424K), 0.0003339 secs] 37029K->1957K(126848K), 0.0003824 secs] [Times: user=0.00 sys=0.00, real=0.00 secs] 
2021-03-22T17:58:52.895+0800: 7.365: [GC (Allocation Failure) 2021-03-22T17:58:52.895+0800: 7.365: [DefNew: 35072K->0K(39424K), 0.0003067 secs] 37029K->1957K(126848K), 0.0003443 secs] [Times: user=0.00 sys=0.00, real=0.00 secs] 
2021-03-22T17:58:52.919+0800: 7.388: [GC (Allocation Failure) 2021-03-22T17:58:52.919+0800: 7.388: [DefNew: 35072K->0K(39424K), 0.0001955 secs] 37029K->1957K(126848K), 0.0002337 secs] [Times: user=0.00 sys=0.00, real=0.00 secs] 
2021-03-22T17:58:52.945+0800: 7.414: [GC (Allocation Failure) 2021-03-22T17:58:52.945+0800: 7.415: [DefNew: 35072K->0K(39424K), 0.0002141 secs] 37029K->1957K(126848K), 0.0002614 secs] [Times: user=0.00 sys=0.00, real=0.00 secs] 
2021-03-22T17:58:52.969+0800: 7.438: [GC (Allocation Failure) 2021-03-22T17:58:52.969+0800: 7.438: [DefNew: 35072K->0K(39424K), 0.0002070 secs] 37029K->1957K(126848K), 0.0002493 secs] [Times: user=0.00 sys=0.00, real=0.00 secs] 
2021-03-22T17:58:52.994+0800: 7.463: [GC (Allocation Failure) 2021-03-22T17:58:52.994+0800: 7.463: [DefNew: 35072K->0K(39424K), 0.0002219 secs] 37029K->1957K(126848K), 0.0002611 secs] [Times: user=0.00 sys=0.00, real=0.00 secs] 
2021-03-22T17:58:53.017+0800: 7.486: [GC (Allocation Failure) 2021-03-22T17:58:53.017+0800: 7.486: [DefNew: 35072K->0K(39424K), 0.0002411 secs] 37029K->1957K(126848K), 0.0002763 secs] [Times: user=0.00 sys=0.00, real=0.00 secs] 
2021-03-22T17:58:53.039+0800: 7.509: [GC (Allocation Failure) 2021-03-22T17:58:53.039+0800: 7.509: [DefNew: 35072K->0K(39424K), 0.0001916 secs] 37029K->1957K(126848K), 0.0002304 secs] [Times: user=0.00 sys=0.00, real=0.00 secs] 
2021-03-22T17:58:53.065+0800: 7.535: [GC (Allocation Failure) 2021-03-22T17:58:53.065+0800: 7.535: [DefNew: 35072K->0K(39424K), 0.0001936 secs] 37029K->1957K(126848K), 0.0002341 secs] [Times: user=0.00 sys=0.00, real=0.00 secs] 
2021-03-22T17:58:53.093+0800: 7.562: [GC (Allocation Failure) 2021-03-22T17:58:53.093+0800: 7.562: [DefNew: 35072K->0K(39424K), 0.0003214 secs] 37029K->1957K(126848K), 0.0003809 secs] [Times: user=0.00 sys=0.00, real=0.00 secs] 
2021-03-22T17:58:53.186+0800: 7.656: [GC (Allocation Failure) 2021-03-22T17:58:53.186+0800: 7.656: [DefNew: 35072K->0K(39424K), 0.0002408 secs] 37029K->1957K(126848K), 0.0002753 secs] [Times: user=0.00 sys=0.00, real=0.00 secs] 
2021-03-22T17:58:53.218+0800: 7.687: [GC (Allocation Failure) 2021-03-22T17:58:53.218+0800: 7.687: [DefNew: 35072K->0K(39424K), 0.0002035 secs] 37029K->1957K(126848K), 0.0002380 secs] [Times: user=0.00 sys=0.00, real=0.00 secs] 
2021-03-22T17:58:53.331+0800: 7.801: [GC (Allocation Failure) 2021-03-22T17:58:53.331+0800: 7.801: [DefNew: 35072K->0K(39424K), 0.0003709 secs] 37029K->1957K(126848K), 0.0004240 secs] [Times: user=0.01 sys=0.00, real=0.00 secs] 
2021-03-22T17:58:53.401+0800: 7.870: [GC (Allocation Failure) 2021-03-22T17:58:53.401+0800: 7.870: [DefNew: 35072K->0K(39424K), 0.0002397 secs] 37029K->1957K(126848K), 0.0002801 secs] [Times: user=0.00 sys=0.00, real=0.00 secs] 
2021-03-22T17:58:53.446+0800: 7.915: [GC (Allocation Failure) 2021-03-22T17:58:53.446+0800: 7.915: [DefNew: 35072K->0K(39424K), 0.0001934 secs] 37029K->1957K(126848K), 0.0002428 secs] [Times: user=0.00 sys=0.00, real=0.00 secs] 
2021-03-22T17:58:53.472+0800: 7.941: [GC (Allocation Failure) 2021-03-22T17:58:53.472+0800: 7.941: [DefNew: 35072K->0K(39424K), 0.0001918 secs] 37029K->1957K(126848K), 0.0002286 secs] [Times: user=0.00 sys=0.00, real=0.00 secs] 
2021-03-22T17:58:53.500+0800: 7.969: [GC (Allocation Failure) 2021-03-22T17:58:53.500+0800: 7.969: [DefNew: 35072K->0K(39424K), 0.0002746 secs] 37029K->1957K(126848K), 0.0003152 secs] [Times: user=0.00 sys=0.00, real=0.00 secs] 
2021-03-22T17:58:53.527+0800: 7.997: [GC (Allocation Failure) 2021-03-22T17:58:53.527+0800: 7.997: [DefNew: 35072K->0K(39424K), 0.0001928 secs] 37029K->1957K(126848K), 0.0002391 secs] [Times: user=0.00 sys=0.00, real=0.00 secs] 
2021-03-22T17:58:53.552+0800: 8.022: [GC (Allocation Failure) 2021-03-22T17:58:53.552+0800: 8.022: [DefNew: 35072K->0K(39424K), 0.0001910 secs] 37029K->1957K(126848K), 0.0002263 secs] [Times: user=0.00 sys=0.00, real=0.00 secs] 
2021-03-22T17:58:53.575+0800: 8.045: [GC (Allocation Failure) 2021-03-22T17:58:53.575+0800: 8.045: [DefNew: 35072K->0K(39424K), 0.0003279 secs] 37029K->1957K(126848K), 0.0004041 secs] [Times: user=0.00 sys=0.00, real=0.00 secs] 
2021-03-22T17:58:53.600+0800: 8.070: [GC (Allocation Failure) 2021-03-22T17:58:53.600+0800: 8.070: [DefNew: 35072K->0K(39424K), 0.0001954 secs] 37029K->1957K(126848K), 0.0002367 secs] [Times: user=0.00 sys=0.00, real=0.00 secs] 
2021-03-22T17:58:53.637+0800: 8.107: [GC (Allocation Failure) 2021-03-22T17:58:53.637+0800: 8.107: [DefNew: 35072K->0K(39424K), 0.0002390 secs] 37029K->1957K(126848K), 0.0002975 secs] [Times: user=0.00 sys=0.00, real=0.00 secs] 
2021-03-22T17:58:53.663+0800: 8.133: [GC (Allocation Failure) 2021-03-22T17:58:53.663+0800: 8.133: [DefNew: 35072K->0K(39424K), 0.0001901 secs] 37029K->1957K(126848K), 0.0002233 secs] [Times: user=0.00 sys=0.00, real=0.00 secs] 
2021-03-22T17:58:53.685+0800: 8.155: [GC (Allocation Failure) 2021-03-22T17:58:53.685+0800: 8.155: [DefNew: 35072K->0K(39424K), 0.0001937 secs] 37029K->1957K(126848K), 0.0002300 secs] [Times: user=0.00 sys=0.00, real=0.00 secs] 
2021-03-22T17:58:53.713+0800: 8.182: [GC (Allocation Failure) 2021-03-22T17:58:53.713+0800: 8.182: [DefNew: 35072K->0K(39424K), 0.0001964 secs] 37029K->1957K(126848K), 0.0002345 secs] [Times: user=0.00 sys=0.00, real=0.00 secs] 
2021-03-22T17:58:53.743+0800: 8.213: [GC (Allocation Failure) 2021-03-22T17:58:53.744+0800: 8.213: [DefNew: 35072K->0K(39424K), 0.0002055 secs] 37029K->1957K(126848K), 0.0002426 secs] [Times: user=0.00 sys=0.00, real=0.00 secs] 
2021-03-22T17:58:53.766+0800: 8.235: [GC (Allocation Failure) 2021-03-22T17:58:53.766+0800: 8.235: [DefNew: 35072K->0K(39424K), 0.0001929 secs] 37029K->1957K(126848K), 0.0002269 secs] [Times: user=0.00 sys=0.00, real=0.00 secs] 
2021-03-22T17:58:53.790+0800: 8.259: [GC (Allocation Failure) 2021-03-22T17:58:53.790+0800: 8.259: [DefNew: 35072K->0K(39424K), 0.0003849 secs] 37029K->1957K(126848K), 0.0004400 secs] [Times: user=0.00 sys=0.00, real=0.00 secs] 
2021-03-22T17:58:53.813+0800: 8.282: [GC (Allocation Failure) 2021-03-22T17:58:53.813+0800: 8.282: [DefNew: 35072K->0K(39424K), 0.0002267 secs] 37029K->1957K(126848K), 0.0002655 secs] [Times: user=0.00 sys=0.00, real=0.00 secs] 
2021-03-22T17:58:53.836+0800: 8.305: [GC (Allocation Failure) 2021-03-22T17:58:53.836+0800: 8.305: [DefNew: 35072K->0K(39424K), 0.0003131 secs] 37029K->1957K(126848K), 0.0003462 secs] [Times: user=0.00 sys=0.00, real=0.00 secs] 
2021-03-22T17:58:53.865+0800: 8.334: [GC (Allocation Failure) 2021-03-22T17:58:53.865+0800: 8.334: [DefNew: 35072K->0K(39424K), 0.0003760 secs] 37029K->1957K(126848K), 0.0004141 secs] [Times: user=0.00 sys=0.00, real=0.00 secs] 
2021-03-22T17:58:53.896+0800: 8.366: [GC (Allocation Failure) 2021-03-22T17:58:53.896+0800: 8.366: [DefNew: 35072K->0K(39424K), 0.0002601 secs] 37029K->1957K(126848K), 0.0003122 secs] [Times: user=0.00 sys=0.00, real=0.00 secs] 
2021-03-22T17:58:53.919+0800: 8.389: [GC (Allocation Failure) 2021-03-22T17:58:53.919+0800: 8.389: [DefNew: 35072K->0K(39424K), 0.0004320 secs] 37029K->1957K(126848K), 0.0004795 secs] [Times: user=0.00 sys=0.00, real=0.00 secs] 
2021-03-22T17:58:53.942+0800: 8.412: [GC (Allocation Failure) 2021-03-22T17:58:53.942+0800: 8.412: [DefNew: 35072K->0K(39424K), 0.0001898 secs] 37029K->1957K(126848K), 0.0002291 secs] [Times: user=0.00 sys=0.00, real=0.00 secs] 
2021-03-22T17:58:53.967+0800: 8.437: [GC (Allocation Failure) 2021-03-22T17:58:53.967+0800: 8.437: [DefNew: 35072K->0K(39424K), 0.0001894 secs] 37029K->1957K(126848K), 0.0002261 secs] [Times: user=0.00 sys=0.00, real=0.00 secs] 
2021-03-22T17:58:53.991+0800: 8.461: [GC (Allocation Failure) 2021-03-22T17:58:53.991+0800: 8.461: [DefNew: 35072K->0K(39424K), 0.0001985 secs] 37029K->1957K(126848K), 0.0002373 secs] [Times: user=0.00 sys=0.00, real=0.00 secs] 
2021-03-22T17:58:54.013+0800: 8.483: [GC (Allocation Failure) 2021-03-22T17:58:54.013+0800: 8.483: [DefNew: 35072K->0K(39424K), 0.0001914 secs] 37029K->1957K(126848K), 0.0002252 secs] [Times: user=0.00 sys=0.00, real=0.00 secs] 
2021-03-22T17:58:54.035+0800: 8.505: [GC (Allocation Failure) 2021-03-22T17:58:54.036+0800: 8.505: [DefNew: 35072K->0K(39424K), 0.0002051 secs] 37029K->1957K(126848K), 0.0002690 secs] [Times: user=0.00 sys=0.00, real=0.00 secs] 
2021-03-22T17:58:54.060+0800: 8.530: [GC (Allocation Failure) 2021-03-22T17:58:54.060+0800: 8.530: [DefNew: 35072K->0K(39424K), 0.0001905 secs] 37029K->1957K(126848K), 0.0002320 secs] [Times: user=0.00 sys=0.00, real=0.00 secs] 
2021-03-22T17:58:54.083+0800: 8.552: [GC (Allocation Failure) 2021-03-22T17:58:54.083+0800: 8.552: [DefNew: 35072K->0K(39424K), 0.0001918 secs] 37029K->1957K(126848K), 0.0002299 secs] [Times: user=0.00 sys=0.00, real=0.00 secs] 
2021-03-22T17:58:54.105+0800: 8.574: [GC (Allocation Failure) 2021-03-22T17:58:54.105+0800: 8.574: [DefNew: 35072K->0K(39424K), 0.0002814 secs] 37029K->1957K(126848K), 0.0003653 secs] [Times: user=0.00 sys=0.00, real=0.00 secs] 
2021-03-22T17:58:54.140+0800: 8.610: [GC (Allocation Failure) 2021-03-22T17:58:54.140+0800: 8.610: [DefNew: 35072K->0K(39424K), 0.0005199 secs] 37029K->1957K(126848K), 0.0005829 secs] [Times: user=0.00 sys=0.00, real=0.00 secs] 
2021-03-22T17:58:54.166+0800: 8.635: [GC (Allocation Failure) 2021-03-22T17:58:54.166+0800: 8.635: [DefNew: 35072K->0K(39424K), 0.0001886 secs] 37029K->1957K(126848K), 0.0002272 secs] [Times: user=0.00 sys=0.00, real=0.00 secs] 
2021-03-22T17:58:54.192+0800: 8.661: [GC (Allocation Failure) 2021-03-22T17:58:54.192+0800: 8.661: [DefNew: 35072K->0K(39424K), 0.0001907 secs] 37029K->1957K(126848K), 0.0002291 secs] [Times: user=0.00 sys=0.00, real=0.00 secs] 
2021-03-22T17:58:54.215+0800: 8.684: [GC (Allocation Failure) 2021-03-22T17:58:54.215+0800: 8.684: [DefNew: 35072K->0K(39424K), 0.0002019 secs] 37029K->1957K(126848K), 0.0002418 secs] [Times: user=0.00 sys=0.00, real=0.00 secs] 
2021-03-22T17:58:54.249+0800: 8.718: [GC (Allocation Failure) 2021-03-22T17:58:54.249+0800: 8.718: [DefNew: 35072K->0K(39424K), 0.0002441 secs] 37029K->1957K(126848K), 0.0002924 secs] [Times: user=0.00 sys=0.00, real=0.00 secs] 
2021-03-22T17:58:54.275+0800: 8.745: [GC (Allocation Failure) 2021-03-22T17:58:54.275+0800: 8.745: [DefNew: 35072K->0K(39424K), 0.0002279 secs] 37029K->1957K(126848K), 0.0002675 secs] [Times: user=0.00 sys=0.00, real=0.00 secs] 
2021-03-22T17:58:54.305+0800: 8.775: [GC (Allocation Failure) 2021-03-22T17:58:54.305+0800: 8.775: [DefNew: 35072K->0K(39424K), 0.0002462 secs] 37029K->1957K(126848K), 0.0002891 secs] [Times: user=0.00 sys=0.00, real=0.00 secs] 
2021-03-22T17:58:54.334+0800: 8.804: [GC (Allocation Failure) 2021-03-22T17:58:54.334+0800: 8.804: [DefNew: 35072K->0K(39424K), 0.0002129 secs] 37029K->1957K(126848K), 0.0002483 secs] [Times: user=0.00 sys=0.00, real=0.00 secs] 
2021-03-22T17:58:54.365+0800: 8.835: [GC (Allocation Failure) 2021-03-22T17:58:54.365+0800: 8.835: [DefNew: 35072K->0K(39424K), 0.0002608 secs] 37029K->1957K(126848K), 0.0002981 secs] [Times: user=0.00 sys=0.00, real=0.00 secs] 
2021-03-22T17:58:54.414+0800: 8.883: [GC (Allocation Failure) 2021-03-22T17:58:54.414+0800: 8.883: [DefNew: 35072K->0K(39424K), 0.0002161 secs] 37029K->1957K(126848K), 0.0003107 secs] [Times: user=0.00 sys=0.00, real=0.00 secs] 
2021-03-22T17:58:54.445+0800: 8.915: [GC (Allocation Failure) 2021-03-22T17:58:54.445+0800: 8.915: [DefNew: 35072K->0K(39424K), 0.0002514 secs] 37029K->1957K(126848K), 0.0002923 secs] [Times: user=0.00 sys=0.00, real=0.00 secs] 
2021-03-22T17:58:54.477+0800: 8.946: [GC (Allocation Failure) 2021-03-22T17:58:54.477+0800: 8.946: [DefNew: 35072K->0K(39424K), 0.0002401 secs] 37029K->1957K(126848K), 0.0002785 secs] [Times: user=0.00 sys=0.00, real=0.00 secs] 
2021-03-22T17:58:54.511+0800: 8.980: [GC (Allocation Failure) 2021-03-22T17:58:54.511+0800: 8.980: [DefNew: 35072K->0K(39424K), 0.0001947 secs] 37029K->1957K(126848K), 0.0002294 secs] [Times: user=0.00 sys=0.00, real=0.00 secs] 
2021-03-22T17:58:54.588+0800: 9.057: [GC (Allocation Failure) 2021-03-22T17:58:54.588+0800: 9.057: [DefNew: 35072K->0K(39424K), 0.0002025 secs] 37029K->1957K(126848K), 0.0002397 secs] [Times: user=0.00 sys=0.00, real=0.00 secs] 
2021-03-22T17:58:54.665+0800: 9.134: [GC (Allocation Failure) 2021-03-22T17:58:54.665+0800: 9.134: [DefNew: 35072K->0K(39424K), 0.0002703 secs] 37029K->1957K(126848K), 0.0003113 secs] [Times: user=0.00 sys=0.00, real=0.00 secs] 
2021-03-22T17:58:54.692+0800: 9.162: [GC (Allocation Failure) 2021-03-22T17:58:54.692+0800: 9.162: [DefNew: 35072K->0K(39424K), 0.0002078 secs] 37029K->1957K(126848K), 0.0002418 secs] [Times: user=0.00 sys=0.00, real=0.00 secs] 
2021-03-22T17:58:54.767+0800: 9.237: [GC (Allocation Failure) 2021-03-22T17:58:54.768+0800: 9.237: [DefNew: 35072K->0K(39424K), 0.0002486 secs] 37029K->1957K(126848K), 0.0003021 secs] [Times: user=0.00 sys=0.00, real=0.00 secs] 
2021-03-22T17:58:54.793+0800: 9.262: [GC (Allocation Failure) 2021-03-22T17:58:54.793+0800: 9.262: [DefNew: 35072K->0K(39424K), 0.0002418 secs] 37029K->1957K(126848K), 0.0003195 secs] [Times: user=0.00 sys=0.00, real=0.00 secs] 
2021-03-22T17:58:54.817+0800: 9.286: [GC (Allocation Failure) 2021-03-22T17:58:54.817+0800: 9.286: [DefNew: 35072K->0K(39424K), 0.0002704 secs] 37029K->1957K(126848K), 0.0003112 secs] [Times: user=0.00 sys=0.00, real=0.00 secs] 
2021-03-22T17:58:54.843+0800: 9.312: [GC (Allocation Failure) 2021-03-22T17:58:54.843+0800: 9.312: [DefNew: 35072K->0K(39424K), 0.0001972 secs] 37029K->1957K(126848K), 0.0002480 secs] [Times: user=0.00 sys=0.00, real=0.00 secs] 
2021-03-22T17:58:54.869+0800: 9.339: [GC (Allocation Failure) 2021-03-22T17:58:54.869+0800: 9.339: [DefNew: 35072K->0K(39424K), 0.0002381 secs] 37029K->1957K(126848K), 0.0002851 secs] [Times: user=0.00 sys=0.00, real=0.00 secs] 
2021-03-22T17:58:54.900+0800: 9.369: [GC (Allocation Failure) 2021-03-22T17:58:54.900+0800: 9.369: [DefNew: 35072K->0K(39424K), 0.0001981 secs] 37029K->1957K(126848K), 0.0002315 secs] [Times: user=0.00 sys=0.00, real=0.00 secs] 
2021-03-22T17:58:54.927+0800: 9.396: [GC (Allocation Failure) 2021-03-22T17:58:54.927+0800: 9.396: [DefNew: 35072K->0K(39424K), 0.0001949 secs] 37029K->1957K(126848K), 0.0002498 secs] [Times: user=0.00 sys=0.00, real=0.00 secs] 
2021-03-22T17:58:54.956+0800: 9.425: [GC (Allocation Failure) 2021-03-22T17:58:54.956+0800: 9.425: [DefNew: 35072K->0K(39424K), 0.0002378 secs] 37029K->1957K(126848K), 0.0002915 secs] [Times: user=0.00 sys=0.00, real=0.00 secs] 
2021-03-22T17:58:54.996+0800: 9.465: [GC (Allocation Failure) 2021-03-22T17:58:54.996+0800: 9.465: [DefNew: 35072K->0K(39424K), 0.0002004 secs] 37029K->1957K(126848K), 0.0002403 secs] [Times: user=0.00 sys=0.00, real=0.00 secs] 
2021-03-22T17:58:55.033+0800: 9.503: [GC (Allocation Failure) 2021-03-22T17:58:55.033+0800: 9.503: [DefNew: 35072K->0K(39424K), 0.0002113 secs] 37029K->1957K(126848K), 0.0002505 secs] [Times: user=0.00 sys=0.00, real=0.00 secs] 
2021-03-22T17:58:55.063+0800: 9.533: [GC (Allocation Failure) 2021-03-22T17:58:55.063+0800: 9.533: [DefNew: 35072K->0K(39424K), 0.0001958 secs] 37029K->1957K(126848K), 0.0002320 secs] [Times: user=0.00 sys=0.00, real=0.00 secs] 
2021-03-22T17:58:55.088+0800: 9.558: [GC (Allocation Failure) 2021-03-22T17:58:55.088+0800: 9.558: [DefNew: 35072K->0K(39424K), 0.0001953 secs] 37029K->1957K(126848K), 0.0002321 secs] [Times: user=0.00 sys=0.00, real=0.00 secs] 
2021-03-22T17:58:55.114+0800: 9.584: [GC (Allocation Failure) 2021-03-22T17:58:55.114+0800: 9.584: [DefNew: 35072K->0K(39424K), 0.0002171 secs] 37029K->1957K(126848K), 0.0002737 secs] [Times: user=0.00 sys=0.00, real=0.00 secs] 
2021-03-22T17:58:55.143+0800: 9.612: [GC (Allocation Failure) 2021-03-22T17:58:55.143+0800: 9.612: [DefNew: 35072K->0K(39424K), 0.0002570 secs] 37029K->1957K(126848K), 0.0003024 secs] [Times: user=0.00 sys=0.00, real=0.00 secs] 
2021-03-22T17:58:55.167+0800: 9.637: [GC (Allocation Failure) 2021-03-22T17:58:55.167+0800: 9.637: [DefNew: 35072K->0K(39424K), 0.0001971 secs] 37029K->1957K(126848K), 0.0002377 secs] [Times: user=0.00 sys=0.00, real=0.00 secs] 
2021-03-22T17:58:55.188+0800: 9.657: [GC (Allocation Failure) 2021-03-22T17:58:55.188+0800: 9.657: [DefNew: 35072K->0K(39424K), 0.0001946 secs] 37029K->1957K(126848K), 0.0002337 secs] [Times: user=0.00 sys=0.00, real=0.00 secs] 
2021-03-22T17:58:55.211+0800: 9.680: [GC (Allocation Failure) 2021-03-22T17:58:55.211+0800: 9.680: [DefNew: 35072K->0K(39424K), 0.0001891 secs] 37029K->1957K(126848K), 0.0002286 secs] [Times: user=0.00 sys=0.00, real=0.00 secs] 
2021-03-22T17:58:55.236+0800: 9.706: [GC (Allocation Failure) 2021-03-22T17:58:55.236+0800: 9.706: [DefNew: 35072K->0K(39424K), 0.0002512 secs] 37029K->1957K(126848K), 0.0002903 secs] [Times: user=0.00 sys=0.00, real=0.00 secs] 
2021-03-22T17:58:55.260+0800: 9.729: [GC (Allocation Failure) 2021-03-22T17:58:55.260+0800: 9.729: [DefNew: 35072K->0K(39424K), 0.0001901 secs] 37029K->1957K(126848K), 0.0002561 secs] [Times: user=0.00 sys=0.00, real=0.00 secs] 
2021-03-22T17:58:55.283+0800: 9.752: [GC (Allocation Failure) 2021-03-22T17:58:55.283+0800: 9.752: [DefNew: 35072K->0K(39424K), 0.0001909 secs] 37029K->1957K(126848K), 0.0002285 secs] [Times: user=0.00 sys=0.00, real=0.00 secs] 
2021-03-22T17:58:55.307+0800: 9.777: [GC (Allocation Failure) 2021-03-22T17:58:55.307+0800: 9.777: [DefNew: 35072K->0K(39424K), 0.0002878 secs] 37029K->1957K(126848K), 0.0003331 secs] [Times: user=0.00 sys=0.00, real=0.00 secs] 
2021-03-22T17:58:55.330+0800: 9.799: [GC (Allocation Failure) 2021-03-22T17:58:55.330+0800: 9.799: [DefNew: 35072K->0K(39424K), 0.0002558 secs] 37029K->1957K(126848K), 0.0003564 secs] [Times: user=0.00 sys=0.00, real=0.00 secs] 
2021-03-22T17:58:55.356+0800: 9.825: [GC (Allocation Failure) 2021-03-22T17:58:55.356+0800: 9.825: [DefNew: 35072K->0K(39424K), 0.0001907 secs] 37029K->1957K(126848K), 0.0002303 secs] [Times: user=0.00 sys=0.00, real=0.00 secs] 
2021-03-22T17:58:55.383+0800: 9.852: [GC (Allocation Failure) 2021-03-22T17:58:55.383+0800: 9.852: [DefNew: 35072K->0K(39424K), 0.0002024 secs] 37029K->1957K(126848K), 0.0002422 secs] [Times: user=0.00 sys=0.00, real=0.00 secs] 
2021-03-22T17:58:55.413+0800: 9.883: [GC (Allocation Failure) 2021-03-22T17:58:55.413+0800: 9.883: [DefNew: 35072K->0K(39424K), 0.0002464 secs] 37029K->1957K(126848K), 0.0002951 secs] [Times: user=0.00 sys=0.00, real=0.00 secs] 
2021-03-22T17:58:55.437+0800: 9.907: [GC (Allocation Failure) 2021-03-22T17:58:55.437+0800: 9.907: [DefNew: 35072K->0K(39424K), 0.0002452 secs] 37029K->1957K(126848K), 0.0003178 secs] [Times: user=0.00 sys=0.00, real=0.00 secs] 
2021-03-22T17:58:55.461+0800: 9.931: [GC (Allocation Failure) 2021-03-22T17:58:55.461+0800: 9.931: [DefNew: 35072K->0K(39424K), 0.0002050 secs] 37029K->1957K(126848K), 0.0002516 secs] [Times: user=0.00 sys=0.00, real=0.00 secs] 
2021-03-22T17:58:55.483+0800: 9.953: [GC (Allocation Failure) 2021-03-22T17:58:55.483+0800: 9.953: [DefNew: 35072K->0K(39424K), 0.0001835 secs] 37029K->1957K(126848K), 0.0002178 secs] [Times: user=0.00 sys=0.00, real=0.00 secs] 
2021-03-22T17:58:55.508+0800: 9.978: [GC (Allocation Failure) 2021-03-22T17:58:55.508+0800: 9.978: [DefNew: 35072K->0K(39424K), 0.0002350 secs] 37029K->1957K(126848K), 0.0002692 secs] [Times: user=0.00 sys=0.00, real=0.00 secs] 
2021-03-22T17:58:55.533+0800: 10.003: [GC (Allocation Failure) 2021-03-22T17:58:55.533+0800: 10.003: [DefNew: 35072K->0K(39424K), 0.0002281 secs] 37029K->1957K(126848K), 0.0002702 secs] [Times: user=0.00 sys=0.00, real=0.00 secs] 
2021-03-22T17:58:55.565+0800: 10.035: [GC (Allocation Failure) 2021-03-22T17:58:55.565+0800: 10.035: [DefNew: 35072K->0K(39424K), 0.0002603 secs] 37029K->1957K(126848K), 0.0003007 secs] [Times: user=0.02 sys=0.00, real=0.00 secs] 
2021-03-22T17:58:55.596+0800: 10.066: [GC (Allocation Failure) 2021-03-22T17:58:55.596+0800: 10.066: [DefNew: 35072K->0K(39424K), 0.0002534 secs] 37029K->1957K(126848K), 0.0003090 secs] [Times: user=0.01 sys=0.00, real=0.00 secs] 
2021-03-22T17:58:55.624+0800: 10.093: [GC (Allocation Failure) 2021-03-22T17:58:55.624+0800: 10.093: [DefNew: 35072K->0K(39424K), 0.0004197 secs] 37029K->1957K(126848K), 0.0004810 secs] [Times: user=0.00 sys=0.00, real=0.00 secs] 
2021-03-22T17:58:55.654+0800: 10.124: [GC (Allocation Failure) 2021-03-22T17:58:55.654+0800: 10.124: [DefNew: 35072K->0K(39424K), 0.0003765 secs] 37029K->1957K(126848K), 0.0004178 secs] [Times: user=0.00 sys=0.00, real=0.00 secs] 
2021-03-22T17:58:55.677+0800: 10.147: [GC (Allocation Failure) 2021-03-22T17:58:55.677+0800: 10.147: [DefNew: 35072K->0K(39424K), 0.0003779 secs] 37029K->1957K(126848K), 0.0004313 secs] [Times: user=0.00 sys=0.00, real=0.00 secs] 
2021-03-22T17:58:55.711+0800: 10.180: [GC (Allocation Failure) 2021-03-22T17:58:55.711+0800: 10.180: [DefNew: 35072K->0K(39424K), 0.0002932 secs] 37029K->1957K(126848K), 0.0003567 secs] [Times: user=0.00 sys=0.00, real=0.00 secs] 
2021-03-22T17:58:55.744+0800: 10.213: [GC (Allocation Failure) 2021-03-22T17:58:55.744+0800: 10.213: [DefNew: 35072K->0K(39424K), 0.0002268 secs] 37029K->1957K(126848K), 0.0002707 secs] [Times: user=0.00 sys=0.00, real=0.00 secs] 
2021-03-22T17:58:55.769+0800: 10.239: [GC (Allocation Failure) 2021-03-22T17:58:55.769+0800: 10.239: [DefNew: 35072K->0K(39424K), 0.0002860 secs] 37029K->1957K(126848K), 0.0003559 secs] [Times: user=0.00 sys=0.00, real=0.00 secs] 
2021-03-22T17:58:55.794+0800: 10.264: [GC (Allocation Failure) 2021-03-22T17:58:55.794+0800: 10.264: [DefNew: 35072K->0K(39424K), 0.0001919 secs] 37029K->1957K(126848K), 0.0002258 secs] [Times: user=0.00 sys=0.00, real=0.00 secs] 
2021-03-22T17:58:55.816+0800: 10.286: [GC (Allocation Failure) 2021-03-22T17:58:55.816+0800: 10.286: [DefNew: 35072K->0K(39424K), 0.0001932 secs] 37029K->1957K(126848K), 0.0002307 secs] [Times: user=0.00 sys=0.00, real=0.00 secs] 
2021-03-22T17:58:55.841+0800: 10.311: [GC (Allocation Failure) 2021-03-22T17:58:55.841+0800: 10.311: [DefNew: 35072K->0K(39424K), 0.0002751 secs] 37029K->1957K(126848K), 0.0003154 secs] [Times: user=0.00 sys=0.00, real=0.00 secs] 
2021-03-22T17:58:55.863+0800: 10.333: [GC (Allocation Failure) 2021-03-22T17:58:55.863+0800: 10.333: [DefNew: 35072K->0K(39424K), 0.0001896 secs] 37029K->1957K(126848K), 0.0002265 secs] [Times: user=0.00 sys=0.00, real=0.00 secs] 
2021-03-22T17:58:55.892+0800: 10.362: [GC (Allocation Failure) 2021-03-22T17:58:55.892+0800: 10.362: [DefNew: 35072K->0K(39424K), 0.0002488 secs] 37029K->1957K(126848K), 0.0002908 secs] [Times: user=0.00 sys=0.00, real=0.00 secs] 
2021-03-22T17:58:55.916+0800: 10.386: [GC (Allocation Failure) 2021-03-22T17:58:55.917+0800: 10.386: [DefNew: 35072K->0K(39424K), 0.0004081 secs] 37029K->1957K(126848K), 0.0004813 secs] [Times: user=0.00 sys=0.00, real=0.00 secs] 
2021-03-22T17:58:55.941+0800: 10.411: [GC (Allocation Failure) 2021-03-22T17:58:55.941+0800: 10.411: [DefNew: 35072K->0K(39424K), 0.0002363 secs] 37029K->1957K(126848K), 0.0002916 secs] [Times: user=0.00 sys=0.00, real=0.00 secs] 
2021-03-22T17:58:55.963+0800: 10.433: [GC (Allocation Failure) 2021-03-22T17:58:55.963+0800: 10.433: [DefNew: 35072K->0K(39424K), 0.0002403 secs] 37029K->1957K(126848K), 0.0002756 secs] [Times: user=0.00 sys=0.00, real=0.00 secs] 
2021-03-22T17:58:55.989+0800: 10.458: [GC (Allocation Failure) 2021-03-22T17:58:55.989+0800: 10.458: [DefNew: 35072K->0K(39424K), 0.0001960 secs] 37029K->1957K(126848K), 0.0002292 secs] [Times: user=0.00 sys=0.00, real=0.00 secs] 
2021-03-22T17:58:56.027+0800: 10.496: [GC (Allocation Failure) 2021-03-22T17:58:56.027+0800: 10.496: [DefNew: 35072K->0K(39424K), 0.0004078 secs] 37029K->1957K(126848K), 0.0004922 secs] [Times: user=0.00 sys=0.00, real=0.00 secs] 
2021-03-22T17:58:56.067+0800: 10.536: [GC (Allocation Failure) 2021-03-22T17:58:56.067+0800: 10.536: [DefNew: 35072K->0K(39424K), 0.0002026 secs] 37029K->1957K(126848K), 0.0002583 secs] [Times: user=0.00 sys=0.00, real=0.00 secs] 
2021-03-22T17:58:56.108+0800: 10.577: [GC (Allocation Failure) 2021-03-22T17:58:56.108+0800: 10.577: [DefNew: 35072K->0K(39424K), 0.0006723 secs] 37029K->1957K(126848K), 0.0007790 secs] [Times: user=0.00 sys=0.00, real=0.00 secs] 
2021-03-22T17:58:56.170+0800: 10.640: [GC (Allocation Failure) 2021-03-22T17:58:56.170+0800: 10.640: [DefNew: 35072K->0K(39424K), 0.0001906 secs] 37029K->1957K(126848K), 0.0002328 secs] [Times: user=0.00 sys=0.00, real=0.00 secs] 
2021-03-22T17:58:56.211+0800: 10.681: [GC (Allocation Failure) 2021-03-22T17:58:56.211+0800: 10.681: [DefNew: 35072K->0K(39424K), 0.0003477 secs] 37029K->1957K(126848K), 0.0004245 secs] [Times: user=0.00 sys=0.00, real=0.00 secs] 
2021-03-22T17:58:56.253+0800: 10.722: [GC (Allocation Failure) 2021-03-22T17:58:56.253+0800: 10.722: [DefNew: 35072K->0K(39424K), 0.0002276 secs] 37029K->1957K(126848K), 0.0002818 secs] [Times: user=0.00 sys=0.00, real=0.00 secs] 
2021-03-22T17:58:56.282+0800: 10.752: [GC (Allocation Failure) 2021-03-22T17:58:56.282+0800: 10.752: [DefNew: 35072K->0K(39424K), 0.0001950 secs] 37029K->1957K(126848K), 0.0002326 secs] [Times: user=0.00 sys=0.00, real=0.00 secs] 
2021-03-22T17:58:56.305+0800: 10.775: [GC (Allocation Failure) 2021-03-22T17:58:56.305+0800: 10.775: [DefNew: 35072K->0K(39424K), 0.0002507 secs] 37029K->1957K(126848K), 0.0002867 secs] [Times: user=0.00 sys=0.00, real=0.00 secs] 
2021-03-22T17:58:56.342+0800: 10.811: [GC (Allocation Failure) 2021-03-22T17:58:56.342+0800: 10.811: [DefNew: 35072K->0K(39424K), 0.0001897 secs] 37029K->1957K(126848K), 0.0002364 secs] [Times: user=0.00 sys=0.00, real=0.00 secs] 
2021-03-22T17:58:56.368+0800: 10.837: [GC (Allocation Failure) 2021-03-22T17:58:56.368+0800: 10.837: [DefNew: 35072K->0K(39424K), 0.0001927 secs] 37029K->1957K(126848K), 0.0002246 secs] [Times: user=0.00 sys=0.00, real=0.00 secs] 
2021-03-22T17:58:56.403+0800: 10.872: [GC (Allocation Failure) 2021-03-22T17:58:56.403+0800: 10.872: [DefNew: 35072K->0K(39424K), 0.0002015 secs] 37029K->1957K(126848K), 0.0002399 secs] [Times: user=0.00 sys=0.00, real=0.00 secs] 
2021-03-22T17:58:56.427+0800: 10.896: [GC (Allocation Failure) 2021-03-22T17:58:56.427+0800: 10.896: [DefNew: 35072K->0K(39424K), 0.0001889 secs] 37029K->1957K(126848K), 0.0002741 secs] [Times: user=0.00 sys=0.00, real=0.00 secs] 
2021-03-22T17:58:56.448+0800: 10.917: [GC (Allocation Failure) 2021-03-22T17:58:56.448+0800: 10.917: [DefNew: 35072K->0K(39424K), 0.0002265 secs] 37029K->1957K(126848K), 0.0002635 secs] [Times: user=0.00 sys=0.00, real=0.00 secs] 
2021-03-22T17:58:56.473+0800: 10.942: [GC (Allocation Failure) 2021-03-22T17:58:56.473+0800: 10.942: [DefNew: 35072K->0K(39424K), 0.0001850 secs] 37029K->1957K(126848K), 0.0002214 secs] [Times: user=0.00 sys=0.00, real=0.00 secs] 
2021-03-22T17:58:56.498+0800: 10.967: [GC (Allocation Failure) 2021-03-22T17:58:56.498+0800: 10.967: [DefNew: 35072K->0K(39424K), 0.0001899 secs] 37029K->1957K(126848K), 0.0002281 secs] [Times: user=0.00 sys=0.00, real=0.00 secs] 
2021-03-22T17:58:56.519+0800: 10.989: [GC (Allocation Failure) 2021-03-22T17:58:56.519+0800: 10.989: [DefNew: 35072K->0K(39424K), 0.0001878 secs] 37029K->1957K(126848K), 0.0002224 secs] [Times: user=0.00 sys=0.00, real=0.00 secs] 
2021-03-22T17:58:56.543+0800: 11.013: [GC (Allocation Failure) 2021-03-22T17:58:56.543+0800: 11.013: [DefNew: 35072K->0K(39424K), 0.0001935 secs] 37029K->1957K(126848K), 0.0002254 secs] [Times: user=0.00 sys=0.00, real=0.00 secs] 
2021-03-22T17:58:56.567+0800: 11.037: [GC (Allocation Failure) 2021-03-22T17:58:56.567+0800: 11.037: [DefNew: 35072K->0K(39424K), 0.0001913 secs] 37029K->1957K(126848K), 0.0002557 secs] [Times: user=0.00 sys=0.00, real=0.00 secs] 
2021-03-22T17:58:56.593+0800: 11.062: [GC (Allocation Failure) 2021-03-22T17:58:56.593+0800: 11.062: [DefNew: 35072K->0K(39424K), 0.0002137 secs] 37029K->1957K(126848K), 0.0003056 secs] [Times: user=0.00 sys=0.00, real=0.00 secs] 
2021-03-22T17:58:56.614+0800: 11.084: [GC (Allocation Failure) 2021-03-22T17:58:56.614+0800: 11.084: [DefNew: 35072K->0K(39424K), 0.0002192 secs] 37029K->1957K(126848K), 0.0002589 secs] [Times: user=0.00 sys=0.00, real=0.00 secs] 
2021-03-22T17:58:56.645+0800: 11.114: [GC (Allocation Failure) 2021-03-22T17:58:56.645+0800: 11.114: [DefNew: 35072K->0K(39424K), 0.0002415 secs] 37029K->1957K(126848K), 0.0002851 secs] [Times: user=0.00 sys=0.00, real=0.00 secs] 
2021-03-22T17:58:56.672+0800: 11.142: [GC (Allocation Failure) 2021-03-22T17:58:56.672+0800: 11.142: [DefNew: 35072K->0K(39424K), 0.0003273 secs] 37029K->1957K(126848K), 0.0003896 secs] [Times: user=0.00 sys=0.00, real=0.00 secs] 
2021-03-22T17:58:56.697+0800: 11.166: [GC (Allocation Failure) 2021-03-22T17:58:56.697+0800: 11.166: [DefNew: 35072K->0K(39424K), 0.0001911 secs] 37029K->1957K(126848K), 0.0002286 secs] [Times: user=0.00 sys=0.00, real=0.00 secs] 
2021-03-22T17:58:56.720+0800: 11.189: [GC (Allocation Failure) 2021-03-22T17:58:56.720+0800: 11.189: [DefNew: 35072K->0K(39424K), 0.0002077 secs] 37029K->1957K(126848K), 0.0003001 secs] [Times: user=0.00 sys=0.00, real=0.00 secs] 
2021-03-22T17:58:56.743+0800: 11.213: [GC (Allocation Failure) 2021-03-22T17:58:56.743+0800: 11.213: [DefNew: 35072K->0K(39424K), 0.0001913 secs] 37029K->1957K(126848K), 0.0002248 secs] [Times: user=0.00 sys=0.00, real=0.00 secs] 
2021-03-22T17:58:56.765+0800: 11.234: [GC (Allocation Failure) 2021-03-22T17:58:56.765+0800: 11.234: [DefNew: 35072K->0K(39424K), 0.0001931 secs] 37029K->1957K(126848K), 0.0002252 secs] [Times: user=0.00 sys=0.00, real=0.00 secs] 
2021-03-22T17:58:56.787+0800: 11.256: [GC (Allocation Failure) 2021-03-22T17:58:56.787+0800: 11.256: [DefNew: 35072K->0K(39424K), 0.0001935 secs] 37029K->1957K(126848K), 0.0002312 secs] [Times: user=0.00 sys=0.00, real=0.00 secs] 
2021-03-22T17:58:56.813+0800: 11.283: [GC (Allocation Failure) 2021-03-22T17:58:56.813+0800: 11.283: [DefNew: 35072K->0K(39424K), 0.0002399 secs] 37029K->1957K(126848K), 0.0002773 secs] [Times: user=0.00 sys=0.00, real=0.00 secs] 
2021-03-22T17:58:56.835+0800: 11.304: [GC (Allocation Failure) 2021-03-22T17:58:56.835+0800: 11.304: [DefNew: 35072K->0K(39424K), 0.0001990 secs] 37029K->1957K(126848K), 0.0002318 secs] [Times: user=0.00 sys=0.00, real=0.00 secs] 
2021-03-22T17:58:56.857+0800: 11.327: [GC (Allocation Failure) 2021-03-22T17:58:56.858+0800: 11.327: [DefNew: 35072K->0K(39424K), 0.0002756 secs] 37029K->1957K(126848K), 0.0003352 secs] [Times: user=0.00 sys=0.00, real=0.00 secs] 
2021-03-22T17:58:56.884+0800: 11.353: [GC (Allocation Failure) 2021-03-22T17:58:56.884+0800: 11.353: [DefNew: 35072K->0K(39424K), 0.0002354 secs] 37029K->1957K(126848K), 0.0002755 secs] [Times: user=0.00 sys=0.00, real=0.00 secs] 
2021-03-22T17:58:56.914+0800: 11.384: [GC (Allocation Failure) 2021-03-22T17:58:56.914+0800: 11.384: [DefNew: 35072K->0K(39424K), 0.0002497 secs] 37029K->1957K(126848K), 0.0002866 secs] [Times: user=0.00 sys=0.00, real=0.00 secs] 
2021-03-22T17:58:56.937+0800: 11.407: [GC (Allocation Failure) 2021-03-22T17:58:56.937+0800: 11.407: [DefNew: 35072K->0K(39424K), 0.0001919 secs] 37029K->1957K(126848K), 0.0002267 secs] [Times: user=0.00 sys=0.00, real=0.00 secs] 
2021-03-22T17:58:56.960+0800: 11.430: [GC (Allocation Failure) 2021-03-22T17:58:56.960+0800: 11.430: [DefNew: 35072K->0K(39424K), 0.0001971 secs] 37029K->1957K(126848K), 0.0002325 secs] [Times: user=0.00 sys=0.00, real=0.00 secs] 
2021-03-22T17:58:56.987+0800: 11.456: [GC (Allocation Failure) 2021-03-22T17:58:56.987+0800: 11.456: [DefNew: 35072K->0K(39424K), 0.0002130 secs] 37029K->1957K(126848K), 0.0002636 secs] [Times: user=0.00 sys=0.00, real=0.00 secs] 
2021-03-22T17:58:57.018+0800: 11.487: [GC (Allocation Failure) 2021-03-22T17:58:57.018+0800: 11.487: [DefNew: 35072K->0K(39424K), 0.0002396 secs] 37029K->1957K(126848K), 0.0002927 secs] [Times: user=0.00 sys=0.00, real=0.00 secs] 
2021-03-22T17:58:57.047+0800: 11.517: [GC (Allocation Failure) 2021-03-22T17:58:57.047+0800: 11.517: [DefNew: 35072K->0K(39424K), 0.0001875 secs] 37029K->1957K(126848K), 0.0002219 secs] [Times: user=0.00 sys=0.00, real=0.00 secs] 
2021-03-22T17:58:57.069+0800: 11.539: [GC (Allocation Failure) 2021-03-22T17:58:57.069+0800: 11.539: [DefNew: 35072K->0K(39424K), 0.0001982 secs] 37029K->1957K(126848K), 0.0002325 secs] [Times: user=0.00 sys=0.00, real=0.00 secs] 
2021-03-22T17:58:57.093+0800: 11.562: [GC (Allocation Failure) 2021-03-22T17:58:57.093+0800: 11.562: [DefNew: 35072K->0K(39424K), 0.0001933 secs] 37029K->1957K(126848K), 0.0002652 secs] [Times: user=0.00 sys=0.00, real=0.00 secs] 
2021-03-22T17:58:57.115+0800: 11.584: [GC (Allocation Failure) 2021-03-22T17:58:57.115+0800: 11.584: [DefNew: 35072K->0K(39424K), 0.0001881 secs] 37029K->1957K(126848K), 0.0002202 secs] [Times: user=0.00 sys=0.00, real=0.00 secs] 
2021-03-22T17:58:57.139+0800: 11.609: [GC (Allocation Failure) 2021-03-22T17:58:57.139+0800: 11.609: [DefNew: 35072K->0K(39424K), 0.0002587 secs] 37029K->1957K(126848K), 0.0002953 secs] [Times: user=0.00 sys=0.00, real=0.00 secs] 
2021-03-22T17:58:57.169+0800: 11.638: [GC (Allocation Failure) 2021-03-22T17:58:57.169+0800: 11.638: [DefNew: 35072K->0K(39424K), 0.0002262 secs] 37029K->1957K(126848K), 0.0002579 secs] [Times: user=0.00 sys=0.00, real=0.00 secs] 
2021-03-22T17:58:57.193+0800: 11.662: [GC (Allocation Failure) 2021-03-22T17:58:57.193+0800: 11.662: [DefNew: 35072K->0K(39424K), 0.0001890 secs] 37029K->1957K(126848K), 0.0002266 secs] [Times: user=0.00 sys=0.00, real=0.00 secs] 
2021-03-22T17:58:57.217+0800: 11.686: [GC (Allocation Failure) 2021-03-22T17:58:57.217+0800: 11.686: [DefNew: 35072K->0K(39424K), 0.0001926 secs] 37029K->1957K(126848K), 0.0002263 secs] [Times: user=0.00 sys=0.00, real=0.00 secs] 
2021-03-22T17:58:57.239+0800: 11.708: [GC (Allocation Failure) 2021-03-22T17:58:57.239+0800: 11.708: [DefNew: 35072K->0K(39424K), 0.0001918 secs] 37029K->1957K(126848K), 0.0002392 secs] [Times: user=0.00 sys=0.00, real=0.00 secs] 
2021-03-22T17:58:57.261+0800: 11.731: [GC (Allocation Failure) 2021-03-22T17:58:57.261+0800: 11.731: [DefNew: 35072K->0K(39424K), 0.0003291 secs] 37029K->1957K(126848K), 0.0003810 secs] [Times: user=0.00 sys=0.00, real=0.00 secs] 
2021-03-22T17:58:57.285+0800: 11.755: [GC (Allocation Failure) 2021-03-22T17:58:57.285+0800: 11.755: [DefNew: 35072K->0K(39424K), 0.0002219 secs] 37029K->1957K(126848K), 0.0002588 secs] [Times: user=0.00 sys=0.00, real=0.00 secs] 
2021-03-22T17:58:57.309+0800: 11.778: [GC (Allocation Failure) 2021-03-22T17:58:57.309+0800: 11.778: [DefNew: 35072K->0K(39424K), 0.0001934 secs] 37029K->1957K(126848K), 0.0002330 secs] [Times: user=0.00 sys=0.00, real=0.00 secs] 
2021-03-22T17:58:57.330+0800: 11.800: [GC (Allocation Failure) 2021-03-22T17:58:57.330+0800: 11.800: [DefNew: 35072K->0K(39424K), 0.0002263 secs] 37029K->1957K(126848K), 0.0002592 secs] [Times: user=0.02 sys=0.00, real=0.00 secs] 
2021-03-22T17:58:57.355+0800: 11.825: [GC (Allocation Failure) 2021-03-22T17:58:57.355+0800: 11.825: [DefNew: 35072K->0K(39424K), 0.0001906 secs] 37029K->1957K(126848K), 0.0002284 secs] [Times: user=0.00 sys=0.00, real=0.00 secs] 
2021-03-22T17:58:57.379+0800: 11.849: [GC (Allocation Failure) 2021-03-22T17:58:57.379+0800: 11.849: [DefNew: 35072K->0K(39424K), 0.0002386 secs] 37029K->1957K(126848K), 0.0002984 secs] [Times: user=0.00 sys=0.00, real=0.00 secs] 
2021-03-22T17:58:57.411+0800: 11.881: [GC (Allocation Failure) 2021-03-22T17:58:57.411+0800: 11.881: [DefNew: 35072K->0K(39424K), 0.0003960 secs] 37029K->1957K(126848K), 0.0004429 secs] [Times: user=0.00 sys=0.00, real=0.00 secs] 
2021-03-22T17:58:57.435+0800: 11.905: [GC (Allocation Failure) 2021-03-22T17:58:57.435+0800: 11.905: [DefNew: 35072K->0K(39424K), 0.0001936 secs] 37029K->1957K(126848K), 0.0002297 secs] [Times: user=0.00 sys=0.00, real=0.00 secs] 
2021-03-22T17:58:57.457+0800: 11.926: [GC (Allocation Failure) 2021-03-22T17:58:57.457+0800: 11.926: [DefNew: 35072K->0K(39424K), 0.0003940 secs] 37029K->1957K(126848K), 0.0004632 secs] [Times: user=0.00 sys=0.00, real=0.00 secs] 
2021-03-22T17:58:57.480+0800: 11.949: [GC (Allocation Failure) 2021-03-22T17:58:57.480+0800: 11.949: [DefNew: 35072K->0K(39424K), 0.0002617 secs] 37029K->1957K(126848K), 0.0003090 secs] [Times: user=0.00 sys=0.00, real=0.00 secs] 
2021-03-22T17:58:57.502+0800: 11.972: [GC (Allocation Failure) 2021-03-22T17:58:57.502+0800: 11.972: [DefNew: 35072K->0K(39424K), 0.0002262 secs] 37029K->1957K(126848K), 0.0002624 secs] [Times: user=0.00 sys=0.00, real=0.00 secs] 
2021-03-22T17:58:57.525+0800: 11.994: [GC (Allocation Failure) 2021-03-22T17:58:57.525+0800: 11.994: [DefNew: 35072K->0K(39424K), 0.0001895 secs] 37029K->1957K(126848K), 0.0002313 secs] [Times: user=0.00 sys=0.00, real=0.00 secs] 
2021-03-22T17:58:57.547+0800: 12.016: [GC (Allocation Failure) 2021-03-22T17:58:57.547+0800: 12.016: [DefNew: 35072K->0K(39424K), 0.0001882 secs] 37029K->1957K(126848K), 0.0002217 secs] [Times: user=0.00 sys=0.00, real=0.00 secs] 
2021-03-22T17:58:57.570+0800: 12.039: [GC (Allocation Failure) 2021-03-22T17:58:57.570+0800: 12.039: [DefNew: 35072K->0K(39424K), 0.0003038 secs] 37029K->1957K(126848K), 0.0003638 secs] [Times: user=0.00 sys=0.00, real=0.00 secs] 
2021-03-22T17:58:57.595+0800: 12.064: [GC (Allocation Failure) 2021-03-22T17:58:57.595+0800: 12.064: [DefNew: 35072K->0K(39424K), 0.0002343 secs] 37029K->1957K(126848K), 0.0002731 secs] [Times: user=0.00 sys=0.00, real=0.00 secs] 
2021-03-22T17:58:57.619+0800: 12.088: [GC (Allocation Failure) 2021-03-22T17:58:57.619+0800: 12.088: [DefNew: 35072K->0K(39424K), 0.0001919 secs] 37029K->1957K(126848K), 0.0002249 secs] [Times: user=0.00 sys=0.00, real=0.00 secs] 
2021-03-22T17:58:57.648+0800: 12.118: [GC (Allocation Failure) 2021-03-22T17:58:57.648+0800: 12.118: [DefNew: 35072K->0K(39424K), 0.0002366 secs] 37029K->1957K(126848K), 0.0002747 secs] [Times: user=0.00 sys=0.00, real=0.00 secs] 
2021-03-22T17:58:57.676+0800: 12.146: [GC (Allocation Failure) 2021-03-22T17:58:57.676+0800: 12.146: [DefNew: 35072K->0K(39424K), 0.0002254 secs] 37029K->1957K(126848K), 0.0002631 secs] [Times: user=0.00 sys=0.00, real=0.00 secs] 
2021-03-22T17:58:57.702+0800: 12.171: [GC (Allocation Failure) 2021-03-22T17:58:57.702+0800: 12.171: [DefNew: 35072K->0K(39424K), 0.0001968 secs] 37029K->1957K(126848K), 0.0002549 secs] [Times: user=0.00 sys=0.00, real=0.00 secs] 
2021-03-22T17:58:57.724+0800: 12.194: [GC (Allocation Failure) 2021-03-22T17:58:57.724+0800: 12.194: [DefNew: 35072K->0K(39424K), 0.0002649 secs] 37029K->1957K(126848K), 0.0003014 secs] [Times: user=0.00 sys=0.00, real=0.00 secs] 
2021-03-22T17:58:57.747+0800: 12.217: [GC (Allocation Failure) 2021-03-22T17:58:57.747+0800: 12.217: [DefNew: 35072K->0K(39424K), 0.0002291 secs] 37029K->1957K(126848K), 0.0002660 secs] [Times: user=0.00 sys=0.00, real=0.00 secs] 
2021-03-22T17:58:57.769+0800: 12.238: [GC (Allocation Failure) 2021-03-22T17:58:57.769+0800: 12.238: [DefNew: 35072K->0K(39424K), 0.0002222 secs] 37029K->1957K(126848K), 0.0002540 secs] [Times: user=0.00 sys=0.00, real=0.00 secs] 
2021-03-22T17:58:57.793+0800: 12.263: [GC (Allocation Failure) 2021-03-22T17:58:57.794+0800: 12.263: [DefNew: 35072K->0K(39424K), 0.0002342 secs] 37029K->1957K(126848K), 0.0002882 secs] [Times: user=0.00 sys=0.00, real=0.00 secs] 
2021-03-22T17:58:57.817+0800: 12.286: [GC (Allocation Failure) 2021-03-22T17:58:57.817+0800: 12.286: [DefNew: 35072K->0K(39424K), 0.0002246 secs] 37029K->1957K(126848K), 0.0002627 secs] [Times: user=0.00 sys=0.00, real=0.00 secs] 
2021-03-22T17:58:57.839+0800: 12.308: [GC (Allocation Failure) 2021-03-22T17:58:57.839+0800: 12.308: [DefNew: 35072K->0K(39424K), 0.0001920 secs] 37029K->1957K(126848K), 0.0002269 secs] [Times: user=0.00 sys=0.00, real=0.00 secs] 
2021-03-22T17:58:57.862+0800: 12.331: [GC (Allocation Failure) 2021-03-22T17:58:57.862+0800: 12.331: [DefNew: 35072K->0K(39424K), 0.0002199 secs] 37029K->1957K(126848K), 0.0002570 secs] [Times: user=0.00 sys=0.00, real=0.00 secs] 
2021-03-22T17:58:57.887+0800: 12.356: [GC (Allocation Failure) 2021-03-22T17:58:57.887+0800: 12.356: [DefNew: 35072K->0K(39424K), 0.0001928 secs] 37029K->1957K(126848K), 0.0002331 secs] [Times: user=0.00 sys=0.00, real=0.00 secs] 
2021-03-22T17:58:57.917+0800: 12.386: [GC (Allocation Failure) 2021-03-22T17:58:57.917+0800: 12.386: [DefNew: 35072K->0K(39424K), 0.0002003 secs] 37029K->1957K(126848K), 0.0002395 secs] [Times: user=0.00 sys=0.00, real=0.00 secs] 
2021-03-22T17:58:57.940+0800: 12.409: [GC (Allocation Failure) 2021-03-22T17:58:57.940+0800: 12.409: [DefNew: 35072K->0K(39424K), 0.0002471 secs] 37029K->1957K(126848K), 0.0002897 secs] [Times: user=0.00 sys=0.00, real=0.00 secs] 
2021-03-22T17:58:57.964+0800: 12.433: [GC (Allocation Failure) 2021-03-22T17:58:57.964+0800: 12.433: [DefNew: 35072K->0K(39424K), 0.0002154 secs] 37029K->1957K(126848K), 0.0002500 secs] [Times: user=0.00 sys=0.00, real=0.00 secs] 
2021-03-22T17:58:57.986+0800: 12.455: [GC (Allocation Failure) 2021-03-22T17:58:57.986+0800: 12.455: [DefNew: 35072K->0K(39424K), 0.0001909 secs] 37029K->1957K(126848K), 0.0002292 secs] [Times: user=0.00 sys=0.00, real=0.00 secs] 
2021-03-22T17:58:58.011+0800: 12.481: [GC (Allocation Failure) 2021-03-22T17:58:58.011+0800: 12.481: [DefNew: 35072K->0K(39424K), 0.0001981 secs] 37029K->1957K(126848K), 0.0002337 secs] [Times: user=0.00 sys=0.00, real=0.00 secs] 
2021-03-22T17:58:58.033+0800: 12.503: [GC (Allocation Failure) 2021-03-22T17:58:58.033+0800: 12.503: [DefNew: 35072K->0K(39424K), 0.0002195 secs] 37029K->1957K(126848K), 0.0002571 secs] [Times: user=0.00 sys=0.00, real=0.00 secs] 
2021-03-22T17:58:58.057+0800: 12.526: [GC (Allocation Failure) 2021-03-22T17:58:58.057+0800: 12.526: [DefNew: 35072K->0K(39424K), 0.0003958 secs] 37029K->1957K(126848K), 0.0004705 secs] [Times: user=0.00 sys=0.00, real=0.00 secs] 
2021-03-22T17:58:58.080+0800: 12.550: [GC (Allocation Failure) 2021-03-22T17:58:58.080+0800: 12.550: [DefNew: 35072K->0K(39424K), 0.0002187 secs] 37029K->1957K(126848K), 0.0002583 secs] [Times: user=0.00 sys=0.00, real=0.00 secs] 
2021-03-22T17:58:58.118+0800: 12.588: [GC (Allocation Failure) 2021-03-22T17:58:58.118+0800: 12.588: [DefNew: 35072K->0K(39424K), 0.0002006 secs] 37029K->1957K(126848K), 0.0002343 secs] [Times: user=0.00 sys=0.00, real=0.00 secs] 
2021-03-22T17:58:58.181+0800: 12.650: [GC (Allocation Failure) 2021-03-22T17:58:58.181+0800: 12.650: [DefNew: 35072K->0K(39424K), 0.0001943 secs] 37029K->1957K(126848K), 0.0002326 secs] [Times: user=0.00 sys=0.00, real=0.00 secs] 
2021-03-22T17:58:58.217+0800: 12.686: [GC (Allocation Failure) 2021-03-22T17:58:58.217+0800: 12.686: [DefNew: 35072K->0K(39424K), 0.0002304 secs] 37029K->1957K(126848K), 0.0003350 secs] [Times: user=0.00 sys=0.00, real=0.00 secs] 
2021-03-22T17:58:58.262+0800: 12.732: [GC (Allocation Failure) 2021-03-22T17:58:58.262+0800: 12.732: [DefNew: 35072K->0K(39424K), 0.0002582 secs] 37029K->1957K(126848K), 0.0003135 secs] [Times: user=0.00 sys=0.00, real=0.00 secs] 
2021-03-22T17:58:58.303+0800: 12.773: [GC (Allocation Failure) 2021-03-22T17:58:58.303+0800: 12.773: [DefNew: 35072K->0K(39424K), 0.0002930 secs] 37029K->1957K(126848K), 0.0003668 secs] [Times: user=0.00 sys=0.00, real=0.00 secs] 
2021-03-22T17:58:58.345+0800: 12.814: [GC (Allocation Failure) 2021-03-22T17:58:58.345+0800: 12.814: [DefNew: 35072K->0K(39424K), 0.0002910 secs] 37029K->1957K(126848K), 0.0003362 secs] [Times: user=0.00 sys=0.00, real=0.00 secs] 
2021-03-22T17:58:58.380+0800: 12.849: [GC (Allocation Failure) 2021-03-22T17:58:58.380+0800: 12.849: [DefNew: 35072K->0K(39424K), 0.0006180 secs] 37029K->1957K(126848K), 0.0007025 secs] [Times: user=0.00 sys=0.00, real=0.00 secs] 
2021-03-22T17:58:58.432+0800: 12.901: [GC (Allocation Failure) 2021-03-22T17:58:58.432+0800: 12.901: [DefNew: 35072K->0K(39424K), 0.0002304 secs] 37029K->1957K(126848K), 0.0002705 secs] [Times: user=0.00 sys=0.00, real=0.00 secs] 
2021-03-22T17:58:58.463+0800: 12.932: [GC (Allocation Failure) 2021-03-22T17:58:58.463+0800: 12.932: [DefNew: 35072K->0K(39424K), 0.0002847 secs] 37029K->1957K(126848K), 0.0003459 secs] [Times: user=0.00 sys=0.00, real=0.00 secs] 
2021-03-22T17:58:58.493+0800: 12.963: [GC (Allocation Failure) 2021-03-22T17:58:58.493+0800: 12.963: [DefNew: 35072K->0K(39424K), 0.0001935 secs] 37029K->1957K(126848K), 0.0002316 secs] [Times: user=0.00 sys=0.00, real=0.00 secs] 
2021-03-22T17:58:58.521+0800: 12.990: [GC (Allocation Failure) 2021-03-22T17:58:58.521+0800: 12.990: [DefNew: 35072K->0K(39424K), 0.0002593 secs] 37029K->1957K(126848K), 0.0002958 secs] [Times: user=0.00 sys=0.00, real=0.00 secs] 
2021-03-22T17:58:58.544+0800: 13.013: [GC (Allocation Failure) 2021-03-22T17:58:58.544+0800: 13.013: [DefNew: 35072K->0K(39424K), 0.0002094 secs] 37029K->1957K(126848K), 0.0002524 secs] [Times: user=0.00 sys=0.00, real=0.00 secs] 
2021-03-22T17:58:58.567+0800: 13.037: [GC (Allocation Failure) 2021-03-22T17:58:58.567+0800: 13.037: [DefNew: 35072K->0K(39424K), 0.0001885 secs] 37029K->1957K(126848K), 0.0002259 secs] [Times: user=0.00 sys=0.00, real=0.00 secs] 
2021-03-22T17:58:58.594+0800: 13.063: [GC (Allocation Failure) 2021-03-22T17:58:58.594+0800: 13.063: [DefNew: 35072K->0K(39424K), 0.0001948 secs] 37029K->1957K(126848K), 0.0002471 secs] [Times: user=0.00 sys=0.00, real=0.00 secs] 
2021-03-22T17:58:58.617+0800: 13.086: [GC (Allocation Failure) 2021-03-22T17:58:58.617+0800: 13.086: [DefNew: 35072K->0K(39424K), 0.0002499 secs] 37029K->1957K(126848K), 0.0002896 secs] [Times: user=0.00 sys=0.00, real=0.00 secs] 
2021-03-22T17:58:58.645+0800: 13.114: [GC (Allocation Failure) 2021-03-22T17:58:58.645+0800: 13.114: [DefNew: 35072K->0K(39424K), 0.0002023 secs] 37029K->1957K(126848K), 0.0002421 secs] [Times: user=0.00 sys=0.00, real=0.00 secs] 
2021-03-22T17:58:58.676+0800: 13.145: [GC (Allocation Failure) 2021-03-22T17:58:58.676+0800: 13.145: [DefNew: 35072K->0K(39424K), 0.0003016 secs] 37029K->1957K(126848K), 0.0003724 secs] [Times: user=0.00 sys=0.00, real=0.00 secs] 
2021-03-22T17:58:58.700+0800: 13.169: [GC (Allocation Failure) 2021-03-22T17:58:58.700+0800: 13.169: [DefNew: 35072K->0K(39424K), 0.0002279 secs] 37029K->1957K(126848K), 0.0002623 secs] [Times: user=0.00 sys=0.00, real=0.00 secs] 
2021-03-22T17:58:58.722+0800: 13.191: [GC (Allocation Failure) 2021-03-22T17:58:58.722+0800: 13.191: [DefNew: 35072K->0K(39424K), 0.0001971 secs] 37029K->1957K(126848K), 0.0002369 secs] [Times: user=0.00 sys=0.00, real=0.00 secs] 
2021-03-22T17:58:58.745+0800: 13.214: [GC (Allocation Failure) 2021-03-22T17:58:58.745+0800: 13.214: [DefNew: 35072K->0K(39424K), 0.0002166 secs] 37029K->1957K(126848K), 0.0002551 secs] [Times: user=0.00 sys=0.00, real=0.00 secs] 
2021-03-22T17:58:58.767+0800: 13.237: [GC (Allocation Failure) 2021-03-22T17:58:58.767+0800: 13.237: [DefNew: 35072K->0K(39424K), 0.0002874 secs] 37029K->1957K(126848K), 0.0003235 secs] [Times: user=0.00 sys=0.00, real=0.00 secs] 
2021-03-22T17:58:58.790+0800: 13.260: [GC (Allocation Failure) 2021-03-22T17:58:58.790+0800: 13.260: [DefNew: 35072K->0K(39424K), 0.0004019 secs] 37029K->1957K(126848K), 0.0004782 secs] [Times: user=0.00 sys=0.00, real=0.00 secs] 
2021-03-22T17:58:58.814+0800: 13.284: [GC (Allocation Failure) 2021-03-22T17:58:58.814+0800: 13.284: [DefNew: 35072K->0K(39424K), 0.0001913 secs] 37029K->1957K(126848K), 0.0002291 secs] [Times: user=0.00 sys=0.00, real=0.00 secs] 
2021-03-22T17:58:58.839+0800: 13.309: [GC (Allocation Failure) 2021-03-22T17:58:58.839+0800: 13.309: [DefNew: 35072K->0K(39424K), 0.0001895 secs] 37029K->1957K(126848K), 0.0002268 secs] [Times: user=0.00 sys=0.00, real=0.00 secs] 
2021-03-22T17:58:58.863+0800: 13.333: [GC (Allocation Failure) 2021-03-22T17:58:58.863+0800: 13.333: [DefNew: 35072K->0K(39424K), 0.0001874 secs] 37029K->1957K(126848K), 0.0002236 secs] [Times: user=0.00 sys=0.00, real=0.00 secs] 
2021-03-22T17:58:58.892+0800: 13.362: [GC (Allocation Failure) 2021-03-22T17:58:58.893+0800: 13.362: [DefNew: 35072K->0K(39424K), 0.0005808 secs] 37029K->1957K(126848K), 0.0007612 secs] [Times: user=0.00 sys=0.00, real=0.00 secs] 
2021-03-22T17:58:58.922+0800: 13.391: [GC (Allocation Failure) 2021-03-22T17:58:58.922+0800: 13.391: [DefNew: 35072K->0K(39424K), 0.0001970 secs] 37029K->1957K(126848K), 0.0002313 secs] [Times: user=0.00 sys=0.00, real=0.00 secs] 
2021-03-22T17:58:58.945+0800: 13.414: [GC (Allocation Failure) 2021-03-22T17:58:58.945+0800: 13.414: [DefNew: 35072K->0K(39424K), 0.0002792 secs] 37029K->1957K(126848K), 0.0003335 secs] [Times: user=0.00 sys=0.00, real=0.00 secs] 
2021-03-22T17:58:58.967+0800: 13.436: [GC (Allocation Failure) 2021-03-22T17:58:58.967+0800: 13.436: [DefNew: 35072K->0K(39424K), 0.0001929 secs] 37029K->1957K(126848K), 0.0002350 secs] [Times: user=0.00 sys=0.00, real=0.00 secs] 
2021-03-22T17:58:58.989+0800: 13.459: [GC (Allocation Failure) 2021-03-22T17:58:58.989+0800: 13.459: [DefNew: 35072K->0K(39424K), 0.0001914 secs] 37029K->1957K(126848K), 0.0002269 secs] [Times: user=0.00 sys=0.00, real=0.00 secs] 
2021-03-22T17:58:59.013+0800: 13.483: [GC (Allocation Failure) 2021-03-22T17:58:59.013+0800: 13.483: [DefNew: 35072K->0K(39424K), 0.0001862 secs] 37029K->1957K(126848K), 0.0002191 secs] [Times: user=0.00 sys=0.00, real=0.00 secs] 
2021-03-22T17:58:59.039+0800: 13.508: [GC (Allocation Failure) 2021-03-22T17:58:59.039+0800: 13.508: [DefNew: 35072K->0K(39424K), 0.0001906 secs] 37029K->1957K(126848K), 0.0002265 secs] [Times: user=0.00 sys=0.00, real=0.00 secs] 
2021-03-22T17:58:59.062+0800: 13.531: [GC (Allocation Failure) 2021-03-22T17:58:59.062+0800: 13.531: [DefNew: 35072K->0K(39424K), 0.0002645 secs] 37029K->1957K(126848K), 0.0003025 secs] [Times: user=0.00 sys=0.00, real=0.00 secs] 
2021-03-22T17:58:59.084+0800: 13.553: [GC (Allocation Failure) 2021-03-22T17:58:59.084+0800: 13.553: [DefNew: 35072K->0K(39424K), 0.0002141 secs] 37029K->1957K(126848K), 0.0002479 secs] [Times: user=0.00 sys=0.00, real=0.00 secs] 
2021-03-22T17:58:59.109+0800: 13.578: [GC (Allocation Failure) 2021-03-22T17:58:59.109+0800: 13.578: [DefNew: 35072K->0K(39424K), 0.0002057 secs] 37029K->1957K(126848K), 0.0002452 secs] [Times: user=0.00 sys=0.00, real=0.00 secs] 
2021-03-22T17:58:59.130+0800: 13.600: [GC (Allocation Failure) 2021-03-22T17:58:59.130+0800: 13.600: [DefNew: 35072K->0K(39424K), 0.0001929 secs] 37029K->1957K(126848K), 0.0002308 secs] [Times: user=0.00 sys=0.00, real=0.00 secs] 
2021-03-22T17:58:59.159+0800: 13.629: [GC (Allocation Failure) 2021-03-22T17:58:59.159+0800: 13.629: [DefNew: 35072K->0K(39424K), 0.0002265 secs] 37029K->1957K(126848K), 0.0002659 secs] [Times: user=0.00 sys=0.00, real=0.00 secs] 
2021-03-22T17:58:59.186+0800: 13.656: [GC (Allocation Failure) 2021-03-22T17:58:59.186+0800: 13.656: [DefNew: 35072K->0K(39424K), 0.0002504 secs] 37029K->1957K(126848K), 0.0002904 secs] [Times: user=0.00 sys=0.00, real=0.00 secs] 
2021-03-22T17:58:59.211+0800: 13.681: [GC (Allocation Failure) 2021-03-22T17:58:59.211+0800: 13.681: [DefNew: 35072K->0K(39424K), 0.0002071 secs] 37029K->1957K(126848K), 0.0002409 secs] [Times: user=0.00 sys=0.00, real=0.00 secs] 
2021-03-22T17:58:59.235+0800: 13.705: [GC (Allocation Failure) 2021-03-22T17:58:59.235+0800: 13.705: [DefNew: 35072K->0K(39424K), 0.0001911 secs] 37029K->1957K(126848K), 0.0002270 secs] [Times: user=0.00 sys=0.00, real=0.00 secs] 
2021-03-22T17:58:59.258+0800: 13.728: [GC (Allocation Failure) 2021-03-22T17:58:59.258+0800: 13.728: [DefNew: 35072K->0K(39424K), 0.0002203 secs] 37029K->1957K(126848K), 0.0002597 secs] [Times: user=0.00 sys=0.00, real=0.00 secs] 
2021-03-22T17:58:59.280+0800: 13.750: [GC (Allocation Failure) 2021-03-22T17:58:59.280+0800: 13.750: [DefNew: 35072K->0K(39424K), 0.0002604 secs] 37029K->1957K(126848K), 0.0003012 secs] [Times: user=0.00 sys=0.00, real=0.00 secs] 
2021-03-22T17:58:59.304+0800: 13.773: [GC (Allocation Failure) 2021-03-22T17:58:59.304+0800: 13.773: [DefNew: 35072K->0K(39424K), 0.0002872 secs] 37029K->1957K(126848K), 0.0003277 secs] [Times: user=0.00 sys=0.00, real=0.00 secs] 
2021-03-22T17:58:59.328+0800: 13.797: [GC (Allocation Failure) 2021-03-22T17:58:59.328+0800: 13.797: [DefNew: 35072K->0K(39424K), 0.0001920 secs] 37029K->1957K(126848K), 0.0002290 secs] [Times: user=0.00 sys=0.00, real=0.00 secs] 
2021-03-22T17:58:59.351+0800: 13.821: [GC (Allocation Failure) 2021-03-22T17:58:59.351+0800: 13.821: [DefNew: 35072K->0K(39424K), 0.0002099 secs] 37029K->1957K(126848K), 0.0002430 secs] [Times: user=0.00 sys=0.00, real=0.00 secs] 
2021-03-22T17:58:59.375+0800: 13.845: [GC (Allocation Failure) 2021-03-22T17:58:59.375+0800: 13.845: [DefNew: 35072K->0K(39424K), 0.0002527 secs] 37029K->1957K(126848K), 0.0002995 secs] [Times: user=0.00 sys=0.00, real=0.00 secs] 
2021-03-22T17:58:59.400+0800: 13.870: [GC (Allocation Failure) 2021-03-22T17:58:59.400+0800: 13.870: [DefNew: 35072K->0K(39424K), 0.0003285 secs] 37029K->1957K(126848K), 0.0003628 secs] [Times: user=0.00 sys=0.00, real=0.00 secs] 
2021-03-22T17:58:59.435+0800: 13.904: [GC (Allocation Failure) 2021-03-22T17:58:59.435+0800: 13.904: [DefNew: 35072K->0K(39424K), 0.0001942 secs] 37029K->1957K(126848K), 0.0002329 secs] [Times: user=0.00 sys=0.00, real=0.00 secs] 
2021-03-22T17:58:59.459+0800: 13.928: [GC (Allocation Failure) 2021-03-22T17:58:59.459+0800: 13.928: [DefNew: 35072K->0K(39424K), 0.0002528 secs] 37029K->1957K(126848K), 0.0003018 secs] [Times: user=0.00 sys=0.00, real=0.00 secs] 
2021-03-22T17:58:59.482+0800: 13.951: [GC (Allocation Failure) 2021-03-22T17:58:59.482+0800: 13.951: [DefNew: 35072K->0K(39424K), 0.0003606 secs] 37029K->1957K(126848K), 0.0003993 secs] [Times: user=0.00 sys=0.00, real=0.00 secs] 
2021-03-22T17:58:59.506+0800: 13.975: [GC (Allocation Failure) 2021-03-22T17:58:59.506+0800: 13.975: [DefNew: 35072K->0K(39424K), 0.0002534 secs] 37029K->1957K(126848K), 0.0002917 secs] [Times: user=0.00 sys=0.00, real=0.00 secs] 
2021-03-22T17:58:59.528+0800: 13.998: [GC (Allocation Failure) 2021-03-22T17:58:59.528+0800: 13.998: [DefNew: 35072K->0K(39424K), 0.0003285 secs] 37029K->1957K(126848K), 0.0003703 secs] [Times: user=0.00 sys=0.00, real=0.00 secs] 
2021-03-22T17:58:59.554+0800: 14.024: [GC (Allocation Failure) 2021-03-22T17:58:59.554+0800: 14.024: [DefNew: 35072K->0K(39424K), 0.0002361 secs] 37029K->1957K(126848K), 0.0002760 secs] [Times: user=0.00 sys=0.00, real=0.00 secs] 
2021-03-22T17:58:59.583+0800: 14.053: [GC (Allocation Failure) 2021-03-22T17:58:59.583+0800: 14.053: [DefNew: 35072K->0K(39424K), 0.0002033 secs] 37029K->1957K(126848K), 0.0002378 secs] [Times: user=0.00 sys=0.00, real=0.00 secs] 
2021-03-22T17:58:59.611+0800: 14.081: [GC (Allocation Failure) 2021-03-22T17:58:59.611+0800: 14.081: [DefNew: 35072K->0K(39424K), 0.0002433 secs] 37029K->1957K(126848K), 0.0003050 secs] [Times: user=0.00 sys=0.00, real=0.00 secs] 
2021-03-22T17:58:59.636+0800: 14.105: [GC (Allocation Failure) 2021-03-22T17:58:59.636+0800: 14.105: [DefNew: 35072K->0K(39424K), 0.0001900 secs] 37029K->1957K(126848K), 0.0002281 secs] [Times: user=0.00 sys=0.00, real=0.00 secs] 
2021-03-22T17:58:59.673+0800: 14.142: [GC (Allocation Failure) 2021-03-22T17:58:59.673+0800: 14.142: [DefNew: 35072K->0K(39424K), 0.0002797 secs] 37029K->1957K(126848K), 0.0003165 secs] [Times: user=0.00 sys=0.00, real=0.00 secs] 
2021-03-22T17:58:59.699+0800: 14.168: [GC (Allocation Failure) 2021-03-22T17:58:59.699+0800: 14.168: [DefNew: 35072K->0K(39424K), 0.0001971 secs] 37029K->1957K(126848K), 0.0002326 secs] [Times: user=0.00 sys=0.00, real=0.00 secs] 
2021-03-22T17:58:59.725+0800: 14.194: [GC (Allocation Failure) 2021-03-22T17:58:59.725+0800: 14.195: [DefNew: 35072K->0K(39424K), 0.0002030 secs] 37029K->1957K(126848K), 0.0002416 secs] [Times: user=0.00 sys=0.00, real=0.00 secs] 
2021-03-22T17:58:59.749+0800: 14.218: [GC (Allocation Failure) 2021-03-22T17:58:59.749+0800: 14.218: [DefNew: 35072K->0K(39424K), 0.0001909 secs] 37029K->1957K(126848K), 0.0002268 secs] [Times: user=0.00 sys=0.00, real=0.00 secs] 
2021-03-22T17:58:59.773+0800: 14.242: [GC (Allocation Failure) 2021-03-22T17:58:59.773+0800: 14.242: [DefNew: 35072K->0K(39424K), 0.0001927 secs] 37029K->1957K(126848K), 0.0002265 secs] [Times: user=0.00 sys=0.00, real=0.00 secs] 
2021-03-22T17:58:59.794+0800: 14.264: [GC (Allocation Failure) 2021-03-22T17:58:59.794+0800: 14.264: [DefNew: 35072K->0K(39424K), 0.0002259 secs] 37029K->1957K(126848K), 0.0002581 secs] [Times: user=0.00 sys=0.00, real=0.00 secs] 
2021-03-22T17:58:59.816+0800: 14.285: [GC (Allocation Failure) 2021-03-22T17:58:59.816+0800: 14.285: [DefNew: 35072K->0K(39424K), 0.0001955 secs] 37029K->1957K(126848K), 0.0002322 secs] [Times: user=0.00 sys=0.00, real=0.00 secs] 
2021-03-22T17:58:59.842+0800: 14.311: [GC (Allocation Failure) 2021-03-22T17:58:59.842+0800: 14.311: [DefNew: 35072K->0K(39424K), 0.0001941 secs] 37029K->1957K(126848K), 0.0002317 secs] [Times: user=0.00 sys=0.00, real=0.00 secs] 
2021-03-22T17:58:59.864+0800: 14.333: [GC (Allocation Failure) 2021-03-22T17:58:59.864+0800: 14.333: [DefNew: 35072K->0K(39424K), 0.0001947 secs] 37029K->1957K(126848K), 0.0002321 secs] [Times: user=0.00 sys=0.00, real=0.00 secs] 
2021-03-22T17:58:59.886+0800: 14.356: [GC (Allocation Failure) 2021-03-22T17:58:59.886+0800: 14.356: [DefNew: 35072K->0K(39424K), 0.0001923 secs] 37029K->1957K(126848K), 0.0002300 secs] [Times: user=0.00 sys=0.00, real=0.00 secs] 
2021-03-22T17:58:59.916+0800: 14.386: [GC (Allocation Failure) 2021-03-22T17:58:59.916+0800: 14.386: [DefNew: 35072K->0K(39424K), 0.0002811 secs] 37029K->1957K(126848K), 0.0003417 secs] [Times: user=0.00 sys=0.00, real=0.00 secs] 
2021-03-22T17:58:59.943+0800: 14.412: [GC (Allocation Failure) 2021-03-22T17:58:59.943+0800: 14.412: [DefNew: 35072K->0K(39424K), 0.0001903 secs] 37029K->1957K(126848K), 0.0002287 secs] [Times: user=0.00 sys=0.00, real=0.00 secs] 
2021-03-22T17:58:59.965+0800: 14.435: [GC (Allocation Failure) 2021-03-22T17:58:59.965+0800: 14.435: [DefNew: 35072K->0K(39424K), 0.0002122 secs] 37029K->1957K(126848K), 0.0002540 secs] [Times: user=0.00 sys=0.00, real=0.00 secs] 
2021-03-22T17:58:59.988+0800: 14.458: [GC (Allocation Failure) 2021-03-22T17:58:59.988+0800: 14.458: [DefNew: 35072K->0K(39424K), 0.0001963 secs] 37029K->1957K(126848K), 0.0002310 secs] [Times: user=0.00 sys=0.00, real=0.00 secs] 
2021-03-22T17:59:00.018+0800: 14.488: [GC (Allocation Failure) 2021-03-22T17:59:00.018+0800: 14.488: [DefNew: 35072K->0K(39424K), 0.0002787 secs] 37029K->1957K(126848K), 0.0003191 secs] [Times: user=0.01 sys=0.00, real=0.00 secs] 
2021-03-22T17:59:00.048+0800: 14.518: [GC (Allocation Failure) 2021-03-22T17:59:00.048+0800: 14.518: [DefNew: 35072K->0K(39424K), 0.0002207 secs] 37029K->1957K(126848K), 0.0002629 secs] [Times: user=0.00 sys=0.00, real=0.00 secs] 
2021-03-22T17:59:00.076+0800: 14.545: [GC (Allocation Failure) 2021-03-22T17:59:00.076+0800: 14.545: [DefNew: 35072K->0K(39424K), 0.0001912 secs] 37029K->1957K(126848K), 0.0002248 secs] [Times: user=0.00 sys=0.00, real=0.00 secs] 
2021-03-22T17:59:00.100+0800: 14.569: [GC (Allocation Failure) 2021-03-22T17:59:00.100+0800: 14.569: [DefNew: 35072K->0K(39424K), 0.0001873 secs] 37029K->1957K(126848K), 0.0002251 secs] [Times: user=0.00 sys=0.00, real=0.00 secs] 
2021-03-22T17:59:00.123+0800: 14.593: [GC (Allocation Failure) 2021-03-22T17:59:00.123+0800: 14.593: [DefNew: 35072K->0K(39424K), 0.0002724 secs] 37029K->1957K(126848K), 0.0004154 secs] [Times: user=0.00 sys=0.00, real=0.00 secs] 
2021-03-22T17:59:00.152+0800: 14.621: [GC (Allocation Failure) 2021-03-22T17:59:00.152+0800: 14.621: [DefNew: 35072K->0K(39424K), 0.0002008 secs] 37029K->1957K(126848K), 0.0002389 secs] [Times: user=0.00 sys=0.00, real=0.00 secs] 
2021-03-22T17:59:00.181+0800: 14.650: [GC (Allocation Failure) 2021-03-22T17:59:00.181+0800: 14.650: [DefNew: 35072K->0K(39424K), 0.0003934 secs] 37029K->1957K(126848K), 0.0004344 secs] [Times: user=0.00 sys=0.00, real=0.00 secs] 
2021-03-22T17:59:00.205+0800: 14.674: [GC (Allocation Failure) 2021-03-22T17:59:00.205+0800: 14.674: [DefNew: 35072K->0K(39424K), 0.0001865 secs] 37029K->1957K(126848K), 0.0002255 secs] [Times: user=0.00 sys=0.00, real=0.00 secs] 
2021-03-22T17:59:00.228+0800: 14.697: [GC (Allocation Failure) 2021-03-22T17:59:00.228+0800: 14.697: [DefNew: 35072K->0K(39424K), 0.0002777 secs] 37029K->1957K(126848K), 0.0003157 secs] [Times: user=0.00 sys=0.00, real=0.00 secs] 
2021-03-22T17:59:00.252+0800: 14.722: [GC (Allocation Failure) 2021-03-22T17:59:00.252+0800: 14.722: [DefNew: 35072K->0K(39424K), 0.0001872 secs] 37029K->1957K(126848K), 0.0002254 secs] [Times: user=0.00 sys=0.00, real=0.00 secs] 
2021-03-22T17:59:00.276+0800: 14.746: [GC (Allocation Failure) 2021-03-22T17:59:00.276+0800: 14.746: [DefNew: 35072K->0K(39424K), 0.0001923 secs] 37029K->1957K(126848K), 0.0002301 secs] [Times: user=0.00 sys=0.00, real=0.00 secs] 
2021-03-22T17:59:00.298+0800: 14.768: [GC (Allocation Failure) 2021-03-22T17:59:00.298+0800: 14.768: [DefNew: 35072K->0K(39424K), 0.0002980 secs] 37029K->1957K(126848K), 0.0003476 secs] [Times: user=0.00 sys=0.00, real=0.00 secs] 
2021-03-22T17:59:00.324+0800: 14.794: [GC (Allocation Failure) 2021-03-22T17:59:00.324+0800: 14.794: [DefNew: 35072K->0K(39424K), 0.0002217 secs] 37029K->1957K(126848K), 0.0002600 secs] [Times: user=0.00 sys=0.00, real=0.00 secs] 
2021-03-22T17:59:00.346+0800: 14.816: [GC (Allocation Failure) 2021-03-22T17:59:00.346+0800: 14.816: [DefNew: 35072K->0K(39424K), 0.0003252 secs] 37029K->1957K(126848K), 0.0003902 secs] [Times: user=0.02 sys=0.00, real=0.00 secs] 
2021-03-22T17:59:00.371+0800: 14.841: [GC (Allocation Failure) 2021-03-22T17:59:00.371+0800: 14.841: [DefNew: 35072K->0K(39424K), 0.0002215 secs] 37029K->1957K(126848K), 0.0002594 secs] [Times: user=0.00 sys=0.00, real=0.00 secs] 
2021-03-22T17:59:00.395+0800: 14.865: [GC (Allocation Failure) 2021-03-22T17:59:00.395+0800: 14.865: [DefNew: 35072K->0K(39424K), 0.0001969 secs] 37029K->1957K(126848K), 0.0002355 secs] [Times: user=0.00 sys=0.00, real=0.00 secs] 
2021-03-22T17:59:00.427+0800: 14.897: [GC (Allocation Failure) 2021-03-22T17:59:00.427+0800: 14.897: [DefNew: 35072K->0K(39424K), 0.0002225 secs] 37029K->1957K(126848K), 0.0002586 secs] [Times: user=0.00 sys=0.00, real=0.00 secs] 
2021-03-22T17:59:00.449+0800: 14.919: [GC (Allocation Failure) 2021-03-22T17:59:00.449+0800: 14.919: [DefNew: 35072K->0K(39424K), 0.0002844 secs] 37029K->1957K(126848K), 0.0003267 secs] [Times: user=0.00 sys=0.00, real=0.00 secs] 
2021-03-22T17:59:00.475+0800: 14.944: [GC (Allocation Failure) 2021-03-22T17:59:00.475+0800: 14.944: [DefNew: 35072K->0K(39424K), 0.0002329 secs] 37029K->1957K(126848K), 0.0002901 secs] [Times: user=0.00 sys=0.00, real=0.00 secs] 
2021-03-22T17:59:00.497+0800: 14.966: [GC (Allocation Failure) 2021-03-22T17:59:00.497+0800: 14.966: [DefNew: 35072K->0K(39424K), 0.0001918 secs] 37029K->1957K(126848K), 0.0002288 secs] [Times: user=0.00 sys=0.00, real=0.00 secs] 
2021-03-22T17:59:00.519+0800: 14.988: [GC (Allocation Failure) 2021-03-22T17:59:00.519+0800: 14.989: [DefNew: 35072K->0K(39424K), 0.0001865 secs] 37029K->1957K(126848K), 0.0002231 secs] [Times: user=0.00 sys=0.00, real=0.00 secs] 
2021-03-22T17:59:00.550+0800: 15.019: [GC (Allocation Failure) 2021-03-22T17:59:00.550+0800: 15.019: [DefNew: 35072K->0K(39424K), 0.0002004 secs] 37029K->1957K(126848K), 0.0002403 secs] [Times: user=0.00 sys=0.00, real=0.00 secs] 
2021-03-22T17:59:00.581+0800: 15.050: [GC (Allocation Failure) 2021-03-22T17:59:00.581+0800: 15.050: [DefNew: 35072K->0K(39424K), 0.0003878 secs] 37029K->1957K(126848K), 0.0004613 secs] [Times: user=0.00 sys=0.00, real=0.00 secs] 
2021-03-22T17:59:00.609+0800: 15.078: [GC (Allocation Failure) 2021-03-22T17:59:00.609+0800: 15.078: [DefNew: 35072K->0K(39424K), 0.0001905 secs] 37029K->1957K(126848K), 0.0002295 secs] [Times: user=0.00 sys=0.00, real=0.00 secs] 
2021-03-22T17:59:00.631+0800: 15.101: [GC (Allocation Failure) 2021-03-22T17:59:00.631+0800: 15.101: [DefNew: 35072K->0K(39424K), 0.0002820 secs] 37029K->1957K(126848K), 0.0003342 secs] [Times: user=0.00 sys=0.00, real=0.00 secs] 
2021-03-22T17:59:00.666+0800: 15.136: [GC (Allocation Failure) 2021-03-22T17:59:00.666+0800: 15.136: [DefNew: 35072K->0K(39424K), 0.0002659 secs] 37029K->1957K(126848K), 0.0002994 secs] [Times: user=0.00 sys=0.00, real=0.00 secs] 
2021-03-22T17:59:00.694+0800: 15.164: [GC (Allocation Failure) 2021-03-22T17:59:00.694+0800: 15.164: [DefNew: 35072K->0K(39424K), 0.0002042 secs] 37029K->1957K(126848K), 0.0002434 secs] [Times: user=0.00 sys=0.00, real=0.00 secs] 
2021-03-22T17:59:00.718+0800: 15.187: [GC (Allocation Failure) 2021-03-22T17:59:00.718+0800: 15.187: [DefNew: 35072K->0K(39424K), 0.0002337 secs] 37029K->1957K(126848K), 0.0002688 secs] [Times: user=0.00 sys=0.00, real=0.00 secs] 
2021-03-22T17:59:00.740+0800: 15.209: [GC (Allocation Failure) 2021-03-22T17:59:00.740+0800: 15.209: [DefNew: 35072K->0K(39424K), 0.0003601 secs] 37029K->1957K(126848K), 0.0005284 secs] [Times: user=0.00 sys=0.00, real=0.00 secs] 
2021-03-22T17:59:00.765+0800: 15.234: [GC (Allocation Failure) 2021-03-22T17:59:00.765+0800: 15.234: [DefNew: 35072K->0K(39424K), 0.0001929 secs] 37029K->1957K(126848K), 0.0002279 secs] [Times: user=0.00 sys=0.00, real=0.00 secs] 
2021-03-22T17:59:00.787+0800: 15.256: [GC (Allocation Failure) 2021-03-22T17:59:00.787+0800: 15.256: [DefNew: 35072K->0K(39424K), 0.0001895 secs] 37029K->1957K(126848K), 0.0002218 secs] [Times: user=0.00 sys=0.00, real=0.00 secs] 
2021-03-22T17:59:00.809+0800: 15.279: [GC (Allocation Failure) 2021-03-22T17:59:00.809+0800: 15.279: [DefNew: 35072K->0K(39424K), 0.0002887 secs] 37029K->1957K(126848K), 0.0003293 secs] [Times: user=0.00 sys=0.00, real=0.00 secs] 
2021-03-22T17:59:00.834+0800: 15.304: [GC (Allocation Failure) 2021-03-22T17:59:00.834+0800: 15.304: [DefNew: 35072K->0K(39424K), 0.0002043 secs] 37029K->1957K(126848K), 0.0002387 secs] [Times: user=0.00 sys=0.00, real=0.00 secs] 
2021-03-22T17:59:00.866+0800: 15.336: [GC (Allocation Failure) 2021-03-22T17:59:00.866+0800: 15.336: [DefNew: 35072K->0K(39424K), 0.0002666 secs] 37029K->1957K(126848K), 0.0003003 secs] [Times: user=0.00 sys=0.00, real=0.00 secs] 
2021-03-22T17:59:00.895+0800: 15.365: [GC (Allocation Failure) 2021-03-22T17:59:00.895+0800: 15.365: [DefNew: 35072K->0K(39424K), 0.0002252 secs] 37029K->1957K(126848K), 0.0002647 secs] [Times: user=0.00 sys=0.00, real=0.00 secs] 
2021-03-22T17:59:00.930+0800: 15.399: [GC (Allocation Failure) 2021-03-22T17:59:00.930+0800: 15.399: [DefNew: 35072K->0K(39424K), 0.0002316 secs] 37029K->1957K(126848K), 0.0002841 secs] [Times: user=0.00 sys=0.00, real=0.00 secs] 
2021-03-22T17:59:00.953+0800: 15.422: [GC (Allocation Failure) 2021-03-22T17:59:00.953+0800: 15.422: [DefNew: 35072K->0K(39424K), 0.0001936 secs] 37029K->1957K(126848K), 0.0002305 secs] [Times: user=0.00 sys=0.00, real=0.00 secs] 
2021-03-22T17:59:00.978+0800: 15.447: [GC (Allocation Failure) 2021-03-22T17:59:00.978+0800: 15.447: [DefNew: 35072K->0K(39424K), 0.0001886 secs] 37029K->1957K(126848K), 0.0002261 secs] [Times: user=0.00 sys=0.00, real=0.00 secs] 
2021-03-22T17:59:01.000+0800: 15.470: [GC (Allocation Failure) 2021-03-22T17:59:01.000+0800: 15.470: [DefNew: 35072K->0K(39424K), 0.0002184 secs] 37029K->1957K(126848K), 0.0002708 secs] [Times: user=0.00 sys=0.00, real=0.00 secs] 
2021-03-22T17:59:01.023+0800: 15.492: [GC (Allocation Failure) 2021-03-22T17:59:01.023+0800: 15.492: [DefNew: 35072K->0K(39424K), 0.0004054 secs] 37029K->1957K(126848K), 0.0004801 secs] [Times: user=0.00 sys=0.00, real=0.00 secs] 
2021-03-22T17:59:01.047+0800: 15.517: [GC (Allocation Failure) 2021-03-22T17:59:01.047+0800: 15.517: [DefNew: 35072K->0K(39424K), 0.0001947 secs] 37029K->1957K(126848K), 0.0002331 secs] [Times: user=0.00 sys=0.00, real=0.00 secs] 
2021-03-22T17:59:01.072+0800: 15.542: [GC (Allocation Failure) 2021-03-22T17:59:01.072+0800: 15.542: [DefNew: 35072K->0K(39424K), 0.0001906 secs] 37029K->1957K(126848K), 0.0002236 secs] [Times: user=0.00 sys=0.00, real=0.00 secs] 
2021-03-22T17:59:01.096+0800: 15.566: [GC (Allocation Failure) 2021-03-22T17:59:01.096+0800: 15.566: [DefNew: 35072K->0K(39424K), 0.0002224 secs] 37029K->1957K(126848K), 0.0002595 secs] [Times: user=0.00 sys=0.00, real=0.00 secs] 
2021-03-22T17:59:01.119+0800: 15.589: [GC (Allocation Failure) 2021-03-22T17:59:01.119+0800: 15.589: [DefNew: 35072K->0K(39424K), 0.0002981 secs] 37029K->1957K(126848K), 0.0003328 secs] [Times: user=0.00 sys=0.00, real=0.00 secs] 
2021-03-22T17:59:01.143+0800: 15.612: [GC (Allocation Failure) 2021-03-22T17:59:01.143+0800: 15.612: [DefNew: 35072K->0K(39424K), 0.0002182 secs] 37029K->1957K(126848K), 0.0003195 secs] [Times: user=0.00 sys=0.00, real=0.00 secs] 
2021-03-22T17:59:01.171+0800: 15.641: [GC (Allocation Failure) 2021-03-22T17:59:01.171+0800: 15.641: [DefNew: 35072K->0K(39424K), 0.0002418 secs] 37029K->1957K(126848K), 0.0002795 secs] [Times: user=0.00 sys=0.00, real=0.00 secs] 
2021-03-22T17:59:01.201+0800: 15.670: [GC (Allocation Failure) 2021-03-22T17:59:01.201+0800: 15.670: [DefNew: 35072K->0K(39424K), 0.0002283 secs] 37029K->1957K(126848K), 0.0002685 secs] [Times: user=0.00 sys=0.00, real=0.00 secs] 
2021-03-22T17:59:01.223+0800: 15.693: [GC (Allocation Failure) 2021-03-22T17:59:01.223+0800: 15.693: [DefNew: 35072K->0K(39424K), 0.0004456 secs] 37029K->1957K(126848K), 0.0004873 secs] [Times: user=0.00 sys=0.00, real=0.00 secs] 
2021-03-22T17:59:01.247+0800: 15.716: [GC (Allocation Failure) 2021-03-22T17:59:01.247+0800: 15.716: [DefNew: 35072K->0K(39424K), 0.0001923 secs] 37029K->1957K(126848K), 0.0002298 secs] [Times: user=0.00 sys=0.00, real=0.00 secs] 
2021-03-22T17:59:01.270+0800: 15.740: [GC (Allocation Failure) 2021-03-22T17:59:01.270+0800: 15.740: [DefNew: 35072K->0K(39424K), 0.0002139 secs] 37029K->1957K(126848K), 0.0002499 secs] [Times: user=0.00 sys=0.00, real=0.00 secs] 
2021-03-22T17:59:01.295+0800: 15.764: [GC (Allocation Failure) 2021-03-22T17:59:01.295+0800: 15.764: [DefNew: 35072K->0K(39424K), 0.0001879 secs] 37029K->1957K(126848K), 0.0002226 secs] [Times: user=0.00 sys=0.00, real=0.00 secs] 
2021-03-22T17:59:01.317+0800: 15.786: [GC (Allocation Failure) 2021-03-22T17:59:01.317+0800: 15.786: [DefNew: 35072K->0K(39424K), 0.0002624 secs] 37029K->1957K(126848K), 0.0003001 secs] [Times: user=0.00 sys=0.00, real=0.00 secs] 
2021-03-22T17:59:01.339+0800: 15.808: [GC (Allocation Failure) 2021-03-22T17:59:01.339+0800: 15.808: [DefNew: 35072K->0K(39424K), 0.0001886 secs] 37029K->1957K(126848K), 0.0002204 secs] [Times: user=0.00 sys=0.00, real=0.00 secs] 
2021-03-22T17:59:01.362+0800: 15.831: [GC (Allocation Failure) 2021-03-22T17:59:01.362+0800: 15.831: [DefNew: 35072K->0K(39424K), 0.0001915 secs] 37029K->1957K(126848K), 0.0002276 secs] [Times: user=0.00 sys=0.00, real=0.00 secs] 
2021-03-22T17:59:01.385+0800: 15.855: [GC (Allocation Failure) 2021-03-22T17:59:01.385+0800: 15.855: [DefNew: 35072K->0K(39424K), 0.0001921 secs] 37029K->1957K(126848K), 0.0002300 secs] [Times: user=0.00 sys=0.00, real=0.00 secs] 
2021-03-22T17:59:01.411+0800: 15.880: [GC (Allocation Failure) 2021-03-22T17:59:01.411+0800: 15.881: [DefNew: 35072K->0K(39424K), 0.0001985 secs] 37029K->1957K(126848K), 0.0002387 secs] [Times: user=0.00 sys=0.00, real=0.00 secs] 
2021-03-22T17:59:01.443+0800: 15.913: [GC (Allocation Failure) 2021-03-22T17:59:01.443+0800: 15.913: [DefNew: 35072K->0K(39424K), 0.0001973 secs] 37029K->1957K(126848K), 0.0002330 secs] [Times: user=0.00 sys=0.00, real=0.00 secs] 
2021-03-22T17:59:01.467+0800: 15.937: [GC (Allocation Failure) 2021-03-22T17:59:01.467+0800: 15.937: [DefNew: 35072K->0K(39424K), 0.0001877 secs] 37029K->1957K(126848K), 0.0002244 secs] [Times: user=0.00 sys=0.00, real=0.00 secs] 
2021-03-22T17:59:01.489+0800: 15.959: [GC (Allocation Failure) 2021-03-22T17:59:01.489+0800: 15.959: [DefNew: 35072K->0K(39424K), 0.0001897 secs] 37029K->1957K(126848K), 0.0002261 secs] [Times: user=0.00 sys=0.00, real=0.00 secs] 
2021-03-22T17:59:01.515+0800: 15.984: [GC (Allocation Failure) 2021-03-22T17:59:01.515+0800: 15.985: [DefNew: 35072K->0K(39424K), 0.0001891 secs] 37029K->1957K(126848K), 0.0002258 secs] [Times: user=0.00 sys=0.00, real=0.00 secs] 
2021-03-22T17:59:01.537+0800: 16.007: [GC (Allocation Failure) 2021-03-22T17:59:01.537+0800: 16.007: [DefNew: 35072K->0K(39424K), 0.0002644 secs] 37029K->1957K(126848K), 0.0003010 secs] [Times: user=0.00 sys=0.00, real=0.00 secs] 
2021-03-22T17:59:01.562+0800: 16.032: [GC (Allocation Failure) 2021-03-22T17:59:01.562+0800: 16.032: [DefNew: 35072K->0K(39424K), 0.0002343 secs] 37029K->1957K(126848K), 0.0002713 secs] [Times: user=0.00 sys=0.00, real=0.00 secs] 
2021-03-22T17:59:01.584+0800: 16.053: [GC (Allocation Failure) 2021-03-22T17:59:01.584+0800: 16.054: [DefNew: 35072K->0K(39424K), 0.0001900 secs] 37029K->1957K(126848K), 0.0002259 secs] [Times: user=0.00 sys=0.00, real=0.00 secs] 
2021-03-22T17:59:01.606+0800: 16.075: [GC (Allocation Failure) 2021-03-22T17:59:01.606+0800: 16.075: [DefNew: 35072K->0K(39424K), 0.0001879 secs] 37029K->1957K(126848K), 0.0002252 secs] [Times: user=0.00 sys=0.00, real=0.00 secs] 
2021-03-22T17:59:01.632+0800: 16.101: [GC (Allocation Failure) 2021-03-22T17:59:01.632+0800: 16.101: [DefNew: 35072K->0K(39424K), 0.0001904 secs] 37029K->1957K(126848K), 0.0002260 secs] [Times: user=0.00 sys=0.00, real=0.00 secs] 
2021-03-22T17:59:01.654+0800: 16.123: [GC (Allocation Failure) 2021-03-22T17:59:01.654+0800: 16.123: [DefNew: 35072K->0K(39424K), 0.0003008 secs] 37029K->1957K(126848K), 0.0003844 secs] [Times: user=0.00 sys=0.00, real=0.00 secs] 
2021-03-22T17:59:01.689+0800: 16.158: [GC (Allocation Failure) 2021-03-22T17:59:01.689+0800: 16.158: [DefNew: 35072K->0K(39424K), 0.0003449 secs] 37029K->1957K(126848K), 0.0004175 secs] [Times: user=0.00 sys=0.00, real=0.00 secs] 
2021-03-22T17:59:01.718+0800: 16.187: [GC (Allocation Failure) 2021-03-22T17:59:01.718+0800: 16.187: [DefNew: 35072K->0K(39424K), 0.0001899 secs] 37029K->1957K(126848K), 0.0002286 secs] [Times: user=0.00 sys=0.00, real=0.00 secs] 
2021-03-22T17:59:01.742+0800: 16.211: [GC (Allocation Failure) 2021-03-22T17:59:01.742+0800: 16.211: [DefNew: 35072K->0K(39424K), 0.0002264 secs] 37029K->1957K(126848K), 0.0002646 secs] [Times: user=0.00 sys=0.00, real=0.00 secs] 
2021-03-22T17:59:01.764+0800: 16.234: [GC (Allocation Failure) 2021-03-22T17:59:01.764+0800: 16.234: [DefNew: 35072K->0K(39424K), 0.0002265 secs] 37029K->1957K(126848K), 0.0002633 secs] [Times: user=0.00 sys=0.00, real=0.00 secs] 
2021-03-22T17:59:01.787+0800: 16.257: [GC (Allocation Failure) 2021-03-22T17:59:01.787+0800: 16.257: [DefNew: 35072K->0K(39424K), 0.0001914 secs] 37029K->1957K(126848K), 0.0002283 secs] [Times: user=0.00 sys=0.00, real=0.00 secs] 
2021-03-22T17:59:01.811+0800: 16.280: [GC (Allocation Failure) 2021-03-22T17:59:01.811+0800: 16.280: [DefNew: 35072K->0K(39424K), 0.0001918 secs] 37029K->1957K(126848K), 0.0002295 secs] [Times: user=0.00 sys=0.00, real=0.00 secs] 
2021-03-22T17:59:01.834+0800: 16.304: [GC (Allocation Failure) 2021-03-22T17:59:01.834+0800: 16.304: [DefNew: 35072K->0K(39424K), 0.0002214 secs] 37029K->1957K(126848K), 0.0002590 secs] [Times: user=0.00 sys=0.00, real=0.00 secs] 
2021-03-22T17:59:01.859+0800: 16.328: [GC (Allocation Failure) 2021-03-22T17:59:01.859+0800: 16.328: [DefNew: 35072K->0K(39424K), 0.0001876 secs] 37029K->1957K(126848K), 0.0002200 secs] [Times: user=0.00 sys=0.00, real=0.00 secs] 
2021-03-22T17:59:01.885+0800: 16.354: [GC (Allocation Failure) 2021-03-22T17:59:01.885+0800: 16.354: [DefNew: 35072K->0K(39424K), 0.0001903 secs] 37029K->1957K(126848K), 0.0002233 secs] [Times: user=0.00 sys=0.00, real=0.00 secs] 
2021-03-22T17:59:01.910+0800: 16.380: [GC (Allocation Failure) 2021-03-22T17:59:01.910+0800: 16.380: [DefNew: 35072K->0K(39424K), 0.0002246 secs] 37029K->1957K(126848K), 0.0002665 secs] [Times: user=0.00 sys=0.00, real=0.00 secs] 
2021-03-22T17:59:01.942+0800: 16.412: [GC (Allocation Failure) 2021-03-22T17:59:01.942+0800: 16.412: [DefNew: 35072K->0K(39424K), 0.0003712 secs] 37029K->1957K(126848K), 0.0004119 secs] [Times: user=0.00 sys=0.00, real=0.00 secs] 
2021-03-22T17:59:01.967+0800: 16.436: [GC (Allocation Failure) 2021-03-22T17:59:01.967+0800: 16.436: [DefNew: 35072K->0K(39424K), 0.0001896 secs] 37029K->1957K(126848K), 0.0002263 secs] [Times: user=0.00 sys=0.00, real=0.00 secs] 
2021-03-22T17:59:01.989+0800: 16.458: [GC (Allocation Failure) 2021-03-22T17:59:01.989+0800: 16.458: [DefNew: 35072K->0K(39424K), 0.0001851 secs] 37029K->1957K(126848K), 0.0002163 secs] [Times: user=0.00 sys=0.00, real=0.00 secs] 
2021-03-22T17:59:02.013+0800: 16.482: [GC (Allocation Failure) 2021-03-22T17:59:02.013+0800: 16.482: [DefNew: 35072K->0K(39424K), 0.0001921 secs] 37029K->1957K(126848K), 0.0002242 secs] [Times: user=0.00 sys=0.00, real=0.00 secs] 
2021-03-22T17:59:02.036+0800: 16.505: [GC (Allocation Failure) 2021-03-22T17:59:02.036+0800: 16.505: [DefNew: 35072K->0K(39424K), 0.0002165 secs] 37029K->1957K(126848K), 0.0002523 secs] [Times: user=0.00 sys=0.00, real=0.00 secs] 
2021-03-22T17:59:02.060+0800: 16.529: [GC (Allocation Failure) 2021-03-22T17:59:02.060+0800: 16.529: [DefNew: 35072K->0K(39424K), 0.0002286 secs] 37029K->1957K(126848K), 0.0002661 secs] [Times: user=0.00 sys=0.00, real=0.00 secs] 
2021-03-22T17:59:02.085+0800: 16.554: [GC (Allocation Failure) 2021-03-22T17:59:02.085+0800: 16.554: [DefNew: 35072K->0K(39424K), 0.0001911 secs] 37029K->1957K(126848K), 0.0002269 secs] [Times: user=0.00 sys=0.00, real=0.00 secs] 
2021-03-22T17:59:02.109+0800: 16.578: [GC (Allocation Failure) 2021-03-22T17:59:02.109+0800: 16.578: [DefNew: 35072K->0K(39424K), 0.0001935 secs] 37029K->1957K(126848K), 0.0002749 secs] [Times: user=0.00 sys=0.00, real=0.00 secs] 
2021-03-22T17:59:02.139+0800: 16.609: [GC (Allocation Failure) 2021-03-22T17:59:02.139+0800: 16.609: [DefNew: 35072K->0K(39424K), 0.0003861 secs] 37029K->1957K(126848K), 0.0004452 secs] [Times: user=0.00 sys=0.00, real=0.00 secs] 
2021-03-22T17:59:02.186+0800: 16.655: [GC (Allocation Failure) 2021-03-22T17:59:02.186+0800: 16.656: [DefNew: 35072K->0K(39424K), 0.0002553 secs] 37029K->1957K(126848K), 0.0002960 secs] [Times: user=0.00 sys=0.00, real=0.00 secs] 
2021-03-22T17:59:02.215+0800: 16.684: [GC (Allocation Failure) 2021-03-22T17:59:02.215+0800: 16.684: [DefNew: 35072K->0K(39424K), 0.0001887 secs] 37029K->1957K(126848K), 0.0002256 secs] [Times: user=0.00 sys=0.00, real=0.00 secs] 
2021-03-22T17:59:02.237+0800: 16.707: [GC (Allocation Failure) 2021-03-22T17:59:02.237+0800: 16.707: [DefNew: 35072K->0K(39424K), 0.0002291 secs] 37029K->1957K(126848K), 0.0002652 secs] [Times: user=0.02 sys=0.00, real=0.00 secs] 
2021-03-22T17:59:02.259+0800: 16.729: [GC (Allocation Failure) 2021-03-22T17:59:02.259+0800: 16.729: [DefNew: 35072K->0K(39424K), 0.0001942 secs] 37029K->1957K(126848K), 0.0002314 secs] [Times: user=0.00 sys=0.00, real=0.00 secs] 
2021-03-22T17:59:02.285+0800: 16.755: [GC (Allocation Failure) 2021-03-22T17:59:02.285+0800: 16.755: [DefNew: 35072K->0K(39424K), 0.0002529 secs] 37029K->1957K(126848K), 0.0002911 secs] [Times: user=0.00 sys=0.00, real=0.00 secs] 
2021-03-22T17:59:02.308+0800: 16.778: [GC (Allocation Failure) 2021-03-22T17:59:02.308+0800: 16.778: [DefNew: 35072K->0K(39424K), 0.0002449 secs] 37029K->1957K(126848K), 0.0002829 secs] [Times: user=0.00 sys=0.00, real=0.00 secs] 
2021-03-22T17:59:02.331+0800: 16.801: [GC (Allocation Failure) 2021-03-22T17:59:02.331+0800: 16.801: [DefNew: 35072K->0K(39424K), 0.0002254 secs] 37029K->1957K(126848K), 0.0002685 secs] [Times: user=0.02 sys=0.00, real=0.00 secs] 
2021-03-22T17:59:02.353+0800: 16.822: [GC (Allocation Failure) 2021-03-22T17:59:02.353+0800: 16.822: [DefNew: 35072K->0K(39424K), 0.0001925 secs] 37029K->1957K(126848K), 0.0002303 secs] [Times: user=0.00 sys=0.00, real=0.00 secs] 
2021-03-22T17:59:02.377+0800: 16.846: [GC (Allocation Failure) 2021-03-22T17:59:02.377+0800: 16.846: [DefNew: 35072K->0K(39424K), 0.0002065 secs] 37029K->1957K(126848K), 0.0002441 secs] [Times: user=0.00 sys=0.00, real=0.00 secs] 
2021-03-22T17:59:02.402+0800: 16.871: [GC (Allocation Failure) 2021-03-22T17:59:02.402+0800: 16.871: [DefNew: 35072K->0K(39424K), 0.0001922 secs] 37029K->1957K(126848K), 0.0002305 secs] [Times: user=0.00 sys=0.00, real=0.00 secs] 
2021-03-22T17:59:02.439+0800: 16.908: [GC (Allocation Failure) 2021-03-22T17:59:02.439+0800: 16.908: [DefNew: 35072K->0K(39424K), 0.0002984 secs] 37029K->1957K(126848K), 0.0003383 secs] [Times: user=0.00 sys=0.00, real=0.00 secs] 
2021-03-22T17:59:02.466+0800: 16.935: [GC (Allocation Failure) 2021-03-22T17:59:02.466+0800: 16.935: [DefNew: 35072K->0K(39424K), 0.0002188 secs] 37029K->1957K(126848K), 0.0002546 secs] [Times: user=0.00 sys=0.00, real=0.00 secs] 
2021-03-22T17:59:02.491+0800: 16.960: [GC (Allocation Failure) 2021-03-22T17:59:02.491+0800: 16.960: [DefNew: 35072K->0K(39424K), 0.0002231 secs] 37029K->1957K(126848K), 0.0002634 secs] [Times: user=0.00 sys=0.00, real=0.00 secs] 
2021-03-22T17:59:02.513+0800: 16.983: [GC (Allocation Failure) 2021-03-22T17:59:02.513+0800: 16.983: [DefNew: 35072K->0K(39424K), 0.0002638 secs] 37029K->1957K(126848K), 0.0002999 secs] [Times: user=0.00 sys=0.00, real=0.00 secs] 
2021-03-22T17:59:02.537+0800: 17.006: [GC (Allocation Failure) 2021-03-22T17:59:02.537+0800: 17.006: [DefNew: 35072K->0K(39424K), 0.0002223 secs] 37029K->1957K(126848K), 0.0002616 secs] [Times: user=0.00 sys=0.00, real=0.00 secs] 
2021-03-22T17:59:02.568+0800: 17.037: [GC (Allocation Failure) 2021-03-22T17:59:02.568+0800: 17.037: [DefNew: 35072K->0K(39424K), 0.0001902 secs] 37029K->1957K(126848K), 0.0002590 secs] [Times: user=0.00 sys=0.00, real=0.00 secs] 
2021-03-22T17:59:02.592+0800: 17.062: [GC (Allocation Failure) 2021-03-22T17:59:02.593+0800: 17.062: [DefNew: 35072K->0K(39424K), 0.0002791 secs] 37029K->1957K(126848K), 0.0003305 secs] [Times: user=0.00 sys=0.00, real=0.00 secs] 
2021-03-22T17:59:02.617+0800: 17.087: [GC (Allocation Failure) 2021-03-22T17:59:02.617+0800: 17.087: [DefNew: 35072K->0K(39424K), 0.0001974 secs] 37029K->1957K(126848K), 0.0002684 secs] [Times: user=0.00 sys=0.00, real=0.00 secs] 
2021-03-22T17:59:02.639+0800: 17.109: [GC (Allocation Failure) 2021-03-22T17:59:02.639+0800: 17.109: [DefNew: 35072K->0K(39424K), 0.0001909 secs] 37029K->1957K(126848K), 0.0002239 secs] [Times: user=0.00 sys=0.00, real=0.00 secs] 
2021-03-22T17:59:02.665+0800: 17.135: [GC (Allocation Failure) 2021-03-22T17:59:02.665+0800: 17.135: [DefNew: 35072K->0K(39424K), 0.0002005 secs] 37029K->1957K(126848K), 0.0002401 secs] [Times: user=0.00 sys=0.00, real=0.00 secs] 
2021-03-22T17:59:02.696+0800: 17.165: [GC (Allocation Failure) 2021-03-22T17:59:02.696+0800: 17.165: [DefNew: 35072K->0K(39424K), 0.0002067 secs] 37029K->1957K(126848K), 0.0002466 secs] [Times: user=0.00 sys=0.00, real=0.00 secs] 
2021-03-22T17:59:02.721+0800: 17.191: [GC (Allocation Failure) 2021-03-22T17:59:02.722+0800: 17.191: [DefNew: 35072K->0K(39424K), 0.0003028 secs] 37029K->1957K(126848K), 0.0003520 secs] [Times: user=0.00 sys=0.02, real=0.00 secs] 
2021-03-22T17:59:02.747+0800: 17.216: [GC (Allocation Failure) 2021-03-22T17:59:02.747+0800: 17.216: [DefNew: 35072K->0K(39424K), 0.0001868 secs] 37029K->1957K(126848K), 0.0002238 secs] [Times: user=0.00 sys=0.00, real=0.00 secs] 
2021-03-22T17:59:02.769+0800: 17.238: [GC (Allocation Failure) 2021-03-22T17:59:02.769+0800: 17.238: [DefNew: 35072K->0K(39424K), 0.0001998 secs] 37029K->1957K(126848K), 0.0002341 secs] [Times: user=0.00 sys=0.00, real=0.00 secs] 
2021-03-22T17:59:02.791+0800: 17.260: [GC (Allocation Failure) 2021-03-22T17:59:02.791+0800: 17.260: [DefNew: 35072K->0K(39424K), 0.0002660 secs] 37029K->1957K(126848K), 0.0003141 secs] [Times: user=0.00 sys=0.00, real=0.00 secs] 
2021-03-22T17:59:02.815+0800: 17.284: [GC (Allocation Failure) 2021-03-22T17:59:02.815+0800: 17.284: [DefNew: 35072K->0K(39424K), 0.0001941 secs] 37029K->1957K(126848K), 0.0002327 secs] [Times: user=0.00 sys=0.00, real=0.00 secs] 
2021-03-22T17:59:02.838+0800: 17.307: [GC (Allocation Failure) 2021-03-22T17:59:02.838+0800: 17.307: [DefNew: 35072K->0K(39424K), 0.0002188 secs] 37029K->1957K(126848K), 0.0002786 secs] [Times: user=0.00 sys=0.00, real=0.00 secs] 
2021-03-22T17:59:02.861+0800: 17.330: [GC (Allocation Failure) 2021-03-22T17:59:02.862+0800: 17.331: [DefNew: 35072K->0K(39424K), 0.0003427 secs] 37029K->1957K(126848K), 0.0004074 secs] [Times: user=0.00 sys=0.00, real=0.00 secs] 
2021-03-22T17:59:02.885+0800: 17.355: [GC (Allocation Failure) 2021-03-22T17:59:02.885+0800: 17.355: [DefNew: 35072K->0K(39424K), 0.0002441 secs] 37029K->1957K(126848K), 0.0003121 secs] [Times: user=0.00 sys=0.00, real=0.00 secs] 
2021-03-22T17:59:02.909+0800: 17.379: [GC (Allocation Failure) 2021-03-22T17:59:02.909+0800: 17.379: [DefNew: 35072K->0K(39424K), 0.0001918 secs] 37029K->1957K(126848K), 0.0002301 secs] [Times: user=0.00 sys=0.00, real=0.00 secs] 
2021-03-22T17:59:02.943+0800: 17.413: [GC (Allocation Failure) 2021-03-22T17:59:02.943+0800: 17.413: [DefNew: 35072K->0K(39424K), 0.0002461 secs] 37029K->1957K(126848K), 0.0002854 secs] [Times: user=0.00 sys=0.00, real=0.00 secs] 
2021-03-22T17:59:02.968+0800: 17.437: [GC (Allocation Failure) 2021-03-22T17:59:02.968+0800: 17.437: [DefNew: 35072K->0K(39424K), 0.0002262 secs] 37029K->1957K(126848K), 0.0002637 secs] [Times: user=0.00 sys=0.00, real=0.00 secs] 
2021-03-22T17:59:02.992+0800: 17.462: [GC (Allocation Failure) 2021-03-22T17:59:02.992+0800: 17.462: [DefNew: 35072K->0K(39424K), 0.0001869 secs] 37029K->1957K(126848K), 0.0002208 secs] [Times: user=0.00 sys=0.00, real=0.00 secs] 
2021-03-22T17:59:03.014+0800: 17.484: [GC (Allocation Failure) 2021-03-22T17:59:03.014+0800: 17.484: [DefNew: 35072K->0K(39424K), 0.0002504 secs] 37029K->1957K(126848K), 0.0002829 secs] [Times: user=0.00 sys=0.00, real=0.00 secs] 
2021-03-22T17:59:03.039+0800: 17.508: [GC (Allocation Failure) 2021-03-22T17:59:03.039+0800: 17.508: [DefNew: 35072K->0K(39424K), 0.0001894 secs] 37029K->1957K(126848K), 0.0002217 secs] [Times: user=0.00 sys=0.00, real=0.00 secs] 
2021-03-22T17:59:03.063+0800: 17.533: [GC (Allocation Failure) 2021-03-22T17:59:03.063+0800: 17.533: [DefNew: 35072K->0K(39424K), 0.0001914 secs] 37029K->1957K(126848K), 0.0002284 secs] [Times: user=0.00 sys=0.00, real=0.00 secs] 
2021-03-22T17:59:03.087+0800: 17.556: [GC (Allocation Failure) 2021-03-22T17:59:03.087+0800: 17.556: [DefNew: 35072K->0K(39424K), 0.0003998 secs] 37029K->1957K(126848K), 0.0004622 secs] [Times: user=0.00 sys=0.00, real=0.00 secs] 
2021-03-22T17:59:03.111+0800: 17.580: [GC (Allocation Failure) 2021-03-22T17:59:03.111+0800: 17.581: [DefNew: 35072K->0K(39424K), 0.0001913 secs] 37029K->1957K(126848K), 0.0002292 secs] [Times: user=0.00 sys=0.00, real=0.00 secs] 
2021-03-22T17:59:03.134+0800: 17.603: [GC (Allocation Failure) 2021-03-22T17:59:03.134+0800: 17.603: [DefNew: 35072K->0K(39424K), 0.0001880 secs] 37029K->1957K(126848K), 0.0002263 secs] [Times: user=0.00 sys=0.00, real=0.00 secs] 
2021-03-22T17:59:03.157+0800: 17.626: [GC (Allocation Failure) 2021-03-22T17:59:03.157+0800: 17.626: [DefNew: 35072K->0K(39424K), 0.0002646 secs] 37029K->1957K(126848K), 0.0003565 secs] [Times: user=0.00 sys=0.00, real=0.00 secs] 
2021-03-22T17:59:03.189+0800: 17.658: [GC (Allocation Failure) 2021-03-22T17:59:03.189+0800: 17.658: [DefNew: 35072K->0K(39424K), 0.0002525 secs] 37029K->1957K(126848K), 0.0002960 secs] [Times: user=0.00 sys=0.00, real=0.00 secs] 
2021-03-22T17:59:03.215+0800: 17.684: [GC (Allocation Failure) 2021-03-22T17:59:03.215+0800: 17.684: [DefNew: 35072K->0K(39424K), 0.0001935 secs] 37029K->1957K(126848K), 0.0002310 secs] [Times: user=0.00 sys=0.00, real=0.00 secs] 
2021-03-22T17:59:03.238+0800: 17.707: [GC (Allocation Failure) 2021-03-22T17:59:03.238+0800: 17.707: [DefNew: 35072K->0K(39424K), 0.0001916 secs] 37029K->1957K(126848K), 0.0002267 secs] [Times: user=0.00 sys=0.00, real=0.00 secs] 
2021-03-22T17:59:03.262+0800: 17.732: [GC (Allocation Failure) 2021-03-22T17:59:03.262+0800: 17.732: [DefNew: 35072K->0K(39424K), 0.0001928 secs] 37029K->1957K(126848K), 0.0002297 secs] [Times: user=0.00 sys=0.00, real=0.00 secs] 
2021-03-22T17:59:03.284+0800: 17.754: [GC (Allocation Failure) 2021-03-22T17:59:03.284+0800: 17.754: [DefNew: 35072K->0K(39424K), 0.0001914 secs] 37029K->1957K(126848K), 0.0002291 secs] [Times: user=0.00 sys=0.00, real=0.00 secs] 
2021-03-22T17:59:03.308+0800: 17.778: [GC (Allocation Failure) 2021-03-22T17:59:03.308+0800: 17.778: [DefNew: 35072K->0K(39424K), 0.0002433 secs] 37029K->1957K(126848K), 0.0002968 secs] [Times: user=0.00 sys=0.00, real=0.00 secs] 
2021-03-22T17:59:03.332+0800: 17.802: [GC (Allocation Failure) 2021-03-22T17:59:03.332+0800: 17.802: [DefNew: 35072K->0K(39424K), 0.0001888 secs] 37029K->1957K(126848K), 0.0002246 secs] [Times: user=0.00 sys=0.00, real=0.00 secs] 
2021-03-22T17:59:03.354+0800: 17.824: [GC (Allocation Failure) 2021-03-22T17:59:03.354+0800: 17.824: [DefNew: 35072K->0K(39424K), 0.0001912 secs] 37029K->1957K(126848K), 0.0002283 secs] [Times: user=0.00 sys=0.00, real=0.00 secs] 
2021-03-22T17:59:03.380+0800: 17.849: [GC (Allocation Failure) 2021-03-22T17:59:03.380+0800: 17.849: [DefNew: 35072K->0K(39424K), 0.0003044 secs] 37029K->1957K(126848K), 0.0003539 secs] [Times: user=0.00 sys=0.00, real=0.00 secs] 
2021-03-22T17:59:03.406+0800: 17.876: [GC (Allocation Failure) 2021-03-22T17:59:03.406+0800: 17.876: [DefNew: 35072K->0K(39424K), 0.0003102 secs] 37029K->1957K(126848K), 0.0003530 secs] [Times: user=0.00 sys=0.00, real=0.00 secs] 
2021-03-22T17:59:03.446+0800: 17.916: [GC (Allocation Failure) 2021-03-22T17:59:03.446+0800: 17.916: [DefNew: 35072K->0K(39424K), 0.0002970 secs] 37029K->1957K(126848K), 0.0003369 secs] [Times: user=0.00 sys=0.00, real=0.00 secs] 
2021-03-22T17:59:03.477+0800: 17.947: [GC (Allocation Failure) 2021-03-22T17:59:03.477+0800: 17.947: [DefNew: 35072K->0K(39424K), 0.0002018 secs] 37029K->1957K(126848K), 0.0002377 secs] [Times: user=0.00 sys=0.00, real=0.00 secs] 
2021-03-22T17:59:03.504+0800: 17.974: [GC (Allocation Failure) 2021-03-22T17:59:03.504+0800: 17.974: [DefNew: 35072K->0K(39424K), 0.0002536 secs] 37029K->1957K(126848K), 0.0003083 secs] [Times: user=0.00 sys=0.00, real=0.00 secs] 
2021-03-22T17:59:03.527+0800: 17.996: [GC (Allocation Failure) 2021-03-22T17:59:03.527+0800: 17.996: [DefNew: 35072K->0K(39424K), 0.0001916 secs] 37029K->1957K(126848K), 0.0002399 secs] [Times: user=0.00 sys=0.00, real=0.00 secs] 
2021-03-22T17:59:03.549+0800: 18.018: [GC (Allocation Failure) 2021-03-22T17:59:03.549+0800: 18.018: [DefNew: 35072K->0K(39424K), 0.0002139 secs] 37029K->1957K(126848K), 0.0002492 secs] [Times: user=0.00 sys=0.00, real=0.00 secs] 
2021-03-22T17:59:03.571+0800: 18.040: [GC (Allocation Failure) 2021-03-22T17:59:03.571+0800: 18.040: [DefNew: 35072K->0K(39424K), 0.0001917 secs] 37029K->1957K(126848K), 0.0002295 secs] [Times: user=0.00 sys=0.00, real=0.00 secs] 
2021-03-22T17:59:03.596+0800: 18.065: [GC (Allocation Failure) 2021-03-22T17:59:03.596+0800: 18.065: [DefNew: 35072K->0K(39424K), 0.0001880 secs] 37029K->1957K(126848K), 0.0002265 secs] [Times: user=0.00 sys=0.00, real=0.00 secs] 
2021-03-22T17:59:03.619+0800: 18.089: [GC (Allocation Failure) 2021-03-22T17:59:03.619+0800: 18.089: [DefNew: 35072K->0K(39424K), 0.0001923 secs] 37029K->1957K(126848K), 0.0002265 secs] [Times: user=0.00 sys=0.00, real=0.00 secs] 
2021-03-22T17:59:03.643+0800: 18.113: [GC (Allocation Failure) 2021-03-22T17:59:03.643+0800: 18.113: [DefNew: 35072K->0K(39424K), 0.0001901 secs] 37029K->1957K(126848K), 0.0002274 secs] [Times: user=0.00 sys=0.00, real=0.00 secs] 
2021-03-22T17:59:03.669+0800: 18.138: [GC (Allocation Failure) 2021-03-22T17:59:03.669+0800: 18.138: [DefNew: 35072K->0K(39424K), 0.0001917 secs] 37029K->1957K(126848K), 0.0002274 secs] [Times: user=0.00 sys=0.00, real=0.00 secs] 
2021-03-22T17:59:03.713+0800: 18.182: [GC (Allocation Failure) 2021-03-22T17:59:03.713+0800: 18.182: [DefNew: 35072K->0K(39424K), 0.0002465 secs] 37029K->1957K(126848K), 0.0002870 secs] [Times: user=0.00 sys=0.00, real=0.00 secs] 
2021-03-22T17:59:03.736+0800: 18.206: [GC (Allocation Failure) 2021-03-22T17:59:03.736+0800: 18.206: [DefNew: 35072K->0K(39424K), 0.0002121 secs] 37029K->1957K(126848K), 0.0002488 secs] [Times: user=0.00 sys=0.00, real=0.00 secs] 
2021-03-22T17:59:03.758+0800: 18.228: [GC (Allocation Failure) 2021-03-22T17:59:03.758+0800: 18.228: [DefNew: 35072K->0K(39424K), 0.0001884 secs] 37029K->1957K(126848K), 0.0002264 secs] [Times: user=0.00 sys=0.00, real=0.00 secs] 
2021-03-22T17:59:03.781+0800: 18.251: [GC (Allocation Failure) 2021-03-22T17:59:03.781+0800: 18.251: [DefNew: 35072K->0K(39424K), 0.0002341 secs] 37029K->1957K(126848K), 0.0002709 secs] [Times: user=0.00 sys=0.00, real=0.00 secs] 
2021-03-22T17:59:03.806+0800: 18.276: [GC (Allocation Failure) 2021-03-22T17:59:03.806+0800: 18.276: [DefNew: 35072K->0K(39424K), 0.0003355 secs] 37029K->1957K(126848K), 0.0003803 secs] [Times: user=0.00 sys=0.00, real=0.00 secs] 
2021-03-22T17:59:03.830+0800: 18.299: [GC (Allocation Failure) 2021-03-22T17:59:03.830+0800: 18.299: [DefNew: 35072K->0K(39424K), 0.0001901 secs] 37029K->1957K(126848K), 0.0002240 secs] [Times: user=0.00 sys=0.00, real=0.00 secs] 
2021-03-22T17:59:03.859+0800: 18.329: [GC (Allocation Failure) 2021-03-22T17:59:03.860+0800: 18.329: [DefNew: 35072K->0K(39424K), 0.0006882 secs] 37029K->1957K(126848K), 0.0008480 secs] [Times: user=0.00 sys=0.00, real=0.00 secs] 
2021-03-22T17:59:03.888+0800: 18.357: [GC (Allocation Failure) 2021-03-22T17:59:03.888+0800: 18.357: [DefNew: 35072K->0K(39424K), 0.0002049 secs] 37029K->1957K(126848K), 0.0002678 secs] [Times: user=0.00 sys=0.00, real=0.00 secs] 
2021-03-22T17:59:03.914+0800: 18.383: [GC (Allocation Failure) 2021-03-22T17:59:03.914+0800: 18.383: [DefNew: 35072K->0K(39424K), 0.0001995 secs] 37029K->1957K(126848K), 0.0002329 secs] [Times: user=0.00 sys=0.00, real=0.00 secs] 
2021-03-22T17:59:03.954+0800: 18.423: [GC (Allocation Failure) 2021-03-22T17:59:03.954+0800: 18.423: [DefNew: 35072K->0K(39424K), 0.0002011 secs] 37029K->1957K(126848K), 0.0002455 secs] [Times: user=0.00 sys=0.00, real=0.00 secs] 
2021-03-22T17:59:03.977+0800: 18.446: [GC (Allocation Failure) 2021-03-22T17:59:03.977+0800: 18.446: [DefNew: 35072K->0K(39424K), 0.0001967 secs] 37029K->1957K(126848K), 0.0002709 secs] [Times: user=0.00 sys=0.00, real=0.00 secs] 
2021-03-22T17:59:03.999+0800: 18.469: [GC (Allocation Failure) 2021-03-22T17:59:03.999+0800: 18.469: [DefNew: 35072K->0K(39424K), 0.0001885 secs] 37029K->1957K(126848K), 0.0002265 secs] [Times: user=0.00 sys=0.00, real=0.00 secs] 
2021-03-22T17:59:04.021+0800: 18.491: [GC (Allocation Failure) 2021-03-22T17:59:04.021+0800: 18.491: [DefNew: 35072K->0K(39424K), 0.0001936 secs] 37029K->1957K(126848K), 0.0002300 secs] [Times: user=0.00 sys=0.00, real=0.00 secs] 
2021-03-22T17:59:04.045+0800: 18.515: [GC (Allocation Failure) 2021-03-22T17:59:04.045+0800: 18.515: [DefNew: 35072K->0K(39424K), 0.0002250 secs] 37029K->1957K(126848K), 0.0002622 secs] [Times: user=0.00 sys=0.00, real=0.00 secs] 
2021-03-22T17:59:04.069+0800: 18.539: [GC (Allocation Failure) 2021-03-22T17:59:04.069+0800: 18.539: [DefNew: 35072K->0K(39424K), 0.0001905 secs] 37029K->1957K(126848K), 0.0002288 secs] [Times: user=0.00 sys=0.00, real=0.00 secs] 
2021-03-22T17:59:04.092+0800: 18.562: [GC (Allocation Failure) 2021-03-22T17:59:04.092+0800: 18.562: [DefNew: 35072K->0K(39424K), 0.0002233 secs] 37029K->1957K(126848K), 0.0002620 secs] [Times: user=0.00 sys=0.00, real=0.00 secs] 
2021-03-22T17:59:04.116+0800: 18.586: [GC (Allocation Failure) 2021-03-22T17:59:04.116+0800: 18.586: [DefNew: 35072K->0K(39424K), 0.0002082 secs] 37029K->1957K(126848K), 0.0002553 secs] [Times: user=0.00 sys=0.00, real=0.00 secs] 
2021-03-22T17:59:04.142+0800: 18.611: [GC (Allocation Failure) 2021-03-22T17:59:04.142+0800: 18.611: [DefNew: 35072K->0K(39424K), 0.0001931 secs] 37029K->1957K(126848K), 0.0002299 secs] [Times: user=0.00 sys=0.00, real=0.00 secs] 
2021-03-22T17:59:04.164+0800: 18.634: [GC (Allocation Failure) 2021-03-22T17:59:04.164+0800: 18.634: [DefNew: 35072K->0K(39424K), 0.0001863 secs] 37029K->1957K(126848K), 0.0002235 secs] [Times: user=0.00 sys=0.00, real=0.00 secs] 
2021-03-22T17:59:04.196+0800: 18.666: [GC (Allocation Failure) 2021-03-22T17:59:04.196+0800: 18.666: [DefNew: 35072K->0K(39424K), 0.0002931 secs] 37029K->1957K(126848K), 0.0003359 secs] [Times: user=0.00 sys=0.00, real=0.00 secs] 
2021-03-22T17:59:04.220+0800: 18.690: [GC (Allocation Failure) 2021-03-22T17:59:04.220+0800: 18.690: [DefNew: 35072K->0K(39424K), 0.0001923 secs] 37029K->1957K(126848K), 0.0002286 secs] [Times: user=0.00 sys=0.00, real=0.00 secs] 
2021-03-22T17:59:04.244+0800: 18.713: [GC (Allocation Failure) 2021-03-22T17:59:04.244+0800: 18.714: [DefNew: 35072K->0K(39424K), 0.0001900 secs] 37029K->1957K(126848K), 0.0002230 secs] [Times: user=0.00 sys=0.00, real=0.00 secs] 
2021-03-22T17:59:04.266+0800: 18.735: [GC (Allocation Failure) 2021-03-22T17:59:04.266+0800: 18.736: [DefNew: 35072K->0K(39424K), 0.0001857 secs] 37029K->1957K(126848K), 0.0002195 secs] [Times: user=0.00 sys=0.00, real=0.00 secs] 
2021-03-22T17:59:04.293+0800: 18.762: [GC (Allocation Failure) 2021-03-22T17:59:04.293+0800: 18.762: [DefNew: 35072K->0K(39424K), 0.0001861 secs] 37029K->1957K(126848K), 0.0002236 secs] [Times: user=0.00 sys=0.00, real=0.00 secs] 
2021-03-22T17:59:04.316+0800: 18.785: [GC (Allocation Failure) 2021-03-22T17:59:04.316+0800: 18.785: [DefNew: 35072K->0K(39424K), 0.0001903 secs] 37029K->1957K(126848K), 0.0002277 secs] [Times: user=0.00 sys=0.00, real=0.00 secs] 
2021-03-22T17:59:04.340+0800: 18.809: [GC (Allocation Failure) 2021-03-22T17:59:04.340+0800: 18.809: [DefNew: 35072K->0K(39424K), 0.0002005 secs] 37029K->1957K(126848K), 0.0002366 secs] [Times: user=0.00 sys=0.00, real=0.00 secs] 
2021-03-22T17:59:04.364+0800: 18.833: [GC (Allocation Failure) 2021-03-22T17:59:04.364+0800: 18.833: [DefNew: 35072K->0K(39424K), 0.0001911 secs] 37029K->1957K(126848K), 0.0002234 secs] [Times: user=0.00 sys=0.00, real=0.00 secs] 
2021-03-22T17:59:04.387+0800: 18.857: [GC (Allocation Failure) 2021-03-22T17:59:04.387+0800: 18.857: [DefNew: 35072K->0K(39424K), 0.0002767 secs] 37029K->1957K(126848K), 0.0003143 secs] [Times: user=0.00 sys=0.00, real=0.00 secs] 
2021-03-22T17:59:04.410+0800: 18.880: [GC (Allocation Failure) 2021-03-22T17:59:04.410+0800: 18.880: [DefNew: 35072K->0K(39424K), 0.0002063 secs] 37029K->1957K(126848K), 0.0002574 secs] [Times: user=0.00 sys=0.00, real=0.00 secs] 
2021-03-22T17:59:04.440+0800: 18.910: [GC (Allocation Failure) 2021-03-22T17:59:04.440+0800: 18.910: [DefNew: 35072K->0K(39424K), 0.0002467 secs] 37029K->1957K(126848K), 0.0003092 secs] [Times: user=0.00 sys=0.00, real=0.00 secs] 
2021-03-22T17:59:04.469+0800: 18.939: [GC (Allocation Failure) 2021-03-22T17:59:04.469+0800: 18.939: [DefNew: 35072K->0K(39424K), 0.0002566 secs] 37029K->1957K(126848K), 0.0003058 secs] [Times: user=0.00 sys=0.00, real=0.00 secs] 
2021-03-22T17:59:04.493+0800: 18.963: [GC (Allocation Failure) 2021-03-22T17:59:04.493+0800: 18.963: [DefNew: 35072K->0K(39424K), 0.0001903 secs] 37029K->1957K(126848K), 0.0002277 secs] [Times: user=0.00 sys=0.00, real=0.00 secs] 
2021-03-22T17:59:04.518+0800: 18.988: [GC (Allocation Failure) 2021-03-22T17:59:04.518+0800: 18.988: [DefNew: 35072K->0K(39424K), 0.0001891 secs] 37029K->1957K(126848K), 0.0002267 secs] [Times: user=0.00 sys=0.00, real=0.00 secs] 
2021-03-22T17:59:04.540+0800: 19.009: [GC (Allocation Failure) 2021-03-22T17:59:04.540+0800: 19.010: [DefNew: 35072K->0K(39424K), 0.0002305 secs] 37029K->1957K(126848K), 0.0003336 secs] [Times: user=0.00 sys=0.00, real=0.00 secs] 
2021-03-22T17:59:04.564+0800: 19.033: [GC (Allocation Failure) 2021-03-22T17:59:04.564+0800: 19.033: [DefNew: 35072K->0K(39424K), 0.0002085 secs] 37029K->1957K(126848K), 0.0002468 secs] [Times: user=0.00 sys=0.00, real=0.00 secs] 
2021-03-22T17:59:04.588+0800: 19.058: [GC (Allocation Failure) 2021-03-22T17:59:04.588+0800: 19.058: [DefNew: 35072K->0K(39424K), 0.0002584 secs] 37029K->1957K(126848K), 0.0002966 secs] [Times: user=0.00 sys=0.00, real=0.00 secs] 
2021-03-22T17:59:04.612+0800: 19.081: [GC (Allocation Failure) 2021-03-22T17:59:04.612+0800: 19.081: [DefNew: 35072K->0K(39424K), 0.0001896 secs] 37029K->1957K(126848K), 0.0002267 secs] [Times: user=0.00 sys=0.00, real=0.00 secs] 
2021-03-22T17:59:04.634+0800: 19.103: [GC (Allocation Failure) 2021-03-22T17:59:04.634+0800: 19.103: [DefNew: 35072K->0K(39424K), 0.0001988 secs] 37029K->1957K(126848K), 0.0002384 secs] [Times: user=0.00 sys=0.00, real=0.00 secs] 
2021-03-22T17:59:04.656+0800: 19.125: [GC (Allocation Failure) 2021-03-22T17:59:04.656+0800: 19.125: [DefNew: 35072K->0K(39424K), 0.0001923 secs] 37029K->1957K(126848K), 0.0002291 secs] [Times: user=0.00 sys=0.00, real=0.00 secs] 
2021-03-22T17:59:04.687+0800: 19.156: [GC (Allocation Failure) 2021-03-22T17:59:04.687+0800: 19.156: [DefNew: 35072K->0K(39424K), 0.0001993 secs] 37029K->1957K(126848K), 0.0002383 secs] [Times: user=0.00 sys=0.00, real=0.00 secs] 
2021-03-22T17:59:04.727+0800: 19.196: [GC (Allocation Failure) 2021-03-22T17:59:04.727+0800: 19.196: [DefNew: 35072K->0K(39424K), 0.0001999 secs] 37029K->1957K(126848K), 0.0002390 secs] [Times: user=0.00 sys=0.00, real=0.00 secs] 
2021-03-22T17:59:04.757+0800: 19.227: [GC (Allocation Failure) 2021-03-22T17:59:04.757+0800: 19.227: [DefNew: 35072K->0K(39424K), 0.0002644 secs] 37029K->1957K(126848K), 0.0003113 secs] [Times: user=0.00 sys=0.00, real=0.00 secs] 
2021-03-22T17:59:04.784+0800: 19.254: [GC (Allocation Failure) 2021-03-22T17:59:04.784+0800: 19.254: [DefNew: 35072K->0K(39424K), 0.0001949 secs] 37029K->1957K(126848K), 0.0002317 secs] [Times: user=0.00 sys=0.00, real=0.00 secs] 
2021-03-22T17:59:04.807+0800: 19.277: [GC (Allocation Failure) 2021-03-22T17:59:04.807+0800: 19.277: [DefNew: 35072K->0K(39424K), 0.0002183 secs] 37029K->1957K(126848K), 0.0002620 secs] [Times: user=0.00 sys=0.00, real=0.00 secs] 
2021-03-22T17:59:04.831+0800: 19.300: [GC (Allocation Failure) 2021-03-22T17:59:04.831+0800: 19.300: [DefNew: 35072K->0K(39424K), 0.0001916 secs] 37029K->1957K(126848K), 0.0002397 secs] [Times: user=0.00 sys=0.00, real=0.00 secs] 
2021-03-22T17:59:04.853+0800: 19.323: [GC (Allocation Failure) 2021-03-22T17:59:04.853+0800: 19.323: [DefNew: 35072K->0K(39424K), 0.0002303 secs] 37029K->1957K(126848K), 0.0002708 secs] [Times: user=0.00 sys=0.00, real=0.00 secs] 
2021-03-22T17:59:04.878+0800: 19.347: [GC (Allocation Failure) 2021-03-22T17:59:04.878+0800: 19.347: [DefNew: 35072K->0K(39424K), 0.0001899 secs] 37029K->1957K(126848K), 0.0002611 secs] [Times: user=0.00 sys=0.00, real=0.00 secs] 
2021-03-22T17:59:04.903+0800: 19.372: [GC (Allocation Failure) 2021-03-22T17:59:04.903+0800: 19.372: [DefNew: 35072K->0K(39424K), 0.0002184 secs] 37029K->1957K(126848K), 0.0002559 secs] [Times: user=0.00 sys=0.00, real=0.00 secs] 
2021-03-22T17:59:04.935+0800: 19.404: [GC (Allocation Failure) 2021-03-22T17:59:04.935+0800: 19.404: [DefNew: 35072K->0K(39424K), 0.0002613 secs] 37029K->1957K(126848K), 0.0003180 secs] [Times: user=0.00 sys=0.00, real=0.00 secs] 
2021-03-22T17:59:04.963+0800: 19.433: [GC (Allocation Failure) 2021-03-22T17:59:04.963+0800: 19.433: [DefNew: 35072K->0K(39424K), 0.0002011 secs] 37029K->1957K(126848K), 0.0002488 secs] [Times: user=0.00 sys=0.00, real=0.00 secs] 
2021-03-22T17:59:04.985+0800: 19.454: [GC (Allocation Failure) 2021-03-22T17:59:04.985+0800: 19.455: [DefNew: 35072K->0K(39424K), 0.0001920 secs] 37029K->1957K(126848K), 0.0002270 secs] [Times: user=0.00 sys=0.00, real=0.00 secs] 
2021-03-22T17:59:05.009+0800: 19.478: [GC (Allocation Failure) 2021-03-22T17:59:05.009+0800: 19.479: [DefNew: 35072K->0K(39424K), 0.0001917 secs] 37029K->1957K(126848K), 0.0002304 secs] [Times: user=0.00 sys=0.00, real=0.00 secs] 
2021-03-22T17:59:05.032+0800: 19.501: [GC (Allocation Failure) 2021-03-22T17:59:05.032+0800: 19.501: [DefNew: 35072K->0K(39424K), 0.0001890 secs] 37029K->1957K(126848K), 0.0002259 secs] [Times: user=0.00 sys=0.00, real=0.00 secs] 
2021-03-22T17:59:05.056+0800: 19.525: [GC (Allocation Failure) 2021-03-22T17:59:05.056+0800: 19.525: [DefNew: 35072K->0K(39424K), 0.0001875 secs] 37029K->1957K(126848K), 0.0002195 secs] [Times: user=0.00 sys=0.00, real=0.00 secs] 
2021-03-22T17:59:05.079+0800: 19.548: [GC (Allocation Failure) 2021-03-22T17:59:05.079+0800: 19.548: [DefNew: 35072K->0K(39424K), 0.0001911 secs] 37029K->1957K(126848K), 0.0002248 secs] [Times: user=0.00 sys=0.00, real=0.00 secs] 
2021-03-22T17:59:05.102+0800: 19.571: [GC (Allocation Failure) 2021-03-22T17:59:05.102+0800: 19.571: [DefNew: 35072K->0K(39424K), 0.0002012 secs] 37029K->1957K(126848K), 0.0002543 secs] [Times: user=0.00 sys=0.00, real=0.00 secs] 
2021-03-22T17:59:05.127+0800: 19.597: [GC (Allocation Failure) 2021-03-22T17:59:05.127+0800: 19.597: [DefNew: 35072K->0K(39424K), 0.0002057 secs] 37029K->1957K(126848K), 0.0002433 secs] [Times: user=0.00 sys=0.00, real=0.00 secs] 
2021-03-22T17:59:05.152+0800: 19.622: [GC (Allocation Failure) 2021-03-22T17:59:05.152+0800: 19.622: [DefNew: 35072K->0K(39424K), 0.0001917 secs] 37029K->1957K(126848K), 0.0002290 secs] [Times: user=0.00 sys=0.00, real=0.00 secs] 
2021-03-22T17:59:05.178+0800: 19.648: [GC (Allocation Failure) 2021-03-22T17:59:05.178+0800: 19.648: [DefNew: 35072K->0K(39424K), 0.0003944 secs] 37029K->1957K(126848K), 0.0004319 secs] [Times: user=0.00 sys=0.00, real=0.00 secs] 
2021-03-22T17:59:05.207+0800: 19.676: [GC (Allocation Failure) 2021-03-22T17:59:05.207+0800: 19.676: [DefNew: 35072K->0K(39424K), 0.0003171 secs] 37029K->1957K(126848K), 0.0003625 secs] [Times: user=0.00 sys=0.00, real=0.00 secs] 
2021-03-22T17:59:05.232+0800: 19.702: [GC (Allocation Failure) 2021-03-22T17:59:05.232+0800: 19.702: [DefNew: 35072K->0K(39424K), 0.0001911 secs] 37029K->1957K(126848K), 0.0002288 secs] [Times: user=0.00 sys=0.00, real=0.00 secs] 
2021-03-22T17:59:05.255+0800: 19.725: [GC (Allocation Failure) 2021-03-22T17:59:05.255+0800: 19.725: [DefNew: 35072K->0K(39424K), 0.0002119 secs] 37029K->1957K(126848K), 0.0002504 secs] [Times: user=0.00 sys=0.00, real=0.00 secs] 
2021-03-22T17:59:05.278+0800: 19.748: [GC (Allocation Failure) 2021-03-22T17:59:05.278+0800: 19.748: [DefNew: 35072K->0K(39424K), 0.0001962 secs] 37029K->1957K(126848K), 0.0002352 secs] [Times: user=0.00 sys=0.00, real=0.00 secs] 
2021-03-22T17:59:05.302+0800: 19.771: [GC (Allocation Failure) 2021-03-22T17:59:05.302+0800: 19.771: [DefNew: 35072K->0K(39424K), 0.0001890 secs] 37029K->1957K(126848K), 0.0002544 secs] [Times: user=0.00 sys=0.00, real=0.00 secs] 
2021-03-22T17:59:05.326+0800: 19.795: [GC (Allocation Failure) 2021-03-22T17:59:05.326+0800: 19.795: [DefNew: 35072K->0K(39424K), 0.0001912 secs] 37029K->1957K(126848K), 0.0002247 secs] [Times: user=0.00 sys=0.00, real=0.00 secs] 
2021-03-22T17:59:05.349+0800: 19.818: [GC (Allocation Failure) 2021-03-22T17:59:05.349+0800: 19.818: [DefNew: 35072K->0K(39424K), 0.0002696 secs] 37029K->1957K(126848K), 0.0003294 secs] [Times: user=0.00 sys=0.00, real=0.00 secs] 
2021-03-22T17:59:05.373+0800: 19.842: [GC (Allocation Failure) 2021-03-22T17:59:05.373+0800: 19.842: [DefNew: 35072K->0K(39424K), 0.0001894 secs] 37029K->1957K(126848K), 0.0002279 secs] [Times: user=0.00 sys=0.00, real=0.00 secs] 
2021-03-22T17:59:05.396+0800: 19.866: [GC (Allocation Failure) 2021-03-22T17:59:05.396+0800: 19.866: [DefNew: 35072K->0K(39424K), 0.0002394 secs] 37029K->1957K(126848K), 0.0002760 secs] [Times: user=0.00 sys=0.00, real=0.00 secs] 
2021-03-22T17:59:05.418+0800: 19.887: [GC (Allocation Failure) 2021-03-22T17:59:05.418+0800: 19.887: [DefNew: 35072K->0K(39424K), 0.0001917 secs] 37029K->1957K(126848K), 0.0002253 secs] [Times: user=0.00 sys=0.00, real=0.00 secs] 
2021-03-22T17:59:05.452+0800: 19.921: [GC (Allocation Failure) 2021-03-22T17:59:05.452+0800: 19.921: [DefNew: 35072K->0K(39424K), 0.0002027 secs] 37029K->1957K(126848K), 0.0002441 secs] [Times: user=0.00 sys=0.00, real=0.00 secs] 
2021-03-22T17:59:05.476+0800: 19.945: [GC (Allocation Failure) 2021-03-22T17:59:05.476+0800: 19.945: [DefNew: 35072K->0K(39424K), 0.0001948 secs] 37029K->1957K(126848K), 0.0002328 secs] [Times: user=0.00 sys=0.00, real=0.00 secs] 
2021-03-22T17:59:05.498+0800: 19.968: [GC (Allocation Failure) 2021-03-22T17:59:05.498+0800: 19.968: [DefNew: 35072K->0K(39424K), 0.0001872 secs] 37029K->1957K(126848K), 0.0002251 secs] [Times: user=0.00 sys=0.00, real=0.00 secs] 
2021-03-22T17:59:05.519+0800: 19.989: [GC (Allocation Failure) 2021-03-22T17:59:05.519+0800: 19.989: [DefNew: 35072K->0K(39424K), 0.0002281 secs] 37029K->1957K(126848K), 0.0002651 secs] [Times: user=0.00 sys=0.00, real=0.00 secs] 
2021-03-22T17:59:05.549+0800: 20.019: [GC (Allocation Failure) 2021-03-22T17:59:05.549+0800: 20.019: [DefNew: 35072K->0K(39424K), 0.0002011 secs] 37029K->1957K(126848K), 0.0002399 secs] [Times: user=0.00 sys=0.00, real=0.00 secs] 
2021-03-22T17:59:05.585+0800: 20.055: [GC (Allocation Failure) 2021-03-22T17:59:05.585+0800: 20.055: [DefNew: 35072K->0K(39424K), 0.0002499 secs] 37029K->1957K(126848K), 0.0002950 secs] [Times: user=0.00 sys=0.00, real=0.00 secs] 
2021-03-22T17:59:05.611+0800: 20.080: [GC (Allocation Failure) 2021-03-22T17:59:05.611+0800: 20.080: [DefNew: 35072K->0K(39424K), 0.0002116 secs] 37029K->1957K(126848K), 0.0002532 secs] [Times: user=0.00 sys=0.00, real=0.00 secs] 
2021-03-22T17:59:05.635+0800: 20.104: [GC (Allocation Failure) 2021-03-22T17:59:05.635+0800: 20.104: [DefNew: 35072K->0K(39424K), 0.0001972 secs] 37029K->1957K(126848K), 0.0002335 secs] [Times: user=0.00 sys=0.00, real=0.00 secs] 
2021-03-22T17:59:05.658+0800: 20.128: [GC (Allocation Failure) 2021-03-22T17:59:05.658+0800: 20.128: [DefNew: 35072K->0K(39424K), 0.0001877 secs] 37029K->1957K(126848K), 0.0002260 secs] [Times: user=0.00 sys=0.00, real=0.00 secs] 
2021-03-22T17:59:05.686+0800: 20.155: [GC (Allocation Failure) 2021-03-22T17:59:05.686+0800: 20.155: [DefNew: 35072K->0K(39424K), 0.0001980 secs] 37029K->1957K(126848K), 0.0002392 secs] [Times: user=0.00 sys=0.00, real=0.00 secs] 
2021-03-22T17:59:05.716+0800: 20.186: [GC (Allocation Failure) 2021-03-22T17:59:05.716+0800: 20.186: [DefNew: 35072K->0K(39424K), 0.0002236 secs] 37029K->1957K(126848K), 0.0002615 secs] [Times: user=0.00 sys=0.00, real=0.00 secs] 
2021-03-22T17:59:05.739+0800: 20.208: [GC (Allocation Failure) 2021-03-22T17:59:05.739+0800: 20.208: [DefNew: 35072K->0K(39424K), 0.0002148 secs] 37029K->1957K(126848K), 0.0002575 secs] [Times: user=0.00 sys=0.00, real=0.00 secs] 
2021-03-22T17:59:05.762+0800: 20.231: [GC (Allocation Failure) 2021-03-22T17:59:05.762+0800: 20.231: [DefNew: 35072K->0K(39424K), 0.0001894 secs] 37029K->1957K(126848K), 0.0002204 secs] [Times: user=0.00 sys=0.00, real=0.00 secs] 
2021-03-22T17:59:05.785+0800: 20.254: [GC (Allocation Failure) 2021-03-22T17:59:05.785+0800: 20.254: [DefNew: 35072K->0K(39424K), 0.0001897 secs] 37029K->1957K(126848K), 0.0002312 secs] [Times: user=0.00 sys=0.00, real=0.00 secs] 
2021-03-22T17:59:05.808+0800: 20.277: [GC (Allocation Failure) 2021-03-22T17:59:05.808+0800: 20.277: [DefNew: 35072K->0K(39424K), 0.0002199 secs] 37029K->1957K(126848K), 0.0002967 secs] [Times: user=0.00 sys=0.00, real=0.00 secs] 
2021-03-22T17:59:05.831+0800: 20.300: [GC (Allocation Failure) 2021-03-22T17:59:05.831+0800: 20.300: [DefNew: 35072K->0K(39424K), 0.0001909 secs] 37029K->1957K(126848K), 0.0002274 secs] [Times: user=0.00 sys=0.00, real=0.00 secs] 
2021-03-22T17:59:05.854+0800: 20.323: [GC (Allocation Failure) 2021-03-22T17:59:05.854+0800: 20.323: [DefNew: 35072K->0K(39424K), 0.0003120 secs] 37029K->1957K(126848K), 0.0003953 secs] [Times: user=0.00 sys=0.00, real=0.00 secs] 
2021-03-22T17:59:05.877+0800: 20.347: [GC (Allocation Failure) 2021-03-22T17:59:05.877+0800: 20.347: [DefNew: 35072K->0K(39424K), 0.0001908 secs] 37029K->1957K(126848K), 0.0002297 secs] [Times: user=0.01 sys=0.00, real=0.00 secs] 
2021-03-22T17:59:05.901+0800: 20.371: [GC (Allocation Failure) 2021-03-22T17:59:05.901+0800: 20.371: [DefNew: 35072K->0K(39424K), 0.0002017 secs] 37029K->1957K(126848K), 0.0002455 secs] [Times: user=0.00 sys=0.00, real=0.00 secs] 
2021-03-22T17:59:05.929+0800: 20.399: [GC (Allocation Failure) 2021-03-22T17:59:05.929+0800: 20.399: [DefNew: 35072K->0K(39424K), 0.0003114 secs] 37029K->1957K(126848K), 0.0003778 secs] [Times: user=0.00 sys=0.00, real=0.00 secs] 
2021-03-22T17:59:05.961+0800: 20.430: [GC (Allocation Failure) 2021-03-22T17:59:05.961+0800: 20.430: [DefNew: 35072K->0K(39424K), 0.0001989 secs] 37029K->1957K(126848K), 0.0002400 secs] [Times: user=0.00 sys=0.00, real=0.00 secs] 
2021-03-22T17:59:05.986+0800: 20.456: [GC (Allocation Failure) 2021-03-22T17:59:05.986+0800: 20.456: [DefNew: 35072K->0K(39424K), 0.0002503 secs] 37029K->1957K(126848K), 0.0003028 secs] [Times: user=0.00 sys=0.00, real=0.00 secs] 
2021-03-22T17:59:06.017+0800: 20.486: [GC (Allocation Failure) 2021-03-22T17:59:06.017+0800: 20.486: [DefNew: 35072K->0K(39424K), 0.0002705 secs] 37029K->1957K(126848K), 0.0003244 secs] [Times: user=0.00 sys=0.00, real=0.00 secs] 
2021-03-22T17:59:06.050+0800: 20.520: [GC (Allocation Failure) 2021-03-22T17:59:06.050+0800: 20.520: [DefNew: 35072K->0K(39424K), 0.0002175 secs] 37029K->1957K(126848K), 0.0002602 secs] [Times: user=0.00 sys=0.00, real=0.00 secs] 
2021-03-22T17:59:06.076+0800: 20.545: [GC (Allocation Failure) 2021-03-22T17:59:06.076+0800: 20.545: [DefNew: 35072K->0K(39424K), 0.0001848 secs] 37029K->1957K(126848K), 0.0002303 secs] [Times: user=0.00 sys=0.00, real=0.00 secs] 
2021-03-22T17:59:06.097+0800: 20.566: [GC (Allocation Failure) 2021-03-22T17:59:06.097+0800: 20.566: [DefNew: 35072K->0K(39424K), 0.0002191 secs] 37029K->1957K(126848K), 0.0002531 secs] [Times: user=0.00 sys=0.00, real=0.00 secs] 
2021-03-22T17:59:06.121+0800: 20.590: [GC (Allocation Failure) 2021-03-22T17:59:06.121+0800: 20.590: [DefNew: 35072K->0K(39424K), 0.0002612 secs] 37029K->1957K(126848K), 0.0002966 secs] [Times: user=0.00 sys=0.00, real=0.00 secs] 
2021-03-22T17:59:06.146+0800: 20.615: [GC (Allocation Failure) 2021-03-22T17:59:06.146+0800: 20.615: [DefNew: 35072K->0K(39424K), 0.0001920 secs] 37029K->1957K(126848K), 0.0002259 secs] [Times: user=0.00 sys=0.00, real=0.00 secs] 
2021-03-22T17:59:06.168+0800: 20.637: [GC (Allocation Failure) 2021-03-22T17:59:06.168+0800: 20.637: [DefNew: 35072K->0K(39424K), 0.0002230 secs] 37029K->1957K(126848K), 0.0002907 secs] [Times: user=0.00 sys=0.00, real=0.00 secs] 
2021-03-22T17:59:06.196+0800: 20.665: [GC (Allocation Failure) 2021-03-22T17:59:06.196+0800: 20.665: [DefNew: 35072K->0K(39424K), 0.0002400 secs] 37029K->1957K(126848K), 0.0002821 secs] [Times: user=0.00 sys=0.00, real=0.00 secs] 
2021-03-22T17:59:06.222+0800: 20.691: [GC (Allocation Failure) 2021-03-22T17:59:06.222+0800: 20.691: [DefNew: 35072K->0K(39424K), 0.0002683 secs] 37029K->1957K(126848K), 0.0003091 secs] [Times: user=0.02 sys=0.00, real=0.00 secs] 
2021-03-22T17:59:06.244+0800: 20.714: [GC (Allocation Failure) 2021-03-22T17:59:06.244+0800: 20.714: [DefNew: 35072K->0K(39424K), 0.0002208 secs] 37029K->1957K(126848K), 0.0002588 secs] [Times: user=0.00 sys=0.00, real=0.00 secs] 
2021-03-22T17:59:06.267+0800: 20.737: [GC (Allocation Failure) 2021-03-22T17:59:06.267+0800: 20.737: [DefNew: 35072K->0K(39424K), 0.0001927 secs] 37029K->1957K(126848K), 0.0002593 secs] [Times: user=0.00 sys=0.00, real=0.00 secs] 
2021-03-22T17:59:06.289+0800: 20.758: [GC (Allocation Failure) 2021-03-22T17:59:06.289+0800: 20.758: [DefNew: 35072K->0K(39424K), 0.0001883 secs] 37029K->1957K(126848K), 0.0002215 secs] [Times: user=0.00 sys=0.00, real=0.00 secs] 
2021-03-22T17:59:06.311+0800: 20.781: [GC (Allocation Failure) 2021-03-22T17:59:06.311+0800: 20.781: [DefNew: 35072K->0K(39424K), 0.0002221 secs] 37029K->1957K(126848K), 0.0002600 secs] [Times: user=0.00 sys=0.00, real=0.00 secs] 
2021-03-22T17:59:06.336+0800: 20.806: [GC (Allocation Failure) 2021-03-22T17:59:06.336+0800: 20.806: [DefNew: 35072K->0K(39424K), 0.0001960 secs] 37029K->1957K(126848K), 0.0002319 secs] [Times: user=0.00 sys=0.00, real=0.00 secs] 
2021-03-22T17:59:06.360+0800: 20.830: [GC (Allocation Failure) 2021-03-22T17:59:06.360+0800: 20.830: [DefNew: 35072K->0K(39424K), 0.0001891 secs] 37029K->1957K(126848K), 0.0002265 secs] [Times: user=0.00 sys=0.00, real=0.00 secs] 
2021-03-22T17:59:06.382+0800: 20.852: [GC (Allocation Failure) 2021-03-22T17:59:06.382+0800: 20.852: [DefNew: 35072K->0K(39424K), 0.0001913 secs] 37029K->1957K(126848K), 0.0002282 secs] [Times: user=0.00 sys=0.00, real=0.00 secs] 
2021-03-22T17:59:06.405+0800: 20.875: [GC (Allocation Failure) 2021-03-22T17:59:06.405+0800: 20.875: [DefNew: 35072K->0K(39424K), 0.0001892 secs] 37029K->1957K(126848K), 0.0002388 secs] [Times: user=0.00 sys=0.00, real=0.00 secs] 
2021-03-22T17:59:06.431+0800: 20.900: [GC (Allocation Failure) 2021-03-22T17:59:06.431+0800: 20.900: [DefNew: 35072K->0K(39424K), 0.0003376 secs] 37029K->1957K(126848K), 0.0004386 secs] [Times: user=0.00 sys=0.00, real=0.00 secs] 
2021-03-22T17:59:06.461+0800: 20.931: [GC (Allocation Failure) 2021-03-22T17:59:06.461+0800: 20.931: [DefNew: 35072K->0K(39424K), 0.0002289 secs] 37029K->1957K(126848K), 0.0002632 secs] [Times: user=0.00 sys=0.00, real=0.00 secs] 
2021-03-22T17:59:06.491+0800: 20.960: [GC (Allocation Failure) 2021-03-22T17:59:06.491+0800: 20.960: [DefNew: 35072K->0K(39424K), 0.0002266 secs] 37029K->1957K(126848K), 0.0002890 secs] [Times: user=0.00 sys=0.00, real=0.00 secs] 
2021-03-22T17:59:06.515+0800: 20.984: [GC (Allocation Failure) 2021-03-22T17:59:06.515+0800: 20.984: [DefNew: 35072K->0K(39424K), 0.0001900 secs] 37029K->1957K(126848K), 0.0002277 secs] [Times: user=0.00 sys=0.00, real=0.00 secs] 
2021-03-22T17:59:06.538+0800: 21.007: [GC (Allocation Failure) 2021-03-22T17:59:06.538+0800: 21.007: [DefNew: 35072K->0K(39424K), 0.0002092 secs] 37029K->1957K(126848K), 0.0002512 secs] [Times: user=0.00 sys=0.00, real=0.00 secs] 
2021-03-22T17:59:06.563+0800: 21.033: [GC (Allocation Failure) 2021-03-22T17:59:06.563+0800: 21.033: [DefNew: 35072K->0K(39424K), 0.0002719 secs] 37029K->1957K(126848K), 0.0003145 secs] [Times: user=0.00 sys=0.00, real=0.00 secs] 
2021-03-22T17:59:06.587+0800: 21.056: [GC (Allocation Failure) 2021-03-22T17:59:06.587+0800: 21.056: [DefNew: 35072K->0K(39424K), 0.0001875 secs] 37029K->1957K(126848K), 0.0002194 secs] [Times: user=0.00 sys=0.00, real=0.00 secs] 
2021-03-22T17:59:06.614+0800: 21.084: [GC (Allocation Failure) 2021-03-22T17:59:06.614+0800: 21.084: [DefNew: 35072K->0K(39424K), 0.0002206 secs] 37029K->1957K(126848K), 0.0002550 secs] [Times: user=0.00 sys=0.00, real=0.00 secs] 
2021-03-22T17:59:06.638+0800: 21.107: [GC (Allocation Failure) 2021-03-22T17:59:06.638+0800: 21.108: [DefNew: 35072K->0K(39424K), 0.0001991 secs] 37029K->1957K(126848K), 0.0002853 secs] [Times: user=0.00 sys=0.00, real=0.00 secs] 
2021-03-22T17:59:06.666+0800: 21.136: [GC (Allocation Failure) 2021-03-22T17:59:06.666+0800: 21.136: [DefNew: 35072K->0K(39424K), 0.0003273 secs] 37029K->1957K(126848K), 0.0003751 secs] [Times: user=0.00 sys=0.00, real=0.00 secs] 
2021-03-22T17:59:06.696+0800: 21.165: [GC (Allocation Failure) 2021-03-22T17:59:06.696+0800: 21.166: [DefNew: 35072K->0K(39424K), 0.0002131 secs] 37029K->1957K(126848K), 0.0002537 secs] [Times: user=0.00 sys=0.00, real=0.00 secs] 
2021-03-22T17:59:06.728+0800: 21.197: [GC (Allocation Failure) 2021-03-22T17:59:06.728+0800: 21.198: [DefNew: 35072K->0K(39424K), 0.0002960 secs] 37029K->1957K(126848K), 0.0003526 secs] [Times: user=0.00 sys=0.00, real=0.00 secs] 
2021-03-22T17:59:06.752+0800: 21.222: [GC (Allocation Failure) 2021-03-22T17:59:06.752+0800: 21.222: [DefNew: 35072K->0K(39424K), 0.0002158 secs] 37029K->1957K(126848K), 0.0002543 secs] [Times: user=0.01 sys=0.00, real=0.00 secs] 
2021-03-22T17:59:06.778+0800: 21.248: [GC (Allocation Failure) 2021-03-22T17:59:06.778+0800: 21.248: [DefNew: 35072K->0K(39424K), 0.0001904 secs] 37029K->1957K(126848K), 0.0002270 secs] [Times: user=0.00 sys=0.00, real=0.00 secs] 
2021-03-22T17:59:06.801+0800: 21.270: [GC (Allocation Failure) 2021-03-22T17:59:06.801+0800: 21.270: [DefNew: 35072K->0K(39424K), 0.0002269 secs] 37029K->1957K(126848K), 0.0002791 secs] [Times: user=0.00 sys=0.00, real=0.00 secs] 
2021-03-22T17:59:06.825+0800: 21.294: [GC (Allocation Failure) 2021-03-22T17:59:06.825+0800: 21.294: [DefNew: 35072K->0K(39424K), 0.0002538 secs] 37029K->1957K(126848K), 0.0003072 secs] [Times: user=0.00 sys=0.00, real=0.00 secs] 
2021-03-22T17:59:06.848+0800: 21.317: [GC (Allocation Failure) 2021-03-22T17:59:06.848+0800: 21.317: [DefNew: 35072K->0K(39424K), 0.0001922 secs] 37029K->1957K(126848K), 0.0002290 secs] [Times: user=0.00 sys=0.00, real=0.00 secs] 
2021-03-22T17:59:06.872+0800: 21.341: [GC (Allocation Failure) 2021-03-22T17:59:06.872+0800: 21.341: [DefNew: 35072K->0K(39424K), 0.0001914 secs] 37029K->1957K(126848K), 0.0002254 secs] [Times: user=0.00 sys=0.00, real=0.00 secs] 
2021-03-22T17:59:06.896+0800: 21.365: [GC (Allocation Failure) 2021-03-22T17:59:06.896+0800: 21.365: [DefNew: 35072K->0K(39424K), 0.0002224 secs] 37029K->1957K(126848K), 0.0002944 secs] [Times: user=0.00 sys=0.00, real=0.00 secs] 
2021-03-22T17:59:06.918+0800: 21.387: [GC (Allocation Failure) 2021-03-22T17:59:06.918+0800: 21.387: [DefNew: 35072K->0K(39424K), 0.0002273 secs] 37029K->1957K(126848K), 0.0002641 secs] [Times: user=0.00 sys=0.00, real=0.00 secs] 
2021-03-22T17:59:06.944+0800: 21.413: [GC (Allocation Failure) 2021-03-22T17:59:06.944+0800: 21.414: [DefNew: 35072K->0K(39424K), 0.0002512 secs] 37029K->1957K(126848K), 0.0002920 secs] [Times: user=0.00 sys=0.00, real=0.00 secs] 
2021-03-22T17:59:06.977+0800: 21.446: [GC (Allocation Failure) 2021-03-22T17:59:06.977+0800: 21.446: [DefNew: 35072K->0K(39424K), 0.0002683 secs] 37029K->1957K(126848K), 0.0003045 secs] [Times: user=0.00 sys=0.00, real=0.00 secs] 
2021-03-22T17:59:06.998+0800: 21.468: [GC (Allocation Failure) 2021-03-22T17:59:06.998+0800: 21.468: [DefNew: 35072K->0K(39424K), 0.0002104 secs] 37029K->1957K(126848K), 0.0002510 secs] [Times: user=0.00 sys=0.00, real=0.00 secs] 
2021-03-22T17:59:07.020+0800: 21.490: [GC (Allocation Failure) 2021-03-22T17:59:07.020+0800: 21.490: [DefNew: 35072K->0K(39424K), 0.0001938 secs] 37029K->1957K(126848K), 0.0002270 secs] [Times: user=0.00 sys=0.00, real=0.00 secs] 
2021-03-22T17:59:07.044+0800: 21.514: [GC (Allocation Failure) 2021-03-22T17:59:07.044+0800: 21.514: [DefNew: 35072K->0K(39424K), 0.0002281 secs] 37029K->1957K(126848K), 0.0002612 secs] [Times: user=0.00 sys=0.00, real=0.00 secs] 
2021-03-22T17:59:07.067+0800: 21.537: [GC (Allocation Failure) 2021-03-22T17:59:07.067+0800: 21.537: [DefNew: 35072K->0K(39424K), 0.0001907 secs] 37029K->1957K(126848K), 0.0002266 secs] [Times: user=0.00 sys=0.00, real=0.00 secs] 
2021-03-22T17:59:07.092+0800: 21.562: [GC (Allocation Failure) 2021-03-22T17:59:07.092+0800: 21.562: [DefNew: 35072K->0K(39424K), 0.0001898 secs] 37029K->1957K(126848K), 0.0002268 secs] [Times: user=0.00 sys=0.00, real=0.00 secs] 
2021-03-22T17:59:07.115+0800: 21.584: [GC (Allocation Failure) 2021-03-22T17:59:07.115+0800: 21.584: [DefNew: 35072K->0K(39424K), 0.0001870 secs] 37029K->1957K(126848K), 0.0002242 secs] [Times: user=0.00 sys=0.00, real=0.00 secs] 
2021-03-22T17:59:07.138+0800: 21.607: [GC (Allocation Failure) 2021-03-22T17:59:07.138+0800: 21.607: [DefNew: 35072K->0K(39424K), 0.0002234 secs] 37029K->1957K(126848K), 0.0002573 secs] [Times: user=0.00 sys=0.00, real=0.00 secs] 
2021-03-22T17:59:07.163+0800: 21.632: [GC (Allocation Failure) 2021-03-22T17:59:07.163+0800: 21.632: [DefNew: 35072K->0K(39424K), 0.0002236 secs] 37029K->1957K(126848K), 0.0002605 secs] [Times: user=0.00 sys=0.00, real=0.00 secs] 
2021-03-22T17:59:07.188+0800: 21.657: [GC (Allocation Failure) 2021-03-22T17:59:07.188+0800: 21.657: [DefNew: 35072K->0K(39424K), 0.0002208 secs] 37029K->1957K(126848K), 0.0002595 secs] [Times: user=0.00 sys=0.00, real=0.00 secs] 
2021-03-22T17:59:07.223+0800: 21.692: [GC (Allocation Failure) 2021-03-22T17:59:07.223+0800: 21.692: [DefNew: 35072K->0K(39424K), 0.0001971 secs] 37029K->1957K(126848K), 0.0002519 secs] [Times: user=0.00 sys=0.00, real=0.00 secs] 
2021-03-22T17:59:07.247+0800: 21.716: [GC (Allocation Failure) 2021-03-22T17:59:07.247+0800: 21.716: [DefNew: 35072K->0K(39424K), 0.0002426 secs] 37029K->1957K(126848K), 0.0003028 secs] [Times: user=0.00 sys=0.00, real=0.00 secs] 
2021-03-22T17:59:07.280+0800: 21.749: [GC (Allocation Failure) 2021-03-22T17:59:07.280+0800: 21.749: [DefNew: 35072K->0K(39424K), 0.0002252 secs] 37029K->1957K(126848K), 0.0002590 secs] [Times: user=0.00 sys=0.00, real=0.00 secs] 
2021-03-22T17:59:07.310+0800: 21.779: [GC (Allocation Failure) 2021-03-22T17:59:07.310+0800: 21.779: [DefNew: 35072K->0K(39424K), 0.0002199 secs] 37029K->1957K(126848K), 0.0002622 secs] [Times: user=0.00 sys=0.00, real=0.00 secs] 
2021-03-22T17:59:07.340+0800: 21.809: [GC (Allocation Failure) 2021-03-22T17:59:07.340+0800: 21.809: [DefNew: 35072K->0K(39424K), 0.0001836 secs] 37029K->1957K(126848K), 0.0002188 secs] [Times: user=0.00 sys=0.00, real=0.00 secs] 
2021-03-22T17:59:07.367+0800: 21.837: [GC (Allocation Failure) 2021-03-22T17:59:07.367+0800: 21.837: [DefNew: 35072K->0K(39424K), 0.0001924 secs] 37029K->1957K(126848K), 0.0002308 secs] [Times: user=0.00 sys=0.00, real=0.00 secs] 
2021-03-22T17:59:07.395+0800: 21.865: [GC (Allocation Failure) 2021-03-22T17:59:07.395+0800: 21.865: [DefNew: 35072K->0K(39424K), 0.0001900 secs] 37029K->1957K(126848K), 0.0002272 secs] [Times: user=0.00 sys=0.00, real=0.00 secs] 
2021-03-22T17:59:07.419+0800: 21.889: [GC (Allocation Failure) 2021-03-22T17:59:07.419+0800: 21.889: [DefNew: 35072K->0K(39424K), 0.0001900 secs] 37029K->1957K(126848K), 0.0002250 secs] [Times: user=0.00 sys=0.00, real=0.00 secs] 
2021-03-22T17:59:07.447+0800: 21.917: [GC (Allocation Failure) 2021-03-22T17:59:07.447+0800: 21.917: [DefNew: 35072K->0K(39424K), 0.0002070 secs] 37029K->1957K(126848K), 0.0002417 secs] [Times: user=0.00 sys=0.00, real=0.00 secs] 
2021-03-22T17:59:07.477+0800: 21.947: [GC (Allocation Failure) 2021-03-22T17:59:07.477+0800: 21.947: [DefNew: 35072K->0K(39424K), 0.0001920 secs] 37029K->1957K(126848K), 0.0002253 secs] [Times: user=0.00 sys=0.00, real=0.00 secs] 
2021-03-22T17:59:07.500+0800: 21.970: [GC (Allocation Failure) 2021-03-22T17:59:07.500+0800: 21.970: [DefNew: 35072K->0K(39424K), 0.0002187 secs] 37029K->1957K(126848K), 0.0002563 secs] [Times: user=0.00 sys=0.00, real=0.00 secs] 
2021-03-22T17:59:07.529+0800: 21.999: [GC (Allocation Failure) 2021-03-22T17:59:07.529+0800: 21.999: [DefNew: 35072K->0K(39424K), 0.0002500 secs] 37029K->1957K(126848K), 0.0002851 secs] [Times: user=0.00 sys=0.00, real=0.00 secs] 
2021-03-22T17:59:07.551+0800: 22.021: [GC (Allocation Failure) 2021-03-22T17:59:07.551+0800: 22.021: [DefNew: 35072K->0K(39424K), 0.0002658 secs] 37029K->1957K(126848K), 0.0003052 secs] [Times: user=0.00 sys=0.00, real=0.00 secs] 
2021-03-22T17:59:07.579+0800: 22.048: [GC (Allocation Failure) 2021-03-22T17:59:07.579+0800: 22.048: [DefNew: 35072K->0K(39424K), 0.0002105 secs] 37029K->1957K(126848K), 0.0002477 secs] [Times: user=0.00 sys=0.00, real=0.00 secs] 
2021-03-22T17:59:07.601+0800: 22.070: [GC (Allocation Failure) 2021-03-22T17:59:07.601+0800: 22.070: [DefNew: 35072K->0K(39424K), 0.0001939 secs] 37029K->1957K(126848K), 0.0002313 secs] [Times: user=0.00 sys=0.00, real=0.00 secs] 
2021-03-22T17:59:07.625+0800: 22.095: [GC (Allocation Failure) 2021-03-22T17:59:07.625+0800: 22.095: [DefNew: 35072K->0K(39424K), 0.0005436 secs] 37029K->1957K(126848K), 0.0006345 secs] [Times: user=0.00 sys=0.00, real=0.00 secs] 
2021-03-22T17:59:07.653+0800: 22.122: [GC (Allocation Failure) 2021-03-22T17:59:07.653+0800: 22.122: [DefNew: 35072K->0K(39424K), 0.0001874 secs] 37029K->1957K(126848K), 0.0002375 secs] [Times: user=0.00 sys=0.00, real=0.00 secs] 
2021-03-22T17:59:07.676+0800: 22.145: [GC (Allocation Failure) 2021-03-22T17:59:07.676+0800: 22.145: [DefNew: 35072K->0K(39424K), 0.0001910 secs] 37029K->1957K(126848K), 0.0002288 secs] [Times: user=0.00 sys=0.00, real=0.00 secs] 
2021-03-22T17:59:07.706+0800: 22.175: [GC (Allocation Failure) 2021-03-22T17:59:07.706+0800: 22.175: [DefNew: 35072K->0K(39424K), 0.0002571 secs] 37029K->1957K(126848K), 0.0003026 secs] [Times: user=0.00 sys=0.00, real=0.00 secs] 
2021-03-22T17:59:07.734+0800: 22.204: [GC (Allocation Failure) 2021-03-22T17:59:07.734+0800: 22.204: [DefNew: 35072K->0K(39424K), 0.0001920 secs] 37029K->1957K(126848K), 0.0002256 secs] [Times: user=0.00 sys=0.00, real=0.00 secs] 
2021-03-22T17:59:07.759+0800: 22.229: [GC (Allocation Failure) 2021-03-22T17:59:07.759+0800: 22.229: [DefNew: 35072K->0K(39424K), 0.0001884 secs] 37029K->1957K(126848K), 0.0002264 secs] [Times: user=0.00 sys=0.00, real=0.00 secs] 
2021-03-22T17:59:07.782+0800: 22.252: [GC (Allocation Failure) 2021-03-22T17:59:07.782+0800: 22.252: [DefNew: 35072K->0K(39424K), 0.0001951 secs] 37029K->1957K(126848K), 0.0002356 secs] [Times: user=0.00 sys=0.00, real=0.00 secs] 
2021-03-22T17:59:07.805+0800: 22.274: [GC (Allocation Failure) 2021-03-22T17:59:07.805+0800: 22.274: [DefNew: 35072K->0K(39424K), 0.0001908 secs] 37029K->1957K(126848K), 0.0002233 secs] [Times: user=0.00 sys=0.00, real=0.00 secs] 
2021-03-22T17:59:07.828+0800: 22.298: [GC (Allocation Failure) 2021-03-22T17:59:07.828+0800: 22.298: [DefNew: 35072K->0K(39424K), 0.0001923 secs] 37029K->1957K(126848K), 0.0002303 secs] [Times: user=0.00 sys=0.00, real=0.00 secs] 
2021-03-22T17:59:07.853+0800: 22.322: [GC (Allocation Failure) 2021-03-22T17:59:07.853+0800: 22.322: [DefNew: 35072K->0K(39424K), 0.0002100 secs] 37029K->1957K(126848K), 0.0002587 secs] [Times: user=0.00 sys=0.00, real=0.00 secs] 
2021-03-22T17:59:07.878+0800: 22.348: [GC (Allocation Failure) 2021-03-22T17:59:07.878+0800: 22.348: [DefNew: 35072K->0K(39424K), 0.0001884 secs] 37029K->1957K(126848K), 0.0002274 secs] [Times: user=0.00 sys=0.00, real=0.00 secs] 
2021-03-22T17:59:07.902+0800: 22.372: [GC (Allocation Failure) 2021-03-22T17:59:07.902+0800: 22.372: [DefNew: 35072K->0K(39424K), 0.0002249 secs] 37029K->1957K(126848K), 0.0002612 secs] [Times: user=0.00 sys=0.00, real=0.00 secs] 
2021-03-22T17:59:07.924+0800: 22.393: [GC (Allocation Failure) 2021-03-22T17:59:07.924+0800: 22.393: [DefNew: 35072K->0K(39424K), 0.0002228 secs] 37029K->1957K(126848K), 0.0002666 secs] [Times: user=0.00 sys=0.00, real=0.00 secs] 
2021-03-22T17:59:07.951+0800: 22.420: [GC (Allocation Failure) 2021-03-22T17:59:07.951+0800: 22.420: [DefNew: 35072K->0K(39424K), 0.0002000 secs] 37029K->1957K(126848K), 0.0002389 secs] [Times: user=0.00 sys=0.00, real=0.00 secs] 
2021-03-22T17:59:07.988+0800: 22.457: [GC (Allocation Failure) 2021-03-22T17:59:07.988+0800: 22.458: [DefNew: 35072K->0K(39424K), 0.0001884 secs] 37029K->1957K(126848K), 0.0002268 secs] [Times: user=0.00 sys=0.00, real=0.00 secs] 
2021-03-22T17:59:08.011+0800: 22.480: [GC (Allocation Failure) 2021-03-22T17:59:08.011+0800: 22.480: [DefNew: 35072K->0K(39424K), 0.0001858 secs] 37029K->1957K(126848K), 0.0002199 secs] [Times: user=0.00 sys=0.00, real=0.00 secs] 
2021-03-22T17:59:08.034+0800: 22.503: [GC (Allocation Failure) 2021-03-22T17:59:08.034+0800: 22.503: [DefNew: 35072K->0K(39424K), 0.0001933 secs] 37029K->1957K(126848K), 0.0002307 secs] [Times: user=0.00 sys=0.00, real=0.00 secs] 
2021-03-22T17:59:08.062+0800: 22.531: [GC (Allocation Failure) 2021-03-22T17:59:08.062+0800: 22.531: [DefNew: 35072K->0K(39424K), 0.0001999 secs] 37029K->1957K(126848K), 0.0002390 secs] [Times: user=0.00 sys=0.00, real=0.00 secs] 
2021-03-22T17:59:08.088+0800: 22.557: [GC (Allocation Failure) 2021-03-22T17:59:08.088+0800: 22.557: [DefNew: 35072K->0K(39424K), 0.0001933 secs] 37029K->1957K(126848K), 0.0002279 secs] [Times: user=0.00 sys=0.00, real=0.00 secs] 
2021-03-22T17:59:08.110+0800: 22.580: [GC (Allocation Failure) 2021-03-22T17:59:08.110+0800: 22.580: [DefNew: 35072K->0K(39424K), 0.0002116 secs] 37029K->1957K(126848K), 0.0002488 secs] [Times: user=0.00 sys=0.00, real=0.00 secs] 
2021-03-22T17:59:08.133+0800: 22.603: [GC (Allocation Failure) 2021-03-22T17:59:08.133+0800: 22.603: [DefNew: 35072K->0K(39424K), 0.0002190 secs] 37029K->1957K(126848K), 0.0002579 secs] [Times: user=0.00 sys=0.00, real=0.00 secs] 
2021-03-22T17:59:08.181+0800: 22.651: [GC (Allocation Failure) 2021-03-22T17:59:08.181+0800: 22.651: [DefNew: 35072K->0K(39424K), 0.0002027 secs] 37029K->1957K(126848K), 0.0002406 secs] [Times: user=0.00 sys=0.00, real=0.00 secs] 
2021-03-22T17:59:08.239+0800: 22.709: [GC (Allocation Failure) 2021-03-22T17:59:08.239+0800: 22.709: [DefNew: 35072K->0K(39424K), 0.0002469 secs] 37029K->1957K(126848K), 0.0002984 secs] [Times: user=0.00 sys=0.00, real=0.00 secs] 
2021-03-22T17:59:08.270+0800: 22.740: [GC (Allocation Failure) 2021-03-22T17:59:08.270+0800: 22.740: [DefNew: 35072K->0K(39424K), 0.0001972 secs] 37029K->1957K(126848K), 0.0002534 secs] [Times: user=0.00 sys=0.00, real=0.00 secs] 
2021-03-22T17:59:08.303+0800: 22.773: [GC (Allocation Failure) 2021-03-22T17:59:08.303+0800: 22.773: [DefNew: 35072K->0K(39424K), 0.0002490 secs] 37029K->1957K(126848K), 0.0002822 secs] [Times: user=0.00 sys=0.00, real=0.00 secs] 
2021-03-22T17:59:08.332+0800: 22.801: [GC (Allocation Failure) 2021-03-22T17:59:08.332+0800: 22.801: [DefNew: 35072K->0K(39424K), 0.0001944 secs] 37029K->1957K(126848K), 0.0002414 secs] [Times: user=0.00 sys=0.00, real=0.00 secs] 
2021-03-22T17:59:08.359+0800: 22.829: [GC (Allocation Failure) 2021-03-22T17:59:08.359+0800: 22.829: [DefNew: 35072K->0K(39424K), 0.0002459 secs] 37029K->1957K(126848K), 0.0002841 secs] [Times: user=0.00 sys=0.00, real=0.00 secs] 
2021-03-22T17:59:08.388+0800: 22.857: [GC (Allocation Failure) 2021-03-22T17:59:08.388+0800: 22.857: [DefNew: 35072K->0K(39424K), 0.0002880 secs] 37029K->1957K(126848K), 0.0003333 secs] [Times: user=0.00 sys=0.00, real=0.00 secs] 
2021-03-22T17:59:08.416+0800: 22.885: [GC (Allocation Failure) 2021-03-22T17:59:08.416+0800: 22.885: [DefNew: 35072K->0K(39424K), 0.0002052 secs] 37029K->1957K(126848K), 0.0002494 secs] [Times: user=0.00 sys=0.00, real=0.00 secs] 
2021-03-22T17:59:08.445+0800: 22.914: [GC (Allocation Failure) 2021-03-22T17:59:08.445+0800: 22.914: [DefNew: 35072K->0K(39424K), 0.0002167 secs] 37029K->1957K(126848K), 0.0002906 secs] [Times: user=0.00 sys=0.00, real=0.00 secs] 
2021-03-22T17:59:08.471+0800: 22.940: [GC (Allocation Failure) 2021-03-22T17:59:08.472+0800: 22.941: [DefNew: 35072K->0K(39424K), 0.0002649 secs] 37029K->1957K(126848K), 0.0003322 secs] [Times: user=0.00 sys=0.00, real=0.00 secs] 
2021-03-22T17:59:08.497+0800: 22.967: [GC (Allocation Failure) 2021-03-22T17:59:08.497+0800: 22.967: [DefNew: 35072K->0K(39424K), 0.0002853 secs] 37029K->1957K(126848K), 0.0003252 secs] [Times: user=0.00 sys=0.00, real=0.00 secs] 
2021-03-22T17:59:08.525+0800: 22.995: [GC (Allocation Failure) 2021-03-22T17:59:08.525+0800: 22.995: [DefNew: 35072K->0K(39424K), 0.0002044 secs] 37029K->1957K(126848K), 0.0002426 secs] [Times: user=0.00 sys=0.00, real=0.00 secs] 
2021-03-22T17:59:08.552+0800: 23.022: [GC (Allocation Failure) 2021-03-22T17:59:08.552+0800: 23.022: [DefNew: 35072K->0K(39424K), 0.0002560 secs] 37029K->1957K(126848K), 0.0002975 secs] [Times: user=0.00 sys=0.00, real=0.00 secs] 
2021-03-22T17:59:08.586+0800: 23.055: [GC (Allocation Failure) 2021-03-22T17:59:08.586+0800: 23.055: [DefNew: 35072K->0K(39424K), 0.0001988 secs] 37029K->1957K(126848K), 0.0002363 secs] [Times: user=0.00 sys=0.00, real=0.00 secs] 
2021-03-22T17:59:08.621+0800: 23.090: [GC (Allocation Failure) 2021-03-22T17:59:08.621+0800: 23.090: [DefNew: 35072K->0K(39424K), 0.0001984 secs] 37029K->1957K(126848K), 0.0002367 secs] [Times: user=0.00 sys=0.00, real=0.00 secs] 
2021-03-22T17:59:08.648+0800: 23.118: [GC (Allocation Failure) 2021-03-22T17:59:08.648+0800: 23.118: [DefNew: 35072K->0K(39424K), 0.0001936 secs] 37029K->1957K(126848K), 0.0002291 secs] [Times: user=0.00 sys=0.00, real=0.00 secs] 
2021-03-22T17:59:08.672+0800: 23.141: [GC (Allocation Failure) 2021-03-22T17:59:08.672+0800: 23.141: [DefNew: 35072K->0K(39424K), 0.0001911 secs] 37029K->1957K(126848K), 0.0002280 secs] [Times: user=0.00 sys=0.00, real=0.00 secs] 
2021-03-22T17:59:08.700+0800: 23.170: [GC (Allocation Failure) 2021-03-22T17:59:08.700+0800: 23.170: [DefNew: 35072K->0K(39424K), 0.0002412 secs] 37029K->1957K(126848K), 0.0002764 secs] [Times: user=0.00 sys=0.00, real=0.00 secs] 
2021-03-22T17:59:08.764+0800: 23.233: [GC (Allocation Failure) 2021-03-22T17:59:08.764+0800: 23.233: [DefNew: 35072K->0K(39424K), 0.0002181 secs] 37029K->1957K(126848K), 0.0002556 secs] [Times: user=0.00 sys=0.00, real=0.00 secs] 
2021-03-22T17:59:08.788+0800: 23.258: [GC (Allocation Failure) 2021-03-22T17:59:08.789+0800: 23.258: [DefNew: 35072K->0K(39424K), 0.0001938 secs] 37029K->1957K(126848K), 0.0002373 secs] [Times: user=0.00 sys=0.00, real=0.00 secs] 
2021-03-22T17:59:08.815+0800: 23.285: [GC (Allocation Failure) 2021-03-22T17:59:08.816+0800: 23.285: [DefNew: 35072K->0K(39424K), 0.0001978 secs] 37029K->1957K(126848K), 0.0002348 secs] [Times: user=0.01 sys=0.00, real=0.00 secs] 
2021-03-22T17:59:08.849+0800: 23.318: [GC (Allocation Failure) 2021-03-22T17:59:08.849+0800: 23.318: [DefNew: 35072K->0K(39424K), 0.0001920 secs] 37029K->1957K(126848K), 0.0002254 secs] [Times: user=0.00 sys=0.00, real=0.00 secs] 
2021-03-22T17:59:08.871+0800: 23.341: [GC (Allocation Failure) 2021-03-22T17:59:08.871+0800: 23.341: [DefNew: 35072K->0K(39424K), 0.0002161 secs] 37029K->1957K(126848K), 0.0002516 secs] [Times: user=0.00 sys=0.00, real=0.00 secs] 
2021-03-22T17:59:08.896+0800: 23.366: [GC (Allocation Failure) 2021-03-22T17:59:08.896+0800: 23.366: [DefNew: 35072K->0K(39424K), 0.0002197 secs] 37029K->1957K(126848K), 0.0002521 secs] [Times: user=0.00 sys=0.00, real=0.00 secs] 
2021-03-22T17:59:08.919+0800: 23.389: [GC (Allocation Failure) 2021-03-22T17:59:08.919+0800: 23.389: [DefNew: 35072K->0K(39424K), 0.0002207 secs] 37029K->1957K(126848K), 0.0002527 secs] [Times: user=0.00 sys=0.00, real=0.00 secs] 
2021-03-22T17:59:08.949+0800: 23.419: [GC (Allocation Failure) 2021-03-22T17:59:08.949+0800: 23.419: [DefNew: 35072K->0K(39424K), 0.0002718 secs] 37029K->1957K(126848K), 0.0003140 secs] [Times: user=0.00 sys=0.00, real=0.00 secs] 
2021-03-22T17:59:08.983+0800: 23.453: [GC (Allocation Failure) 2021-03-22T17:59:08.983+0800: 23.453: [DefNew: 35072K->0K(39424K), 0.0003154 secs] 37029K->1957K(126848K), 0.0003562 secs] [Times: user=0.00 sys=0.00, real=0.00 secs] 
2021-03-22T17:59:09.006+0800: 23.476: [GC (Allocation Failure) 2021-03-22T17:59:09.006+0800: 23.476: [DefNew: 35072K->0K(39424K), 0.0003505 secs] 37029K->1957K(126848K), 0.0003922 secs] [Times: user=0.00 sys=0.00, real=0.00 secs] 
2021-03-22T17:59:09.030+0800: 23.500: [GC (Allocation Failure) 2021-03-22T17:59:09.030+0800: 23.500: [DefNew: 35072K->0K(39424K), 0.0003036 secs] 37029K->1957K(126848K), 0.0003425 secs] [Times: user=0.00 sys=0.00, real=0.00 secs] 
2021-03-22T17:59:09.055+0800: 23.524: [GC (Allocation Failure) 2021-03-22T17:59:09.055+0800: 23.524: [DefNew: 35072K->0K(39424K), 0.0002261 secs] 37029K->1957K(126848K), 0.0002925 secs] [Times: user=0.00 sys=0.00, real=0.00 secs] 
2021-03-22T17:59:09.078+0800: 23.547: [GC (Allocation Failure) 2021-03-22T17:59:09.078+0800: 23.547: [DefNew: 35072K->0K(39424K), 0.0001937 secs] 37029K->1957K(126848K), 0.0002393 secs] [Times: user=0.00 sys=0.00, real=0.00 secs] 
2021-03-22T17:59:09.100+0800: 23.570: [GC (Allocation Failure) 2021-03-22T17:59:09.100+0800: 23.570: [DefNew: 35072K->0K(39424K), 0.0001873 secs] 37029K->1957K(126848K), 0.0002193 secs] [Times: user=0.00 sys=0.00, real=0.00 secs] 
2021-03-22T17:59:09.125+0800: 23.595: [GC (Allocation Failure) 2021-03-22T17:59:09.125+0800: 23.595: [DefNew: 35072K->0K(39424K), 0.0002209 secs] 37029K->1957K(126848K), 0.0002599 secs] [Times: user=0.00 sys=0.00, real=0.00 secs] 
2021-03-22T17:59:09.148+0800: 23.617: [GC (Allocation Failure) 2021-03-22T17:59:09.148+0800: 23.617: [DefNew: 35072K->0K(39424K), 0.0002032 secs] 37029K->1957K(126848K), 0.0002641 secs] [Times: user=0.00 sys=0.00, real=0.00 secs] 
2021-03-22T17:59:09.170+0800: 23.640: [GC (Allocation Failure) 2021-03-22T17:59:09.170+0800: 23.640: [DefNew: 35072K->0K(39424K), 0.0002794 secs] 37029K->1957K(126848K), 0.0003180 secs] [Times: user=0.00 sys=0.00, real=0.00 secs] 
2021-03-22T17:59:09.200+0800: 23.669: [GC (Allocation Failure) 2021-03-22T17:59:09.200+0800: 23.669: [DefNew: 35072K->0K(39424K), 0.0001965 secs] 37029K->1957K(126848K), 0.0002352 secs] [Times: user=0.00 sys=0.00, real=0.00 secs] 
2021-03-22T17:59:09.233+0800: 23.703: [GC (Allocation Failure) 2021-03-22T17:59:09.233+0800: 23.703: [DefNew: 35072K->0K(39424K), 0.0002020 secs] 37029K->1957K(126848K), 0.0002530 secs] [Times: user=0.00 sys=0.00, real=0.00 secs] 
2021-03-22T17:59:09.256+0800: 23.726: [GC (Allocation Failure) 2021-03-22T17:59:09.256+0800: 23.726: [DefNew: 35072K->0K(39424K), 0.0002022 secs] 37029K->1957K(126848K), 0.0002372 secs] [Times: user=0.00 sys=0.00, real=0.00 secs] 
2021-03-22T17:59:09.281+0800: 23.751: [GC (Allocation Failure) 2021-03-22T17:59:09.281+0800: 23.751: [DefNew: 35072K->0K(39424K), 0.0002181 secs] 37029K->1957K(126848K), 0.0002555 secs] [Times: user=0.00 sys=0.00, real=0.00 secs] 
2021-03-22T17:59:09.304+0800: 23.774: [GC (Allocation Failure) 2021-03-22T17:59:09.305+0800: 23.774: [DefNew: 35072K->0K(39424K), 0.0002207 secs] 37029K->1957K(126848K), 0.0002624 secs] [Times: user=0.00 sys=0.00, real=0.00 secs] 
2021-03-22T17:59:09.328+0800: 23.797: [GC (Allocation Failure) 2021-03-22T17:59:09.328+0800: 23.797: [DefNew: 35072K->0K(39424K), 0.0002241 secs] 37029K->1957K(126848K), 0.0002612 secs] [Times: user=0.00 sys=0.00, real=0.00 secs] 
2021-03-22T17:59:09.350+0800: 23.819: [GC (Allocation Failure) 2021-03-22T17:59:09.350+0800: 23.819: [DefNew: 35072K->0K(39424K), 0.0002042 secs] 37029K->1957K(126848K), 0.0002439 secs] [Times: user=0.00 sys=0.00, real=0.00 secs] 
2021-03-22T17:59:09.376+0800: 23.845: [GC (Allocation Failure) 2021-03-22T17:59:09.376+0800: 23.845: [DefNew: 35072K->0K(39424K), 0.0001891 secs] 37029K->1957K(126848K), 0.0002269 secs] [Times: user=0.00 sys=0.00, real=0.00 secs] 
2021-03-22T17:59:09.400+0800: 23.870: [GC (Allocation Failure) 2021-03-22T17:59:09.400+0800: 23.870: [DefNew: 35072K->0K(39424K), 0.0002056 secs] 37029K->1957K(126848K), 0.0002485 secs] [Times: user=0.00 sys=0.00, real=0.00 secs] 
2021-03-22T17:59:09.423+0800: 23.892: [GC (Allocation Failure) 2021-03-22T17:59:09.423+0800: 23.892: [DefNew: 35072K->0K(39424K), 0.0001889 secs] 37029K->1957K(126848K), 0.0002357 secs] [Times: user=0.00 sys=0.00, real=0.00 secs] 
2021-03-22T17:59:09.450+0800: 23.920: [GC (Allocation Failure) 2021-03-22T17:59:09.450+0800: 23.920: [DefNew: 35072K->0K(39424K), 0.0002590 secs] 37029K->1957K(126848K), 0.0002966 secs] [Times: user=0.00 sys=0.00, real=0.00 secs] 
2021-03-22T17:59:09.483+0800: 23.953: [GC (Allocation Failure) 2021-03-22T17:59:09.483+0800: 23.953: [DefNew: 35072K->0K(39424K), 0.0001989 secs] 37029K->1957K(126848K), 0.0002367 secs] [Times: user=0.00 sys=0.00, real=0.00 secs] 
2021-03-22T17:59:09.507+0800: 23.976: [GC (Allocation Failure) 2021-03-22T17:59:09.507+0800: 23.976: [DefNew: 35072K->0K(39424K), 0.0003479 secs] 37029K->1957K(126848K), 0.0004134 secs] [Times: user=0.00 sys=0.00, real=0.00 secs] 
2021-03-22T17:59:09.530+0800: 23.999: [GC (Allocation Failure) 2021-03-22T17:59:09.530+0800: 23.999: [DefNew: 35072K->0K(39424K), 0.0001863 secs] 37029K->1957K(126848K), 0.0002251 secs] [Times: user=0.00 sys=0.00, real=0.00 secs] 
2021-03-22T17:59:09.553+0800: 24.022: [GC (Allocation Failure) 2021-03-22T17:59:09.553+0800: 24.022: [DefNew: 35072K->0K(39424K), 0.0002472 secs] 37029K->1957K(126848K), 0.0002936 secs] [Times: user=0.00 sys=0.00, real=0.00 secs] 
2021-03-22T17:59:09.577+0800: 24.046: [GC (Allocation Failure) 2021-03-22T17:59:09.577+0800: 24.046: [DefNew: 35072K->0K(39424K), 0.0002236 secs] 37029K->1957K(126848K), 0.0002586 secs] [Times: user=0.00 sys=0.00, real=0.00 secs] 
2021-03-22T17:59:09.602+0800: 24.072: [GC (Allocation Failure) 2021-03-22T17:59:09.602+0800: 24.072: [DefNew: 35072K->0K(39424K), 0.0002615 secs] 37029K->1957K(126848K), 0.0003186 secs] [Times: user=0.00 sys=0.00, real=0.00 secs] 
2021-03-22T17:59:09.625+0800: 24.095: [GC (Allocation Failure) 2021-03-22T17:59:09.625+0800: 24.095: [DefNew: 35072K->0K(39424K), 0.0001914 secs] 37029K->1957K(126848K), 0.0002303 secs] [Times: user=0.00 sys=0.00, real=0.00 secs] 
2021-03-22T17:59:09.648+0800: 24.117: [GC (Allocation Failure) 2021-03-22T17:59:09.648+0800: 24.117: [DefNew: 35072K->0K(39424K), 0.0001923 secs] 37029K->1957K(126848K), 0.0002239 secs] [Times: user=0.00 sys=0.00, real=0.00 secs] 
2021-03-22T17:59:09.671+0800: 24.140: [GC (Allocation Failure) 2021-03-22T17:59:09.671+0800: 24.140: [DefNew: 35072K->0K(39424K), 0.0002881 secs] 37029K->1957K(126848K), 0.0003417 secs] [Times: user=0.00 sys=0.00, real=0.00 secs] 
Heap
 def new generation   total 39424K, used 3507K [0x00000000f0000000, 0x00000000f2ac0000, 0x00000000f5550000)
  eden space 35072K,  10% used [0x00000000f0000000, 0x00000000f036cda8, 0x00000000f2240000)
  from space 4352K,   0% used [0x00000000f2240000, 0x00000000f2240000, 0x00000000f2680000)
  to   space 4352K,   0% used [0x00000000f2680000, 0x00000000f2680000, 0x00000000f2ac0000)
 tenured generation   total 87424K, used 1957K [0x00000000f5550000, 0x00000000faab0000, 0x0000000100000000)
   the space 87424K,   2% used [0x00000000f5550000, 0x00000000f5739400, 0x00000000f5739400, 0x00000000faab0000)
 Metaspace       used 2832K, capacity 4490K, committed 4864K, reserved 1056768K
  class space    used 299K, capacity 386K, committed 512K, reserved 1048576K
