Java HotSpot(TM) 64-Bit Server VM (25.171-b11) for windows-amd64 JRE (1.8.0_171-b11), built on Mar 28 2018 16:06:12 by "java_re" with MS VC++ 10.0 (VS2010)
Memory: 4k page, physical 12484812k(3910184k free), swap 22058784k(6055488k free)
CommandLine flags: -XX:InitialHeapSize=134217728 -XX:MaxHeapSize=134217728 -XX:+PrintGC -XX:+PrintGCDateStamps -XX:+PrintGCDetails -XX:+PrintGCTimeStamps -XX:+UseCompressedClassPointers -XX:+UseCompressedOops -XX:-UseLargePagesIndividualAllocation -XX:+UseParallelGC 
2021-03-23T11:23:56.135+0800: 0.136: [GC (Allocation Failure) [PSYoungGen: 33093K->5119K(38400K)] 33093K->6988K(125952K), 0.0022099 secs] [Times: user=0.00 sys=0.00, real=0.00 secs] 
2021-03-23T11:23:56.146+0800: 0.146: [GC (Allocation Failure) [PSYoungGen: 37806K->5099K(38400K)] 39675K->14983K(125952K), 0.0047658 secs] [Times: user=0.00 sys=0.00, real=0.01 secs] 
2021-03-23T11:23:56.159+0800: 0.160: [GC (Allocation Failure) [PSYoungGen: 38271K->5100K(38400K)] 48155K->20689K(125952K), 0.0024955 secs] [Times: user=0.06 sys=0.00, real=0.00 secs] 
2021-03-23T11:23:56.167+0800: 0.167: [GC (Allocation Failure) [PSYoungGen: 37894K->5113K(38400K)] 53483K->28395K(125952K), 0.0030759 secs] [Times: user=0.00 sys=0.00, real=0.00 secs] 
2021-03-23T11:23:56.175+0800: 0.176: [GC (Allocation Failure) [PSYoungGen: 38347K->5089K(38400K)] 61629K->35810K(125952K), 0.0029777 secs] [Times: user=0.05 sys=0.00, real=0.00 secs] 
2021-03-23T11:23:56.184+0800: 0.184: [GC (Allocation Failure) [PSYoungGen: 38312K->5118K(19968K)] 69032K->43412K(107520K), 0.0027646 secs] [Times: user=0.00 sys=0.00, real=0.00 secs] 
2021-03-23T11:23:56.190+0800: 0.190: [GC (Allocation Failure) [PSYoungGen: 19865K->7000K(29184K)] 58158K->46140K(116736K), 0.0015284 secs] [Times: user=0.05 sys=0.00, real=0.00 secs] 
2021-03-23T11:23:56.194+0800: 0.194: [GC (Allocation Failure) [PSYoungGen: 21815K->11216K(29184K)] 60955K->50764K(116736K), 0.0018521 secs] [Times: user=0.00 sys=0.00, real=0.00 secs] 
2021-03-23T11:23:56.198+0800: 0.198: [GC (Allocation Failure) [PSYoungGen: 25997K->12148K(29184K)] 65546K->54183K(116736K), 0.0024312 secs] [Times: user=0.00 sys=0.00, real=0.00 secs] 
2021-03-23T11:23:56.203+0800: 0.203: [GC (Allocation Failure) [PSYoungGen: 26996K->8316K(29184K)] 69031K->56642K(116736K), 0.0024288 secs] [Times: user=0.00 sys=0.00, real=0.00 secs] 
2021-03-23T11:23:56.208+0800: 0.208: [GC (Allocation Failure) [PSYoungGen: 23075K->3908K(29184K)] 71401K->58625K(116736K), 0.0020432 secs] [Times: user=0.00 sys=0.00, real=0.00 secs] 
2021-03-23T11:23:56.212+0800: 0.212: [GC (Allocation Failure) [PSYoungGen: 18745K->5161K(29184K)] 73461K->63417K(116736K), 0.0016826 secs] [Times: user=0.00 sys=0.00, real=0.00 secs] 
2021-03-23T11:23:56.216+0800: 0.216: [GC (Allocation Failure) [PSYoungGen: 19944K->5419K(29184K)] 78200K->67559K(116736K), 0.0017791 secs] [Times: user=0.00 sys=0.00, real=0.00 secs] 
2021-03-23T11:23:56.220+0800: 0.221: [GC (Allocation Failure) [PSYoungGen: 19576K->5461K(29184K)] 81716K->72755K(116736K), 0.0020900 secs] [Times: user=0.00 sys=0.00, real=0.00 secs] 
2021-03-23T11:23:56.224+0800: 0.224: [GC (Allocation Failure) [PSYoungGen: 19978K->6176K(29184K)] 87271K->78698K(116736K), 0.0020594 secs] [Times: user=0.00 sys=0.00, real=0.00 secs] 
2021-03-23T11:23:56.229+0800: 0.229: [GC (Allocation Failure) [PSYoungGen: 20896K->5873K(29184K)] 93418K->84372K(116736K), 0.0024164 secs] [Times: user=0.00 sys=0.00, real=0.00 secs] 
2021-03-23T11:23:56.231+0800: 0.232: [Full GC (Ergonomics) [PSYoungGen: 5873K->0K(29184K)] [ParOldGen: 78498K->39250K(87552K)] 84372K->39250K(116736K), [Metaspace: 2837K->2837K(1056768K)], 0.0078514 secs] [Times: user=0.06 sys=0.00, real=0.01 secs] 
2021-03-23T11:23:56.242+0800: 0.242: [GC (Allocation Failure) [PSYoungGen: 14690K->3555K(29184K)] 53940K->42805K(116736K), 0.0007142 secs] [Times: user=0.00 sys=0.00, real=0.00 secs] 
2021-03-23T11:23:56.245+0800: 0.245: [GC (Allocation Failure) [PSYoungGen: 18189K->4838K(29184K)] 57439K->47482K(116736K), 0.0013294 secs] [Times: user=0.00 sys=0.00, real=0.00 secs] 
2021-03-23T11:23:56.248+0800: 0.248: [GC (Allocation Failure) [PSYoungGen: 19418K->6275K(29184K)] 62062K->53077K(116736K), 0.0016271 secs] [Times: user=0.00 sys=0.00, real=0.00 secs] 
2021-03-23T11:23:56.252+0800: 0.252: [GC (Allocation Failure) [PSYoungGen: 21123K->4108K(29184K)] 67925K->57183K(116736K), 0.0016023 secs] [Times: user=0.02 sys=0.00, real=0.00 secs] 
2021-03-23T11:23:56.256+0800: 0.257: [GC (Allocation Failure) [PSYoungGen: 18947K->3684K(29184K)] 72021K->60229K(116736K), 0.0012442 secs] [Times: user=0.00 sys=0.00, real=0.00 secs] 
2021-03-23T11:23:56.260+0800: 0.260: [GC (Allocation Failure) [PSYoungGen: 18421K->3604K(29184K)] 74965K->62596K(116736K), 0.0011071 secs] [Times: user=0.00 sys=0.00, real=0.00 secs] 
2021-03-23T11:23:56.263+0800: 0.264: [GC (Allocation Failure) [PSYoungGen: 18452K->5196K(29184K)] 77444K->67174K(116736K), 0.0013894 secs] [Times: user=0.00 sys=0.00, real=0.00 secs] 
2021-03-23T11:23:56.267+0800: 0.267: [GC (Allocation Failure) [PSYoungGen: 19961K->5063K(30208K)] 81939K->71218K(117760K), 0.0015306 secs] [Times: user=0.00 sys=0.00, real=0.00 secs] 
2021-03-23T11:23:56.271+0800: 0.271: [GC (Allocation Failure) [PSYoungGen: 21353K->6468K(29696K)] 87509K->77074K(117248K), 0.0017192 secs] [Times: user=0.00 sys=0.00, real=0.00 secs] 
2021-03-23T11:23:56.275+0800: 0.275: [GC (Allocation Failure) [PSYoungGen: 22834K->6664K(31232K)] 93440K->82906K(118784K), 0.0018969 secs] [Times: user=0.00 sys=0.00, real=0.00 secs] 
2021-03-23T11:23:56.281+0800: 0.281: [GC (Allocation Failure) [PSYoungGen: 25073K->4844K(30720K)] 101315K->86474K(118272K), 0.0022235 secs] [Times: user=0.00 sys=0.00, real=0.00 secs] 
2021-03-23T11:23:56.283+0800: 0.283: [Full GC (Ergonomics) [PSYoungGen: 4844K->0K(30720K)] [ParOldGen: 81629K->38229K(87552K)] 86474K->38229K(118272K), [Metaspace: 2837K->2837K(1056768K)], 0.0082612 secs] [Times: user=0.02 sys=0.00, real=0.01 secs] 
2021-03-23T11:23:56.294+0800: 0.295: [GC (Allocation Failure) [PSYoungGen: 17961K->4375K(31744K)] 56191K->42605K(119296K), 0.0008433 secs] [Times: user=0.00 sys=0.00, real=0.00 secs] 
2021-03-23T11:23:56.297+0800: 0.298: [GC (Allocation Failure) [PSYoungGen: 23949K->5881K(31744K)] 62179K->48341K(119296K), 0.0015956 secs] [Times: user=0.00 sys=0.00, real=0.00 secs] 
2021-03-23T11:23:56.302+0800: 0.303: [GC (Allocation Failure) [PSYoungGen: 25829K->5600K(32768K)] 68290K->53028K(120320K), 0.0016335 secs] [Times: user=0.00 sys=0.00, real=0.00 secs] 
2021-03-23T11:23:56.307+0800: 0.308: [GC (Allocation Failure) [PSYoungGen: 26733K->6908K(32256K)] 74162K->58047K(119808K), 0.0017109 secs] [Times: user=0.00 sys=0.00, real=0.00 secs] 
2021-03-23T11:23:56.313+0800: 0.314: [GC (Allocation Failure) [PSYoungGen: 28180K->5475K(33280K)] 79319K->62576K(120832K), 0.0017603 secs] [Times: user=0.00 sys=0.00, real=0.00 secs] 
2021-03-23T11:23:56.318+0800: 0.319: [GC (Allocation Failure) [PSYoungGen: 27882K->7232K(32768K)] 84982K->68119K(120320K), 0.0017428 secs] [Times: user=0.00 sys=0.00, real=0.00 secs] 
2021-03-23T11:23:56.323+0800: 0.324: [GC (Allocation Failure) [PSYoungGen: 29760K->7419K(33280K)] 90647K->73986K(120832K), 0.0020591 secs] [Times: user=0.00 sys=0.00, real=0.00 secs] 
2021-03-23T11:23:56.328+0800: 0.329: [GC (Allocation Failure) [PSYoungGen: 30333K->9423K(32768K)] 96900K->81998K(120320K), 0.0022448 secs] [Times: user=0.00 sys=0.00, real=0.00 secs] 
2021-03-23T11:23:56.335+0800: 0.336: [GC (Allocation Failure) [PSYoungGen: 32253K->5236K(31744K)] 104828K->85566K(119296K), 0.0022069 secs] [Times: user=0.00 sys=0.00, real=0.00 secs] 
2021-03-23T11:23:56.337+0800: 0.338: [Full GC (Ergonomics) [PSYoungGen: 5236K->0K(31744K)] [ParOldGen: 80330K->35870K(87552K)] 85566K->35870K(119296K), [Metaspace: 2837K->2837K(1056768K)], 0.0079508 secs] [Times: user=0.00 sys=0.00, real=0.01 secs] 
2021-03-23T11:23:56.349+0800: 0.350: [GC (Allocation Failure) [PSYoungGen: 20924K->7634K(32256K)] 56794K->43504K(119808K), 0.0014595 secs] [Times: user=0.00 sys=0.00, real=0.00 secs] 
2021-03-23T11:23:56.356+0800: 0.357: [GC (Allocation Failure) [PSYoungGen: 28407K->4510K(32768K)] 64278K->47374K(120320K), 0.0020360 secs] [Times: user=0.00 sys=0.00, real=0.00 secs] 
2021-03-23T11:23:56.361+0800: 0.362: [GC (Allocation Failure) [PSYoungGen: 25955K->6676K(32256K)] 68820K->52895K(119808K), 0.0020452 secs] [Times: user=0.06 sys=0.00, real=0.00 secs] 
2021-03-23T11:23:56.368+0800: 0.369: [GC (Allocation Failure) [PSYoungGen: 28180K->8456K(31744K)] 74399K->60720K(119296K), 0.0025719 secs] [Times: user=0.00 sys=0.00, real=0.00 secs] 
2021-03-23T11:23:56.375+0800: 0.375: [GC (Allocation Failure) [PSYoungGen: 29351K->5060K(32256K)] 81615K->65141K(119808K), 0.0025094 secs] [Times: user=0.00 sys=0.00, real=0.00 secs] 
2021-03-23T11:23:56.380+0800: 0.381: [GC (Allocation Failure) [PSYoungGen: 25924K->7153K(32768K)] 86005K->71359K(120320K), 0.0019061 secs] [Times: user=0.00 sys=0.00, real=0.00 secs] 
2021-03-23T11:23:56.386+0800: 0.387: [GC (Allocation Failure) [PSYoungGen: 29062K->5115K(32768K)] 93268K->74600K(120320K), 0.0017968 secs] [Times: user=0.00 sys=0.00, real=0.00 secs] 
2021-03-23T11:23:56.391+0800: 0.392: [GC (Allocation Failure) [PSYoungGen: 26815K->7385K(32768K)] 96301K->80781K(120320K), 0.0018568 secs] [Times: user=0.00 sys=0.00, real=0.00 secs] 
2021-03-23T11:23:56.396+0800: 0.397: [GC (Allocation Failure) [PSYoungGen: 29401K->7224K(32768K)] 102797K->86751K(120320K), 0.0021643 secs] [Times: user=0.00 sys=0.00, real=0.00 secs] 
2021-03-23T11:23:56.399+0800: 0.399: [Full GC (Ergonomics) [PSYoungGen: 7224K->0K(32768K)] [ParOldGen: 79526K->38859K(87552K)] 86751K->38859K(120320K), [Metaspace: 2837K->2837K(1056768K)], 0.0065972 secs] [Times: user=0.00 sys=0.00, real=0.01 secs] 
2021-03-23T11:23:56.408+0800: 0.409: [GC (Allocation Failure) [PSYoungGen: 21983K->7666K(32256K)] 60842K->46525K(119808K), 0.0013812 secs] [Times: user=0.02 sys=0.00, real=0.00 secs] 
2021-03-23T11:23:56.413+0800: 0.414: [GC (Allocation Failure) [PSYoungGen: 29405K->6916K(32768K)] 68264K->51822K(120320K), 0.0019652 secs] [Times: user=0.00 sys=0.00, real=0.00 secs] 
2021-03-23T11:23:56.418+0800: 0.418: [GC (Allocation Failure) [PSYoungGen: 28554K->5575K(33280K)] 73460K->54958K(120832K), 0.0017232 secs] [Times: user=0.00 sys=0.00, real=0.00 secs] 
2021-03-23T11:23:56.422+0800: 0.423: [GC (Allocation Failure) [PSYoungGen: 28615K->9117K(32256K)] 77998K->63317K(119808K), 0.0020831 secs] [Times: user=0.00 sys=0.00, real=0.00 secs] 
2021-03-23T11:23:56.427+0800: 0.428: [GC (Allocation Failure) [PSYoungGen: 32157K->7934K(32768K)] 86357K->69523K(120320K), 0.0022274 secs] [Times: user=0.00 sys=0.00, real=0.00 secs] 
2021-03-23T11:23:56.432+0800: 0.433: [GC (Allocation Failure) [PSYoungGen: 29609K->8201K(32768K)] 91197K->76863K(120320K), 0.0023699 secs] [Times: user=0.00 sys=0.00, real=0.00 secs] 
2021-03-23T11:23:56.437+0800: 0.438: [GC (Allocation Failure) [PSYoungGen: 30185K->6740K(32768K)] 98847K->83309K(120320K), 0.0022533 secs] [Times: user=0.00 sys=0.00, real=0.00 secs] 
2021-03-23T11:23:56.443+0800: 0.443: [GC (Allocation Failure) [PSYoungGen: 28437K->5563K(32768K)] 105006K->87631K(120320K), 0.0018418 secs] [Times: user=0.00 sys=0.00, real=0.00 secs] 
2021-03-23T11:23:56.445+0800: 0.445: [Full GC (Ergonomics) [PSYoungGen: 5563K->0K(32768K)] [ParOldGen: 82068K->41450K(87552K)] 87631K->41450K(120320K), [Metaspace: 2837K->2837K(1056768K)], 0.0074738 secs] [Times: user=0.00 sys=0.00, real=0.01 secs] 
2021-03-23T11:23:56.456+0800: 0.456: [GC (Allocation Failure) [PSYoungGen: 21833K->5565K(33280K)] 63284K->47016K(120832K), 0.0011014 secs] [Times: user=0.06 sys=0.00, real=0.00 secs] 
2021-03-23T11:23:56.461+0800: 0.461: [GC (Allocation Failure) [PSYoungGen: 28456K->6795K(33280K)] 69907K->53178K(120832K), 0.0017719 secs] [Times: user=0.00 sys=0.00, real=0.00 secs] 
2021-03-23T11:23:56.465+0800: 0.466: [GC (Allocation Failure) [PSYoungGen: 29764K->9340K(32256K)] 76147K->60756K(119808K), 0.0021620 secs] [Times: user=0.00 sys=0.00, real=0.00 secs] 
2021-03-23T11:23:56.470+0800: 0.471: [GC (Allocation Failure) [PSYoungGen: 31134K->7436K(32768K)] 82549K->66496K(120320K), 0.0025375 secs] [Times: user=0.06 sys=0.00, real=0.00 secs] 
2021-03-23T11:23:56.476+0800: 0.476: [GC (Allocation Failure) [PSYoungGen: 29422K->7867K(32768K)] 88482K->72348K(120320K), 0.0021140 secs] [Times: user=0.00 sys=0.00, real=0.00 secs] 
2021-03-23T11:23:56.480+0800: 0.481: [GC (Allocation Failure) [PSYoungGen: 29835K->7811K(32768K)] 94315K->79191K(120320K), 0.0022403 secs] [Times: user=0.00 sys=0.00, real=0.00 secs] 
2021-03-23T11:23:56.486+0800: 0.486: [GC (Allocation Failure) [PSYoungGen: 29821K->6875K(33280K)] 101201K->85054K(120832K), 0.0021420 secs] [Times: user=0.00 sys=0.02, real=0.00 secs] 
2021-03-23T11:23:56.491+0800: 0.492: [GC (Allocation Failure) [PSYoungGen: 29915K->9717K(32768K)] 108094K->93158K(120320K), 0.0023363 secs] [Times: user=0.00 sys=0.00, real=0.00 secs] 
2021-03-23T11:23:56.494+0800: 0.494: [Full GC (Ergonomics) [PSYoungGen: 9717K->0K(32768K)] [ParOldGen: 83441K->41588K(87552K)] 93158K->41588K(120320K), [Metaspace: 2837K->2837K(1056768K)], 0.0069082 secs] [Times: user=0.00 sys=0.00, real=0.01 secs] 
2021-03-23T11:23:56.504+0800: 0.505: [GC (Allocation Failure) [PSYoungGen: 23026K->5995K(32768K)] 64615K->47584K(120320K), 0.0010659 secs] [Times: user=0.00 sys=0.00, real=0.00 secs] 
2021-03-23T11:23:56.508+0800: 0.509: [GC (Allocation Failure) [PSYoungGen: 28011K->9532K(31744K)] 69600K->55374K(119296K), 0.0021983 secs] [Times: user=0.00 sys=0.00, real=0.00 secs] 
2021-03-23T11:23:56.514+0800: 0.514: [GC (Allocation Failure) [PSYoungGen: 31548K->6355K(32256K)] 77390K->59492K(119808K), 0.0021370 secs] [Times: user=0.00 sys=0.00, real=0.00 secs] 
2021-03-23T11:23:56.518+0800: 0.519: [GC (Allocation Failure) [PSYoungGen: 27141K->8210K(32256K)] 80279K->66570K(119808K), 0.0022879 secs] [Times: user=0.06 sys=0.00, real=0.00 secs] 
2021-03-23T11:23:56.524+0800: 0.524: [GC (Allocation Failure) [PSYoungGen: 29110K->6231K(32768K)] 87470K->70394K(120320K), 0.0019116 secs] [Times: user=0.00 sys=0.00, real=0.00 secs] 
2021-03-23T11:23:56.528+0800: 0.529: [GC (Allocation Failure) [PSYoungGen: 27620K->8354K(32256K)] 91783K->78034K(119808K), 0.0026398 secs] [Times: user=0.00 sys=0.00, real=0.00 secs] 
2021-03-23T11:23:56.535+0800: 0.535: [GC (Allocation Failure) [PSYoungGen: 29148K->5261K(31744K)] 98827K->80151K(119296K), 0.0020834 secs] [Times: user=0.00 sys=0.00, real=0.00 secs] 
2021-03-23T11:23:56.540+0800: 0.541: [GC (Allocation Failure) [PSYoungGen: 26245K->9287K(32256K)] 101135K->87104K(119808K), 0.0021468 secs] [Times: user=0.00 sys=0.00, real=0.00 secs] 
2021-03-23T11:23:56.546+0800: 0.546: [GC (Allocation Failure) [PSYoungGen: 30216K->6765K(32256K)] 108033K->92283K(119808K), 0.0024434 secs] [Times: user=0.00 sys=0.00, real=0.00 secs] 
2021-03-23T11:23:56.548+0800: 0.549: [Full GC (Ergonomics) [PSYoungGen: 6765K->0K(32256K)] [ParOldGen: 85518K->36761K(87552K)] 92283K->36761K(119808K), [Metaspace: 2837K->2837K(1056768K)], 0.0065580 secs] [Times: user=0.06 sys=0.00, real=0.01 secs] 
2021-03-23T11:23:56.558+0800: 0.558: [GC (Allocation Failure) [PSYoungGen: 20280K->6381K(32256K)] 57041K->43142K(119808K), 0.0011448 secs] [Times: user=0.00 sys=0.00, real=0.00 secs] 
2021-03-23T11:23:56.562+0800: 0.562: [GC (Allocation Failure) [PSYoungGen: 27275K->8916K(31744K)] 64036K->51296K(119296K), 0.0021996 secs] [Times: user=0.00 sys=0.00, real=0.00 secs] 
2021-03-23T11:23:56.567+0800: 0.567: [GC (Allocation Failure) [PSYoungGen: 29693K->8850K(32256K)] 72072K->56967K(119808K), 0.0021570 secs] [Times: user=0.00 sys=0.00, real=0.00 secs] 
2021-03-23T11:23:56.573+0800: 0.573: [GC (Allocation Failure) [PSYoungGen: 29822K->4400K(31232K)] 77938K->60177K(118784K), 0.0019285 secs] [Times: user=0.00 sys=0.00, real=0.00 secs] 
2021-03-23T11:23:56.577+0800: 0.578: [GC (Allocation Failure) [PSYoungGen: 24368K->6360K(31744K)] 80145K->65695K(119296K), 0.0016840 secs] [Times: user=0.00 sys=0.00, real=0.00 secs] 
2021-03-23T11:23:56.582+0800: 0.582: [GC (Allocation Failure) [PSYoungGen: 26291K->5335K(32256K)] 85626K->70045K(119808K), 0.0017527 secs] [Times: user=0.00 sys=0.00, real=0.00 secs] 
2021-03-23T11:23:56.587+0800: 0.587: [GC (Allocation Failure) [PSYoungGen: 26191K->6113K(32256K)] 90900K->75590K(119808K), 0.0017926 secs] [Times: user=0.00 sys=0.00, real=0.00 secs] 
2021-03-23T11:23:56.592+0800: 0.593: [GC (Allocation Failure) [PSYoungGen: 27097K->8782K(32256K)] 96573K->83665K(119808K), 0.0025643 secs] [Times: user=0.00 sys=0.00, real=0.00 secs] 
2021-03-23T11:23:56.599+0800: 0.599: [GC (Allocation Failure) [PSYoungGen: 29747K->4164K(32256K)] 104629K->86728K(119808K), 0.0023090 secs] [Times: user=0.00 sys=0.00, real=0.00 secs] 
2021-03-23T11:23:56.602+0800: 0.602: [Full GC (Ergonomics) [PSYoungGen: 4164K->0K(32256K)] [ParOldGen: 82564K->39535K(87552K)] 86728K->39535K(119808K), [Metaspace: 2837K->2837K(1056768K)], 0.0085251 secs] [Times: user=0.00 sys=0.00, real=0.01 secs] 
2021-03-23T11:23:56.613+0800: 0.614: [GC (Allocation Failure) [PSYoungGen: 20739K->6981K(32256K)] 60275K->46517K(119808K), 0.0014710 secs] [Times: user=0.00 sys=0.00, real=0.00 secs] 
2021-03-23T11:23:56.618+0800: 0.619: [GC (Allocation Failure) [PSYoungGen: 27349K->4810K(32256K)] 66885K->50685K(119808K), 0.0019205 secs] [Times: user=0.00 sys=0.00, real=0.00 secs] 
2021-03-23T11:23:56.623+0800: 0.624: [GC (Allocation Failure) [PSYoungGen: 25735K->8606K(31744K)] 71610K->58722K(119296K), 0.0019708 secs] [Times: user=0.00 sys=0.00, real=0.00 secs] 
2021-03-23T11:23:56.628+0800: 0.628: [GC (Allocation Failure) [PSYoungGen: 29598K->7725K(32256K)] 79714K->65627K(119808K), 0.0023038 secs] [Times: user=0.06 sys=0.00, real=0.00 secs] 
2021-03-23T11:23:56.633+0800: 0.633: [GC (Allocation Failure) [PSYoungGen: 28273K->8271K(32256K)] 86174K->71404K(119808K), 0.0020739 secs] [Times: user=0.00 sys=0.00, real=0.00 secs] 
2021-03-23T11:23:56.638+0800: 0.638: [GC (Allocation Failure) [PSYoungGen: 29215K->8555K(32256K)] 92349K->77494K(119808K), 0.0022683 secs] [Times: user=0.00 sys=0.00, real=0.00 secs] 
2021-03-23T11:23:56.643+0800: 0.643: [GC (Allocation Failure) [PSYoungGen: 29547K->4857K(32256K)] 98486K->80314K(119808K), 0.0018311 secs] [Times: user=0.02 sys=0.00, real=0.00 secs] 
2021-03-23T11:23:56.647+0800: 0.648: [GC (Allocation Failure) [PSYoungGen: 25849K->6003K(32256K)] 101306K->85034K(119808K), 0.0018622 secs] [Times: user=0.00 sys=0.00, real=0.00 secs] 
2021-03-23T11:23:56.649+0800: 0.650: [Full GC (Ergonomics) [PSYoungGen: 6003K->0K(32256K)] [ParOldGen: 79030K->35909K(87552K)] 85034K->35909K(119808K), [Metaspace: 2837K->2837K(1056768K)], 0.0061025 secs] [Times: user=0.00 sys=0.00, real=0.01 secs] 
2021-03-23T11:23:56.659+0800: 0.659: [GC (Allocation Failure) [PSYoungGen: 20939K->5353K(32256K)] 56848K->41263K(119808K), 0.0010185 secs] [Times: user=0.02 sys=0.00, real=0.00 secs] 
2021-03-23T11:23:56.661+0800: 0.662: [GC (Allocation Failure) [PSYoungGen: 26264K->5775K(32256K)] 62173K->45964K(119808K), 0.0016967 secs] [Times: user=0.00 sys=0.00, real=0.00 secs] 
2021-03-23T11:23:56.665+0800: 0.667: [GC (Allocation Failure) [PSYoungGen: 26585K->6008K(32768K)] 66774K->50892K(120320K), 0.0017491 secs] [Times: user=0.00 sys=0.00, real=0.00 secs] 
2021-03-23T11:23:56.671+0800: 0.672: [GC (Allocation Failure) [PSYoungGen: 28024K->7202K(32768K)] 72908K->57333K(120320K), 0.0019421 secs] [Times: user=0.00 sys=0.00, real=0.00 secs] 
2021-03-23T11:23:56.676+0800: 0.677: [GC (Allocation Failure) [PSYoungGen: 29218K->5066K(33280K)] 79349K->61434K(120832K), 0.0019973 secs] [Times: user=0.00 sys=0.00, real=0.00 secs] 
2021-03-23T11:23:56.681+0800: 0.682: [GC (Allocation Failure) [PSYoungGen: 27833K->6079K(33280K)] 84200K->66296K(120832K), 0.0016643 secs] [Times: user=0.00 sys=0.00, real=0.00 secs] 
2021-03-23T11:23:56.686+0800: 0.687: [GC (Allocation Failure) [PSYoungGen: 28958K->9045K(32256K)] 89175K->71511K(119808K), 0.0018439 secs] [Times: user=0.00 sys=0.00, real=0.00 secs] 
2021-03-23T11:23:56.690+0800: 0.691: [GC (Allocation Failure) [PSYoungGen: 31014K->8117K(32768K)] 93480K->78087K(120320K), 0.0045674 secs] [Times: user=0.05 sys=0.01, real=0.00 secs] 
2021-03-23T11:23:56.698+0800: 0.699: [GC (Allocation Failure) [PSYoungGen: 29999K->8809K(31744K)] 99969K->85048K(119296K), 0.0023796 secs] [Times: user=0.00 sys=0.00, real=0.00 secs] 
2021-03-23T11:23:56.704+0800: 0.704: [GC (Allocation Failure) [PSYoungGen: 29801K->8313K(32256K)] 106040K->91881K(119808K), 0.0024813 secs] [Times: user=0.05 sys=0.00, real=0.00 secs] 
2021-03-23T11:23:56.706+0800: 0.707: [Full GC (Ergonomics) [PSYoungGen: 8313K->0K(32256K)] [ParOldGen: 83568K->42752K(87552K)] 91881K->42752K(119808K), [Metaspace: 2837K->2837K(1056768K)], 0.0074197 secs] [Times: user=0.00 sys=0.00, real=0.01 secs] 
2021-03-23T11:23:56.716+0800: 0.717: [GC (Allocation Failure) [PSYoungGen: 20992K->7433K(32768K)] 63744K->50186K(120320K), 0.0012387 secs] [Times: user=0.00 sys=0.00, real=0.00 secs] 
2021-03-23T11:23:56.721+0800: 0.721: [GC (Allocation Failure) [PSYoungGen: 28481K->6244K(32256K)] 71234K->54285K(119808K), 0.0018609 secs] [Times: user=0.06 sys=0.00, real=0.00 secs] 
2021-03-23T11:23:56.725+0800: 0.726: [GC (Allocation Failure) [PSYoungGen: 27654K->7022K(33280K)] 75695K->60282K(120832K), 0.0018677 secs] [Times: user=0.00 sys=0.00, real=0.00 secs] 
2021-03-23T11:23:56.730+0800: 0.731: [GC (Allocation Failure) [PSYoungGen: 29438K->6970K(32768K)] 82698K->65440K(120320K), 0.0021060 secs] [Times: user=0.00 sys=0.00, real=0.00 secs] 
2021-03-23T11:23:56.735+0800: 0.736: [GC (Allocation Failure) [PSYoungGen: 29376K->7277K(33792K)] 87846K->71974K(121344K), 0.0020696 secs] [Times: user=0.00 sys=0.00, real=0.00 secs] 
2021-03-23T11:23:56.740+0800: 0.741: [GC (Allocation Failure) [PSYoungGen: 30641K->7204K(33280K)] 95338K->77041K(120832K), 0.0019373 secs] [Times: user=0.00 sys=0.00, real=0.00 secs] 
2021-03-23T11:23:56.745+0800: 0.746: [GC (Allocation Failure) [PSYoungGen: 30617K->9712K(32768K)] 100454K->85104K(120320K), 0.0023094 secs] [Times: user=0.00 sys=0.00, real=0.00 secs] 
2021-03-23T11:23:56.750+0800: 0.751: [GC (Allocation Failure) [PSYoungGen: 32752K->5186K(28672K)] 108144K->88465K(116224K), 0.0020731 secs] [Times: user=0.00 sys=0.00, real=0.00 secs] 
2021-03-23T11:23:56.753+0800: 0.753: [Full GC (Ergonomics) [PSYoungGen: 5186K->0K(28672K)] [ParOldGen: 83279K->38662K(87552K)] 88465K->38662K(116224K), [Metaspace: 2837K->2837K(1056768K)], 0.0067822 secs] [Times: user=0.00 sys=0.00, real=0.01 secs] 
2021-03-23T11:23:56.762+0800: 0.763: [GC (Allocation Failure) [PSYoungGen: 22922K->7311K(33280K)] 61584K->45973K(120832K), 0.0012876 secs] [Times: user=0.00 sys=0.00, real=0.00 secs] 
2021-03-23T11:23:56.767+0800: 0.767: [GC (Allocation Failure) [PSYoungGen: 29695K->6057K(32768K)] 68357K->51873K(120320K), 0.0019884 secs] [Times: user=0.02 sys=0.02, real=0.00 secs] 
2021-03-23T11:23:56.772+0800: 0.773: [GC (Allocation Failure) [PSYoungGen: 28490K->7104K(33792K)] 74306K->57687K(121344K), 0.0018893 secs] [Times: user=0.00 sys=0.00, real=0.00 secs] 
2021-03-23T11:23:56.777+0800: 0.778: [GC (Allocation Failure) [PSYoungGen: 30616K->6256K(33280K)] 81199K->61948K(120832K), 0.0018559 secs] [Times: user=0.00 sys=0.00, real=0.00 secs] 
2021-03-23T11:23:56.784+0800: 0.785: [GC (Allocation Failure) [PSYoungGen: 29681K->8071K(33792K)] 85373K->69455K(121344K), 0.0025823 secs] [Times: user=0.06 sys=0.00, real=0.00 secs] 
2021-03-23T11:23:56.792+0800: 0.792: [GC (Allocation Failure) [PSYoungGen: 31924K->7903K(32256K)] 93308K->75650K(119808K), 0.0022854 secs] [Times: user=0.00 sys=0.00, real=0.00 secs] 
2021-03-23T11:23:56.797+0800: 0.798: [GC (Allocation Failure) [PSYoungGen: 31967K->7374K(33792K)] 99714K->80924K(121344K), 0.0021781 secs] [Times: user=0.01 sys=0.00, real=0.00 secs] 
2021-03-23T11:23:56.804+0800: 0.804: [GC (Allocation Failure) [PSYoungGen: 30926K->7336K(33280K)] 104476K->87312K(120832K), 0.0022982 secs] [Times: user=0.00 sys=0.00, real=0.00 secs] 
2021-03-23T11:23:56.806+0800: 0.807: [Full GC (Ergonomics) [PSYoungGen: 7336K->0K(33280K)] [ParOldGen: 79976K->36985K(87552K)] 87312K->36985K(120832K), [Metaspace: 2837K->2837K(1056768K)], 0.0068873 secs] [Times: user=0.00 sys=0.00, real=0.01 secs] 
2021-03-23T11:23:56.817+0800: 0.817: [GC (Allocation Failure) [PSYoungGen: 23514K->6564K(33792K)] 60499K->43549K(121344K), 0.0013247 secs] [Times: user=0.00 sys=0.00, real=0.00 secs] 
2021-03-23T11:23:56.821+0800: 0.822: [GC (Allocation Failure) [PSYoungGen: 30604K->6627K(33792K)] 67589K->48083K(121344K), 0.0019998 secs] [Times: user=0.00 sys=0.00, real=0.00 secs] 
2021-03-23T11:23:56.827+0800: 0.827: [GC (Allocation Failure) [PSYoungGen: 30496K->7431K(34304K)] 71951K->53737K(121856K), 0.0018781 secs] [Times: user=0.00 sys=0.00, real=0.00 secs] 
2021-03-23T11:23:56.831+0800: 0.832: [GC (Allocation Failure) [PSYoungGen: 32357K->7486K(34304K)] 78663K->59546K(121856K), 0.0023779 secs] [Times: user=0.06 sys=0.00, real=0.00 secs] 
2021-03-23T11:23:56.837+0800: 0.837: [GC (Allocation Failure) [PSYoungGen: 31980K->8473K(33280K)] 84039K->67467K(120832K), 0.0023643 secs] [Times: user=0.00 sys=0.00, real=0.00 secs] 
2021-03-23T11:23:56.842+0800: 0.843: [GC (Allocation Failure) [PSYoungGen: 32498K->6297K(33792K)] 91491K->72085K(121344K), 0.0024211 secs] [Times: user=0.00 sys=0.00, real=0.00 secs] 
2021-03-23T11:23:56.848+0800: 0.849: [GC (Allocation Failure) [PSYoungGen: 30349K->8237K(33792K)] 96137K->79337K(121344K), 0.0021234 secs] [Times: user=0.00 sys=0.00, real=0.00 secs] 
2021-03-23T11:23:56.854+0800: 0.855: [GC (Allocation Failure) [PSYoungGen: 32301K->7866K(33792K)] 103401K->85159K(121344K), 0.0027023 secs] [Times: user=0.00 sys=0.00, real=0.00 secs] 
2021-03-23T11:23:56.861+0800: 0.861: [GC (Allocation Failure) [PSYoungGen: 31818K->7032K(33792K)] 109112K->91389K(121344K), 0.0026871 secs] [Times: user=0.06 sys=0.00, real=0.00 secs] 
2021-03-23T11:23:56.864+0800: 0.864: [Full GC (Ergonomics) [PSYoungGen: 7032K->0K(33792K)] [ParOldGen: 84357K->37750K(87552K)] 91389K->37750K(121344K), [Metaspace: 2837K->2837K(1056768K)], 0.0074376 secs] [Times: user=0.00 sys=0.00, real=0.01 secs] 
2021-03-23T11:23:56.876+0800: 0.876: [GC (Allocation Failure) [PSYoungGen: 23904K->7857K(33792K)] 61655K->45608K(121344K), 0.0014829 secs] [Times: user=0.00 sys=0.00, real=0.00 secs] 
2021-03-23T11:23:56.881+0800: 0.881: [GC (Allocation Failure) [PSYoungGen: 31857K->8144K(33792K)] 69608K->53239K(121344K), 0.0022498 secs] [Times: user=0.00 sys=0.00, real=0.00 secs] 
2021-03-23T11:23:56.887+0800: 0.887: [GC (Allocation Failure) [PSYoungGen: 32129K->5729K(33792K)] 77224K->55648K(121344K), 0.0016467 secs] [Times: user=0.00 sys=0.00, real=0.00 secs] 
2021-03-23T11:23:56.892+0800: 0.893: [GC (Allocation Failure) [PSYoungGen: 29793K->8467K(33792K)] 79712K->62953K(121344K), 0.0019827 secs] [Times: user=0.06 sys=0.00, real=0.00 secs] 
2021-03-23T11:23:56.898+0800: 0.899: [GC (Allocation Failure) [PSYoungGen: 32531K->9495K(33792K)] 87017K->70531K(121344K), 0.0024116 secs] [Times: user=0.00 sys=0.00, real=0.00 secs] 
2021-03-23T11:23:56.904+0800: 0.904: [GC (Allocation Failure) [PSYoungGen: 33558K->7321K(32768K)] 94594K->76165K(120320K), 0.0024914 secs] [Times: user=0.00 sys=0.00, real=0.00 secs] 
2021-03-23T11:23:56.910+0800: 0.910: [GC (Allocation Failure) [PSYoungGen: 30339K->6393K(33280K)] 99184K->82156K(120832K), 0.0021303 secs] [Times: user=0.00 sys=0.00, real=0.00 secs] 
2021-03-23T11:23:56.915+0800: 0.915: [GC (Allocation Failure) [PSYoungGen: 29226K->8101K(33280K)] 104990K->89242K(120832K), 0.0028668 secs] [Times: user=0.00 sys=0.00, real=0.00 secs] 
2021-03-23T11:23:56.918+0800: 0.918: [Full GC (Ergonomics) [PSYoungGen: 8101K->0K(33280K)] [ParOldGen: 81140K->41725K(87552K)] 89242K->41725K(120832K), [Metaspace: 2837K->2837K(1056768K)], 0.0071117 secs] [Times: user=0.00 sys=0.00, real=0.01 secs] 
2021-03-23T11:23:56.928+0800: 0.929: [GC (Allocation Failure) [PSYoungGen: 22630K->6379K(33280K)] 64356K->48105K(120832K), 0.0012096 secs] [Times: user=0.00 sys=0.00, real=0.00 secs] 
2021-03-23T11:23:56.933+0800: 0.933: [GC (Allocation Failure) [PSYoungGen: 29419K->7276K(33792K)] 71145K->54037K(121344K), 0.0018997 secs] [Times: user=0.00 sys=0.00, real=0.00 secs] 
2021-03-23T11:23:56.938+0800: 0.938: [GC (Allocation Failure) [PSYoungGen: 30522K->7549K(33280K)] 77283K->60179K(120832K), 0.0021497 secs] [Times: user=0.00 sys=0.00, real=0.00 secs] 
2021-03-23T11:23:56.943+0800: 0.943: [GC (Allocation Failure) [PSYoungGen: 31100K->9108K(32768K)] 83730K->67921K(120320K), 0.0023294 secs] [Times: user=0.00 sys=0.00, real=0.00 secs] 
2021-03-23T11:23:56.949+0800: 0.949: [GC (Allocation Failure) [PSYoungGen: 31951K->6430K(33280K)] 90765K->72465K(120832K), 0.0023605 secs] [Times: user=0.00 sys=0.00, real=0.00 secs] 
2021-03-23T11:23:56.954+0800: 0.954: [GC (Allocation Failure) [PSYoungGen: 29470K->6870K(33280K)] 95505K->77751K(120832K), 0.0019496 secs] [Times: user=0.00 sys=0.00, real=0.00 secs] 
2021-03-23T11:23:56.959+0800: 0.959: [GC (Allocation Failure) [PSYoungGen: 29910K->9052K(33280K)] 100791K->85368K(120832K), 0.0024563 secs] [Times: user=0.00 sys=0.00, real=0.00 secs] 
2021-03-23T11:23:56.964+0800: 0.965: [GC (Allocation Failure) [PSYoungGen: 32018K->6273K(33280K)] 108334K->88742K(120832K), 0.0019386 secs] [Times: user=0.00 sys=0.00, real=0.00 secs] 
2021-03-23T11:23:56.966+0800: 0.967: [Full GC (Ergonomics) [PSYoungGen: 6273K->0K(33280K)] [ParOldGen: 82469K->37930K(87552K)] 88742K->37930K(120832K), [Metaspace: 2837K->2837K(1056768K)], 0.0064313 secs] [Times: user=0.06 sys=0.00, real=0.01 secs] 
2021-03-23T11:23:56.976+0800: 0.976: [GC (Allocation Failure) [PSYoungGen: 22937K->5250K(33280K)] 60868K->43181K(120832K), 0.0010775 secs] [Times: user=0.00 sys=0.00, real=0.00 secs] 
2021-03-23T11:23:56.980+0800: 0.980: [GC (Allocation Failure) [PSYoungGen: 28067K->7527K(33280K)] 65998K->50075K(120832K), 0.0019149 secs] [Times: user=0.00 sys=0.00, real=0.00 secs] 
2021-03-23T11:23:56.985+0800: 0.985: [GC (Allocation Failure) [PSYoungGen: 30327K->8970K(32256K)] 72875K->57542K(119808K), 0.0022409 secs] [Times: user=0.00 sys=0.00, real=0.00 secs] 
2021-03-23T11:23:56.990+0800: 0.990: [GC (Allocation Failure) [PSYoungGen: 32003K->8283K(32768K)] 80574K->63772K(120320K), 0.0022327 secs] [Times: user=0.00 sys=0.00, real=0.00 secs] 
2021-03-23T11:23:56.995+0800: 0.995: [GC (Allocation Failure) [PSYoungGen: 30084K->7042K(32768K)] 85574K->68696K(120320K), 0.0021238 secs] [Times: user=0.00 sys=0.00, real=0.00 secs] 
2021-03-23T11:23:57.000+0800: 1.000: [GC (Allocation Failure) [PSYoungGen: 28780K->9515K(32256K)] 90434K->75819K(119808K), 0.0022031 secs] [Times: user=0.00 sys=0.00, real=0.00 secs] 
2021-03-23T11:23:57.006+0800: 1.006: [GC (Allocation Failure) [PSYoungGen: 31531K->8233K(32768K)] 97835K->81932K(120320K), 0.0023721 secs] [Times: user=0.00 sys=0.00, real=0.00 secs] 
2021-03-23T11:23:57.012+0800: 1.012: [GC (Allocation Failure) [PSYoungGen: 29855K->9100K(31744K)] 103554K->86960K(119296K), 0.0025442 secs] [Times: user=0.00 sys=0.00, real=0.00 secs] 
2021-03-23T11:23:57.018+0800: 1.018: [GC (Allocation Failure) [PSYoungGen: 30082K->6222K(32256K)] 107943K->91736K(119808K), 0.0023637 secs] [Times: user=0.05 sys=0.00, real=0.00 secs] 
2021-03-23T11:23:57.020+0800: 1.020: [Full GC (Ergonomics) [PSYoungGen: 6222K->0K(32256K)] [ParOldGen: 85513K->37273K(87552K)] 91736K->37273K(119808K), [Metaspace: 2837K->2837K(1056768K)], 0.0119774 secs] [Times: user=0.00 sys=0.00, real=0.01 secs] 
2021-03-23T11:23:57.035+0800: 1.036: [GC (Allocation Failure) [PSYoungGen: 20975K->6270K(32768K)] 58248K->43543K(120320K), 0.0040207 secs] [Times: user=0.00 sys=0.00, real=0.00 secs] 
2021-03-23T11:23:57.043+0800: 1.044: [GC (Allocation Failure) [PSYoungGen: 27727K->5972K(32256K)] 65000K->48524K(119808K), 0.0031219 secs] [Times: user=0.00 sys=0.00, real=0.00 secs] 
2021-03-23T11:23:57.050+0800: 1.051: [GC (Allocation Failure) [PSYoungGen: 27442K->7158K(32768K)] 69993K->53840K(120320K), 0.0020835 secs] [Times: user=0.00 sys=0.00, real=0.00 secs] 
2021-03-23T11:23:57.055+0800: 1.056: [GC (Allocation Failure) [PSYoungGen: 29104K->6666K(32768K)] 75786K->59153K(120320K), 0.0027736 secs] [Times: user=0.00 sys=0.00, real=0.00 secs] 
2021-03-23T11:23:57.062+0800: 1.063: [GC (Allocation Failure) [PSYoungGen: 28369K->4483K(32256K)] 80857K->62290K(119808K), 0.0017111 secs] [Times: user=0.00 sys=0.00, real=0.00 secs] 
2021-03-23T11:23:57.067+0800: 1.068: [GC (Allocation Failure) [PSYoungGen: 26478K->8812K(32768K)] 84286K->70696K(120320K), 0.0020538 secs] [Times: user=0.00 sys=0.00, real=0.00 secs] 
2021-03-23T11:23:57.072+0800: 1.073: [GC (Allocation Failure) [PSYoungGen: 30560K->7600K(32768K)] 92444K->76437K(120320K), 0.0024028 secs] [Times: user=0.00 sys=0.00, real=0.00 secs] 
2021-03-23T11:23:57.078+0800: 1.079: [GC (Allocation Failure) [PSYoungGen: 29589K->7768K(32768K)] 98426K->83148K(120320K), 0.0023422 secs] [Times: user=0.00 sys=0.00, real=0.00 secs] 
2021-03-23T11:23:57.084+0800: 1.085: [GC (Allocation Failure) [PSYoungGen: 29726K->7477K(33280K)] 105106K->89365K(120832K), 0.0024266 secs] [Times: user=0.00 sys=0.00, real=0.00 secs] 
2021-03-23T11:23:57.087+0800: 1.088: [Full GC (Ergonomics) [PSYoungGen: 7477K->0K(33280K)] [ParOldGen: 81888K->37706K(87552K)] 89365K->37706K(120832K), [Metaspace: 2837K->2837K(1056768K)], 0.0082021 secs] [Times: user=0.00 sys=0.00, real=0.01 secs] 
2021-03-23T11:23:57.099+0800: 1.100: [GC (Allocation Failure) [PSYoungGen: 22268K->5722K(32768K)] 59975K->43428K(120320K), 0.0011193 secs] [Times: user=0.00 sys=0.00, real=0.00 secs] 
2021-03-23T11:23:57.105+0800: 1.106: [GC (Allocation Failure) [PSYoungGen: 28036K->7060K(33280K)] 65742K->48871K(120832K), 0.0031533 secs] [Times: user=0.00 sys=0.00, real=0.00 secs] 
2021-03-23T11:23:57.112+0800: 1.113: [GC (Allocation Failure) [PSYoungGen: 30024K->8483K(33280K)] 71835K->54088K(120832K), 0.0030835 secs] [Times: user=0.05 sys=0.00, real=0.00 secs] 
Heap
 PSYoungGen      total 33280K, used 9564K [0x00000000fd580000, 0x0000000100000000, 0x0000000100000000)
  eden space 23040K, 4% used [0x00000000fd580000,0x00000000fd68e278,0x00000000fec00000)
  from space 10240K, 82% used [0x00000000fec00000,0x00000000ff448db8,0x00000000ff600000)
  to   space 10240K, 0% used [0x00000000ff600000,0x00000000ff600000,0x0000000100000000)
 ParOldGen       total 87552K, used 45605K [0x00000000f8000000, 0x00000000fd580000, 0x00000000fd580000)
  object space 87552K, 52% used [0x00000000f8000000,0x00000000fac89500,0x00000000fd580000)
 Metaspace       used 2843K, capacity 4486K, committed 4864K, reserved 1056768K
  class space    used 307K, capacity 386K, committed 512K, reserved 1048576K
