Java HotSpot(TM) 64-Bit Server VM (25.171-b11) for windows-amd64 JRE (1.8.0_171-b11), built on Mar 28 2018 16:06:12 by "java_re" with MS VC++ 10.0 (VS2010)
Memory: 4k page, physical 12484812k(3667552k free), swap 22058784k(6415808k free)
CommandLine flags: -XX:InitialHeapSize=134217728 -XX:MaxHeapSize=134217728 -XX:+PrintGC -XX:+PrintGCDateStamps -XX:+PrintGCDetails -XX:+PrintGCTimeStamps -XX:+UseCompressedClassPointers -XX:+UseCompressedOops -XX:-UseLargePagesIndividualAllocation -XX:+UseSerialGC 
2021-03-23T10:42:32.350+0800: 0.118: [GC (Allocation Failure) 2021-03-23T10:42:32.350+0800: 0.118: [DefNew: 34522K->4352K(39296K), 0.0068348 secs] 34522K->11742K(126720K), 0.0070316 secs] [Times: user=0.00 sys=0.00, real=0.01 secs] 
2021-03-23T10:42:32.365+0800: 0.133: [GC (Allocation Failure) 2021-03-23T10:42:32.365+0800: 0.133: [DefNew: 39056K->4346K(39296K), 0.0050438 secs] 46447K->19793K(126720K), 0.0050965 secs] [Times: user=0.00 sys=0.00, real=0.00 secs] 
2021-03-23T10:42:32.379+0800: 0.147: [GC (Allocation Failure) 2021-03-23T10:42:32.379+0800: 0.147: [DefNew: 39142K->4350K(39296K), 0.0052483 secs] 54590K->28917K(126720K), 0.0053479 secs] [Times: user=0.00 sys=0.00, real=0.01 secs] 
2021-03-23T10:42:32.391+0800: 0.159: [GC (Allocation Failure) 2021-03-23T10:42:32.391+0800: 0.159: [DefNew: 39140K->4347K(39296K), 0.0072909 secs] 63706K->41820K(126720K), 0.0073645 secs] [Times: user=0.01 sys=0.00, real=0.01 secs] 
2021-03-23T10:42:32.407+0800: 0.175: [GC (Allocation Failure) 2021-03-23T10:42:32.407+0800: 0.175: [DefNew: 39291K->4344K(39296K), 0.0049499 secs] 76764K->52823K(126720K), 0.0050068 secs] [Times: user=0.02 sys=0.00, real=0.00 secs] 
2021-03-23T10:42:32.418+0800: 0.186: [GC (Allocation Failure) 2021-03-23T10:42:32.418+0800: 0.186: [DefNew: 39249K->4350K(39296K), 0.0047922 secs] 87727K->63173K(126720K), 0.0048440 secs] [Times: user=0.00 sys=0.00, real=0.01 secs] 
2021-03-23T10:42:32.430+0800: 0.198: [GC (Allocation Failure) 2021-03-23T10:42:32.430+0800: 0.198: [DefNew: 39294K->4350K(39296K), 0.0027902 secs] 98117K->68798K(126720K), 0.0028294 secs] [Times: user=0.00 sys=0.00, real=0.00 secs] 
2021-03-23T10:42:32.437+0800: 0.205: [GC (Allocation Failure) 2021-03-23T10:42:32.437+0800: 0.205: [DefNew: 39131K->4350K(39296K), 0.0039290 secs] 103579K->77579K(126720K), 0.0039769 secs] [Times: user=0.02 sys=0.00, real=0.00 secs] 
2021-03-23T10:42:32.447+0800: 0.215: [GC (Allocation Failure) 2021-03-23T10:42:32.447+0800: 0.215: [DefNew: 39188K->4348K(39296K), 0.0040992 secs] 112417K->87267K(126720K), 0.0041453 secs] [Times: user=0.00 sys=0.00, real=0.00 secs] 
2021-03-23T10:42:32.457+0800: 0.225: [GC (Allocation Failure) 2021-03-23T10:42:32.457+0800: 0.225: [DefNew: 39292K->39292K(39296K), 0.0000125 secs]2021-03-23T10:42:32.457+0800: 0.225: [Tenured: 82919K->38285K(87424K), 0.0068661 secs] 122211K->38285K(126720K), [Metaspace: 2837K->2837K(1056768K)], 0.0069479 secs] [Times: user=0.00 sys=0.00, real=0.01 secs] 
2021-03-23T10:42:32.471+0800: 0.238: [GC (Allocation Failure) 2021-03-23T10:42:32.471+0800: 0.239: [DefNew: 34782K->4350K(39296K), 0.0021045 secs] 73067K->48325K(126720K), 0.0021520 secs] [Times: user=0.02 sys=0.00, real=0.00 secs] 
2021-03-23T10:42:32.480+0800: 0.247: [GC (Allocation Failure) 2021-03-23T10:42:32.480+0800: 0.247: [DefNew: 39294K->4345K(39296K), 0.0019409 secs] 83269K->55780K(126720K), 0.0019903 secs] [Times: user=0.00 sys=0.00, real=0.00 secs] 
2021-03-23T10:42:32.487+0800: 0.254: [GC (Allocation Failure) 2021-03-23T10:42:32.487+0800: 0.254: [DefNew: 39095K->4336K(39296K), 0.0021692 secs] 90531K->65524K(126720K), 0.0022304 secs] [Times: user=0.02 sys=0.00, real=0.00 secs] 
2021-03-23T10:42:32.494+0800: 0.262: [GC (Allocation Failure) 2021-03-23T10:42:32.494+0800: 0.262: [DefNew: 39165K->4351K(39296K), 0.0023281 secs] 100352K->74816K(126720K), 0.0023766 secs] [Times: user=0.00 sys=0.00, real=0.00 secs] 
2021-03-23T10:42:32.502+0800: 0.270: [GC (Allocation Failure) 2021-03-23T10:42:32.502+0800: 0.270: [DefNew: 39295K->4339K(39296K), 0.0029216 secs] 109760K->84341K(126720K), 0.0029715 secs] [Times: user=0.02 sys=0.00, real=0.00 secs] 
2021-03-23T10:42:32.510+0800: 0.278: [GC (Allocation Failure) 2021-03-23T10:42:32.510+0800: 0.278: [DefNew: 38671K->38671K(39296K), 0.0000120 secs]2021-03-23T10:42:32.510+0800: 0.278: [Tenured: 80002K->34805K(87424K), 0.0059679 secs] 118673K->34805K(126720K), [Metaspace: 2837K->2837K(1056768K)], 0.0060430 secs] [Times: user=0.00 sys=0.00, real=0.01 secs] 
2021-03-23T10:42:32.521+0800: 0.289: [GC (Allocation Failure) 2021-03-23T10:42:32.521+0800: 0.289: [DefNew: 34773K->4330K(39296K), 0.0016056 secs] 69579K->44319K(126720K), 0.0016536 secs] [Times: user=0.00 sys=0.00, real=0.00 secs] 
2021-03-23T10:42:32.528+0800: 0.296: [GC (Allocation Failure) 2021-03-23T10:42:32.528+0800: 0.296: [DefNew: 39274K->4345K(39296K), 0.0023959 secs] 79263K->54947K(126720K), 0.0024416 secs] [Times: user=0.00 sys=0.00, real=0.00 secs] 
2021-03-23T10:42:32.536+0800: 0.304: [GC (Allocation Failure) 2021-03-23T10:42:32.537+0800: 0.304: [DefNew: 39203K->4351K(39296K), 0.0024693 secs] 89805K->61577K(126720K), 0.0025486 secs] [Times: user=0.00 sys=0.00, real=0.00 secs] 
2021-03-23T10:42:32.544+0800: 0.312: [GC (Allocation Failure) 2021-03-23T10:42:32.545+0800: 0.312: [DefNew: 39083K->4347K(39296K), 0.0019243 secs] 96310K->69406K(126720K), 0.0020277 secs] [Times: user=0.00 sys=0.00, real=0.00 secs] 
2021-03-23T10:42:32.552+0800: 0.320: [GC (Allocation Failure) 2021-03-23T10:42:32.552+0800: 0.320: [DefNew: 39160K->4342K(39296K), 0.0026700 secs] 104219K->78389K(126720K), 0.0027224 secs] [Times: user=0.00 sys=0.00, real=0.00 secs] 
2021-03-23T10:42:32.560+0800: 0.327: [GC (Allocation Failure) 2021-03-23T10:42:32.560+0800: 0.327: [DefNew: 39243K->4339K(39296K), 0.0021307 secs] 113290K->87397K(126720K), 0.0021789 secs] [Times: user=0.00 sys=0.00, real=0.00 secs] 
2021-03-23T10:42:32.569+0800: 0.336: [GC (Allocation Failure) 2021-03-23T10:42:32.569+0800: 0.336: [DefNew: 39232K->39232K(39296K), 0.0000253 secs]2021-03-23T10:42:32.569+0800: 0.336: [Tenured: 83058K->36835K(87424K), 0.0063942 secs] 122290K->36835K(126720K), [Metaspace: 2837K->2837K(1056768K)], 0.0064772 secs] [Times: user=0.00 sys=0.00, real=0.01 secs] 
2021-03-23T10:42:32.580+0800: 0.347: [GC (Allocation Failure) 2021-03-23T10:42:32.580+0800: 0.347: [DefNew: 34793K->4351K(39296K), 0.0020650 secs] 71629K->49890K(126720K), 0.0021384 secs] [Times: user=0.02 sys=0.00, real=0.00 secs] 
2021-03-23T10:42:32.587+0800: 0.354: [GC (Allocation Failure) 2021-03-23T10:42:32.587+0800: 0.354: [DefNew: 39295K->4350K(39296K), 0.0035045 secs] 84834K->61661K(126720K), 0.0035581 secs] [Times: user=0.00 sys=0.00, real=0.00 secs] 
2021-03-23T10:42:32.595+0800: 0.363: [GC (Allocation Failure) 2021-03-23T10:42:32.595+0800: 0.363: [DefNew: 39294K->4346K(39296K), 0.0021615 secs] 96605K->69251K(126720K), 0.0022182 secs] [Times: user=0.02 sys=0.00, real=0.00 secs] 
2021-03-23T10:42:32.602+0800: 0.370: [GC (Allocation Failure) 2021-03-23T10:42:32.603+0800: 0.370: [DefNew: 39076K->4352K(39296K), 0.0022228 secs] 103981K->79528K(126720K), 0.0022891 secs] [Times: user=0.00 sys=0.00, real=0.00 secs] 
2021-03-23T10:42:32.609+0800: 0.377: [GC (Allocation Failure) 2021-03-23T10:42:32.609+0800: 0.377: [DefNew: 38830K->38830K(39296K), 0.0000127 secs]2021-03-23T10:42:32.609+0800: 0.377: [Tenured: 75176K->36941K(87424K), 0.0063724 secs] 114007K->36941K(126720K), [Metaspace: 2837K->2837K(1056768K)], 0.0064491 secs] [Times: user=0.02 sys=0.00, real=0.01 secs] 
2021-03-23T10:42:32.621+0800: 0.388: [GC (Allocation Failure) 2021-03-23T10:42:32.621+0800: 0.388: [DefNew: 34491K->4351K(39296K), 0.0017857 secs] 71433K->48352K(126720K), 0.0018403 secs] [Times: user=0.00 sys=0.00, real=0.00 secs] 
2021-03-23T10:42:32.627+0800: 0.395: [GC (Allocation Failure) 2021-03-23T10:42:32.627+0800: 0.395: [DefNew: 39244K->4341K(39296K), 0.0019020 secs] 83245K->55521K(126720K), 0.0019501 secs] [Times: user=0.02 sys=0.00, real=0.00 secs] 
2021-03-23T10:42:32.637+0800: 0.404: [GC (Allocation Failure) 2021-03-23T10:42:32.637+0800: 0.404: [DefNew: 39093K->4343K(39296K), 0.0022250 secs] 90273K->63264K(126720K), 0.0023003 secs] [Times: user=0.00 sys=0.00, real=0.00 secs] 
2021-03-23T10:42:32.645+0800: 0.413: [GC (Allocation Failure) 2021-03-23T10:42:32.646+0800: 0.413: [DefNew: 39287K->4343K(39296K), 0.0027156 secs] 98208K->72539K(126720K), 0.0028207 secs] [Times: user=0.00 sys=0.00, real=0.00 secs] 
2021-03-23T10:42:32.655+0800: 0.423: [GC (Allocation Failure) 2021-03-23T10:42:32.655+0800: 0.423: [DefNew: 39054K->4346K(39296K), 0.0026816 secs] 107250K->82906K(126720K), 0.0027371 secs] [Times: user=0.00 sys=0.00, real=0.00 secs] 
2021-03-23T10:42:32.664+0800: 0.431: [GC (Allocation Failure) 2021-03-23T10:42:32.664+0800: 0.431: [DefNew: 38708K->38708K(39296K), 0.0000172 secs]2021-03-23T10:42:32.664+0800: 0.431: [Tenured: 78560K->45968K(87424K), 0.0092116 secs] 117268K->45968K(126720K), [Metaspace: 2837K->2837K(1056768K)], 0.0093834 secs] [Times: user=0.00 sys=0.00, real=0.01 secs] 
2021-03-23T10:42:32.677+0800: 0.445: [GC (Allocation Failure) 2021-03-23T10:42:32.678+0800: 0.445: [DefNew: 34944K->4342K(39296K), 0.0017231 secs] 80912K->56538K(126720K), 0.0018191 secs] [Times: user=0.00 sys=0.00, real=0.00 secs] 
2021-03-23T10:42:32.684+0800: 0.451: [GC (Allocation Failure) 2021-03-23T10:42:32.684+0800: 0.451: [DefNew: 39047K->4351K(39296K), 0.0019911 secs] 91244K->63531K(126720K), 0.0020384 secs] [Times: user=0.00 sys=0.00, real=0.00 secs] 
2021-03-23T10:42:32.691+0800: 0.459: [GC (Allocation Failure) 2021-03-23T10:42:32.691+0800: 0.459: [DefNew: 39295K->4340K(39296K), 0.0020880 secs] 98475K->71164K(126720K), 0.0021385 secs] [Times: user=0.00 sys=0.00, real=0.00 secs] 
2021-03-23T10:42:32.699+0800: 0.467: [GC (Allocation Failure) 2021-03-23T10:42:32.699+0800: 0.467: [DefNew: 39215K->4344K(39296K), 0.0023334 secs] 106038K->79877K(126720K), 0.0024054 secs] [Times: user=0.00 sys=0.00, real=0.00 secs] 
2021-03-23T10:42:32.706+0800: 0.475: [GC (Allocation Failure) 2021-03-23T10:42:32.706+0800: 0.475: [DefNew: 39288K->4328K(39296K), 0.0020633 secs] 114821K->87930K(126720K), 0.0021081 secs] [Times: user=0.00 sys=0.00, real=0.00 secs] 
2021-03-23T10:42:32.713+0800: 0.481: [GC (Allocation Failure) 2021-03-23T10:42:32.713+0800: 0.481: [DefNew: 38958K->38958K(39296K), 0.0000120 secs]2021-03-23T10:42:32.713+0800: 0.481: [Tenured: 83602K->43251K(87424K), 0.0069883 secs] 122561K->43251K(126720K), [Metaspace: 2837K->2837K(1056768K)], 0.0070644 secs] [Times: user=0.00 sys=0.00, real=0.01 secs] 
2021-03-23T10:42:32.724+0800: 0.492: [GC (Allocation Failure) 2021-03-23T10:42:32.724+0800: 0.492: [DefNew: 34944K->4351K(39296K), 0.0021240 secs] 78195K->54760K(126720K), 0.0021737 secs] [Times: user=0.00 sys=0.00, real=0.00 secs] 
2021-03-23T10:42:32.732+0800: 0.500: [GC (Allocation Failure) 2021-03-23T10:42:32.732+0800: 0.500: [DefNew: 39085K->4342K(39296K), 0.0020060 secs] 89494K->62457K(126720K), 0.0020575 secs] [Times: user=0.00 sys=0.00, real=0.00 secs] 
2021-03-23T10:42:32.738+0800: 0.507: [GC (Allocation Failure) 2021-03-23T10:42:32.738+0800: 0.507: [DefNew: 38596K->4351K(39296K), 0.0022652 secs] 96711K->72450K(126720K), 0.0023087 secs] [Times: user=0.00 sys=0.00, real=0.00 secs] 
2021-03-23T10:42:32.746+0800: 0.514: [GC (Allocation Failure) 2021-03-23T10:42:32.746+0800: 0.514: [DefNew: 39295K->4351K(39296K), 0.0029986 secs] 107394K->82770K(126720K), 0.0030999 secs] [Times: user=0.00 sys=0.00, real=0.00 secs] 
2021-03-23T10:42:32.754+0800: 0.522: [GC (Allocation Failure) 2021-03-23T10:42:32.754+0800: 0.522: [DefNew: 39295K->39295K(39296K), 0.0000127 secs]2021-03-23T10:42:32.754+0800: 0.522: [Tenured: 78418K->43744K(87424K), 0.0070211 secs] 117714K->43744K(126720K), [Metaspace: 2837K->2837K(1056768K)], 0.0070995 secs] [Times: user=0.00 sys=0.00, real=0.01 secs] 
2021-03-23T10:42:32.766+0800: 0.534: [GC (Allocation Failure) 2021-03-23T10:42:32.766+0800: 0.534: [DefNew: 34922K->4347K(39296K), 0.0013171 secs] 78666K->51699K(126720K), 0.0013744 secs] [Times: user=0.00 sys=0.00, real=0.00 secs] 
2021-03-23T10:42:32.772+0800: 0.540: [GC (Allocation Failure) 2021-03-23T10:42:32.772+0800: 0.540: [DefNew: 39181K->4344K(39296K), 0.0022323 secs] 86534K->61392K(126720K), 0.0022848 secs] [Times: user=0.00 sys=0.00, real=0.00 secs] 
2021-03-23T10:42:32.780+0800: 0.548: [GC (Allocation Failure) 2021-03-23T10:42:32.780+0800: 0.548: [DefNew: 39276K->4347K(39296K), 0.0025873 secs] 96323K->72194K(126720K), 0.0026657 secs] [Times: user=0.00 sys=0.00, real=0.00 secs] 
2021-03-23T10:42:32.790+0800: 0.558: [GC (Allocation Failure) 2021-03-23T10:42:32.790+0800: 0.558: [DefNew: 39168K->4351K(39296K), 0.0022319 secs] 107015K->82692K(126720K), 0.0022832 secs] [Times: user=0.00 sys=0.00, real=0.00 secs] 
2021-03-23T10:42:32.796+0800: 0.564: [GC (Allocation Failure) 2021-03-23T10:42:32.796+0800: 0.564: [DefNew: 39295K->39295K(39296K), 0.0000133 secs]2021-03-23T10:42:32.796+0800: 0.564: [Tenured: 78341K->41762K(87424K), 0.0068806 secs] 117636K->41762K(126720K), [Metaspace: 2837K->2837K(1056768K)], 0.0069576 secs] [Times: user=0.01 sys=0.00, real=0.01 secs] 
2021-03-23T10:42:32.810+0800: 0.578: [GC (Allocation Failure) 2021-03-23T10:42:32.810+0800: 0.578: [DefNew: 34666K->4349K(39296K), 0.0018231 secs] 76428K->53367K(126720K), 0.0018726 secs] [Times: user=0.00 sys=0.00, real=0.00 secs] 
2021-03-23T10:42:32.817+0800: 0.584: [GC (Allocation Failure) 2021-03-23T10:42:32.817+0800: 0.585: [DefNew: 38809K->4349K(39296K), 0.0024384 secs] 87826K->64820K(126720K), 0.0025215 secs] [Times: user=0.00 sys=0.00, real=0.00 secs] 
2021-03-23T10:42:32.825+0800: 0.592: [GC (Allocation Failure) 2021-03-23T10:42:32.825+0800: 0.593: [DefNew: 39234K->4346K(39296K), 0.0020587 secs] 99706K->73318K(126720K), 0.0021328 secs] [Times: user=0.00 sys=0.00, real=0.00 secs] 
2021-03-23T10:42:32.832+0800: 0.600: [GC (Allocation Failure) 2021-03-23T10:42:32.832+0800: 0.600: [DefNew: 39290K->4350K(39296K), 0.0020147 secs] 108262K->81453K(126720K), 0.0020553 secs] [Times: user=0.00 sys=0.00, real=0.00 secs] 
2021-03-23T10:42:32.839+0800: 0.606: [GC (Allocation Failure) 2021-03-23T10:42:32.839+0800: 0.606: [DefNew: 38967K->38967K(39296K), 0.0000131 secs]2021-03-23T10:42:32.839+0800: 0.607: [Tenured: 77103K->43124K(87424K), 0.0064857 secs] 116070K->43124K(126720K), [Metaspace: 2837K->2837K(1056768K)], 0.0065638 secs] [Times: user=0.00 sys=0.00, real=0.01 secs] 
2021-03-23T10:42:32.850+0800: 0.618: [GC (Allocation Failure) 2021-03-23T10:42:32.850+0800: 0.618: [DefNew: 34294K->4342K(39296K), 0.0025040 secs] 77419K->53335K(126720K), 0.0026092 secs] [Times: user=0.00 sys=0.00, real=0.00 secs] 
2021-03-23T10:42:32.857+0800: 0.625: [GC (Allocation Failure) 2021-03-23T10:42:32.857+0800: 0.625: [DefNew: 39286K->4345K(39296K), 0.0023775 secs] 88279K->64356K(126720K), 0.0024278 secs] [Times: user=0.00 sys=0.00, real=0.00 secs] 
2021-03-23T10:42:32.864+0800: 0.632: [GC (Allocation Failure) 2021-03-23T10:42:32.864+0800: 0.632: [DefNew: 39212K->4351K(39296K), 0.0022489 secs] 99223K->74439K(126720K), 0.0022979 secs] [Times: user=0.00 sys=0.00, real=0.00 secs] 
2021-03-23T10:42:32.871+0800: 0.639: [GC (Allocation Failure) 2021-03-23T10:42:32.872+0800: 0.639: [DefNew: 39295K->4350K(39296K), 0.0024706 secs] 109383K->84731K(126720K), 0.0025386 secs] [Times: user=0.00 sys=0.00, real=0.00 secs] 
2021-03-23T10:42:32.880+0800: 0.648: [GC (Allocation Failure) 2021-03-23T10:42:32.880+0800: 0.648: [DefNew: 39205K->39205K(39296K), 0.0000124 secs]2021-03-23T10:42:32.880+0800: 0.648: [Tenured: 80381K->38470K(87424K), 0.0094911 secs] 119586K->38470K(126720K), [Metaspace: 2837K->2837K(1056768K)], 0.0095725 secs] [Times: user=0.00 sys=0.00, real=0.01 secs] 
2021-03-23T10:42:32.897+0800: 0.665: [GC (Allocation Failure) 2021-03-23T10:42:32.897+0800: 0.665: [DefNew: 34944K->4346K(39296K), 0.0025808 secs] 73414K->47427K(126720K), 0.0026991 secs] [Times: user=0.00 sys=0.00, real=0.00 secs] 
2021-03-23T10:42:32.907+0800: 0.675: [GC (Allocation Failure) 2021-03-23T10:42:32.907+0800: 0.675: [DefNew: 39290K->4350K(39296K), 0.0024215 secs] 82371K->53564K(126720K), 0.0024758 secs] [Times: user=0.00 sys=0.00, real=0.00 secs] 
2021-03-23T10:42:32.916+0800: 0.684: [GC (Allocation Failure) 2021-03-23T10:42:32.916+0800: 0.684: [DefNew: 38710K->4350K(39296K), 0.0029200 secs] 87924K->62648K(126720K), 0.0029756 secs] [Times: user=0.00 sys=0.00, real=0.00 secs] 
2021-03-23T10:42:32.925+0800: 0.693: [GC (Allocation Failure) 2021-03-23T10:42:32.925+0800: 0.693: [DefNew: 39294K->4346K(39296K), 0.0031964 secs] 97592K->74302K(126720K), 0.0032522 secs] [Times: user=0.00 sys=0.00, real=0.00 secs] 
2021-03-23T10:42:32.934+0800: 0.701: [GC (Allocation Failure) 2021-03-23T10:42:32.934+0800: 0.702: [DefNew: 38894K->4351K(39296K), 0.0032670 secs] 108851K->84546K(126720K), 0.0033239 secs] [Times: user=0.00 sys=0.00, real=0.00 secs] 
2021-03-23T10:42:32.943+0800: 0.711: [GC (Allocation Failure) 2021-03-23T10:42:32.943+0800: 0.711: [DefNew: 39174K->39174K(39296K), 0.0000134 secs]2021-03-23T10:42:32.943+0800: 0.711: [Tenured: 80194K->38054K(87424K), 0.0078617 secs] 119368K->38054K(126720K), [Metaspace: 2837K->2837K(1056768K)], 0.0079490 secs] [Times: user=0.00 sys=0.00, real=0.01 secs] 
2021-03-23T10:42:32.957+0800: 0.724: [GC (Allocation Failure) 2021-03-23T10:42:32.957+0800: 0.724: [DefNew: 34888K->4348K(39296K), 0.0024352 secs] 72943K->51377K(126720K), 0.0025285 secs] [Times: user=0.00 sys=0.00, real=0.00 secs] 
2021-03-23T10:42:32.965+0800: 0.732: [GC (Allocation Failure) 2021-03-23T10:42:32.965+0800: 0.732: [DefNew: 39102K->4347K(39296K), 0.0027555 secs] 86131K->60933K(126720K), 0.0028080 secs] [Times: user=0.00 sys=0.00, real=0.00 secs] 
2021-03-23T10:42:32.973+0800: 0.741: [GC (Allocation Failure) 2021-03-23T10:42:32.973+0800: 0.741: [DefNew: 38931K->4342K(39296K), 0.0031060 secs] 95517K->69678K(126720K), 0.0031630 secs] [Times: user=0.00 sys=0.00, real=0.00 secs] 
2021-03-23T10:42:32.982+0800: 0.750: [GC (Allocation Failure) 2021-03-23T10:42:32.982+0800: 0.750: [DefNew: 39178K->4346K(39296K), 0.0027044 secs] 104514K->77777K(126720K), 0.0027646 secs] [Times: user=0.00 sys=0.00, real=0.00 secs] 
2021-03-23T10:42:32.990+0800: 0.757: [GC (Allocation Failure) 2021-03-23T10:42:32.990+0800: 0.757: [DefNew: 39064K->4350K(39296K), 0.0041294 secs] 112495K->89494K(126720K), 0.0041899 secs] [Times: user=0.00 sys=0.00, real=0.00 secs] 
2021-03-23T10:42:32.999+0800: 0.766: [GC (Allocation Failure) 2021-03-23T10:42:32.999+0800: 0.766: [DefNew: 38918K->38918K(39296K), 0.0000129 secs]2021-03-23T10:42:32.999+0800: 0.767: [Tenured: 85143K->37137K(87424K), 0.0064170 secs] 124062K->37137K(126720K), [Metaspace: 2837K->2837K(1056768K)], 0.0064964 secs] [Times: user=0.02 sys=0.00, real=0.01 secs] 
2021-03-23T10:42:33.013+0800: 0.780: [GC (Allocation Failure) 2021-03-23T10:42:33.013+0800: 0.780: [DefNew: 34944K->4328K(39296K), 0.0014029 secs] 72081K->45812K(126720K), 0.0014478 secs] [Times: user=0.00 sys=0.00, real=0.00 secs] 
2021-03-23T10:42:33.019+0800: 0.786: [GC (Allocation Failure) 2021-03-23T10:42:33.019+0800: 0.786: [DefNew: 39066K->4350K(39296K), 0.0016403 secs] 80550K->51774K(126720K), 0.0017093 secs] [Times: user=0.00 sys=0.00, real=0.00 secs] 
2021-03-23T10:42:33.025+0800: 0.792: [GC (Allocation Failure) 2021-03-23T10:42:33.025+0800: 0.792: [DefNew: 39294K->4351K(39296K), 0.0022406 secs] 86718K->61257K(126720K), 0.0022903 secs] [Times: user=0.00 sys=0.00, real=0.00 secs] 
2021-03-23T10:42:33.032+0800: 0.799: [GC (Allocation Failure) 2021-03-23T10:42:33.032+0800: 0.799: [DefNew: 39011K->4348K(39296K), 0.0020951 secs] 95917K->69913K(126720K), 0.0021421 secs] [Times: user=0.00 sys=0.00, real=0.00 secs] 
2021-03-23T10:42:33.038+0800: 0.806: [GC (Allocation Failure) 2021-03-23T10:42:33.038+0800: 0.806: [DefNew: 39224K->4346K(39296K), 0.0022423 secs] 104789K->76975K(126720K), 0.0022903 secs] [Times: user=0.00 sys=0.00, real=0.00 secs] 
2021-03-23T10:42:33.045+0800: 0.813: [GC (Allocation Failure) 2021-03-23T10:42:33.045+0800: 0.813: [DefNew: 39290K->4346K(39296K), 0.0023625 secs] 111919K->87484K(126720K), 0.0024120 secs] [Times: user=0.00 sys=0.00, real=0.00 secs] 
2021-03-23T10:42:33.053+0800: 0.820: [GC (Allocation Failure) 2021-03-23T10:42:33.053+0800: 0.820: [DefNew: 39086K->39086K(39296K), 0.0000139 secs]2021-03-23T10:42:33.053+0800: 0.820: [Tenured: 83137K->44409K(87424K), 0.0067116 secs] 122224K->44409K(126720K), [Metaspace: 2837K->2837K(1056768K)], 0.0067973 secs] [Times: user=0.00 sys=0.00, real=0.01 secs] 
2021-03-23T10:42:33.064+0800: 0.831: [GC (Allocation Failure) 2021-03-23T10:42:33.064+0800: 0.831: [DefNew: 34538K->4351K(39296K), 0.0015849 secs] 78947K->53771K(126720K), 0.0016327 secs] [Times: user=0.02 sys=0.00, real=0.00 secs] 
2021-03-23T10:42:33.071+0800: 0.839: [GC (Allocation Failure) 2021-03-23T10:42:33.071+0800: 0.839: [DefNew: 39164K->4331K(39296K), 0.0022384 secs] 88584K->63222K(126720K), 0.0023235 secs] [Times: user=0.00 sys=0.00, real=0.00 secs] 
2021-03-23T10:42:33.078+0800: 0.846: [GC (Allocation Failure) 2021-03-23T10:42:33.078+0800: 0.846: [DefNew: 39253K->4346K(39296K), 0.0022483 secs] 98144K->72332K(126720K), 0.0022985 secs] [Times: user=0.00 sys=0.00, real=0.00 secs] 
2021-03-23T10:42:33.085+0800: 0.853: [GC (Allocation Failure) 2021-03-23T10:42:33.085+0800: 0.853: [DefNew: 39127K->4347K(39296K), 0.0023636 secs] 107113K->83193K(126720K), 0.0024133 secs] [Times: user=0.00 sys=0.00, real=0.00 secs] 
2021-03-23T10:42:33.093+0800: 0.861: [GC (Allocation Failure) 2021-03-23T10:42:33.093+0800: 0.861: [DefNew: 39189K->39189K(39296K), 0.0000260 secs]2021-03-23T10:42:33.093+0800: 0.861: [Tenured: 78846K->40820K(87424K), 0.0083708 secs] 118036K->40820K(126720K), [Metaspace: 2837K->2837K(1056768K)], 0.0084901 secs] [Times: user=0.02 sys=0.00, real=0.01 secs] 
2021-03-23T10:42:33.107+0800: 0.875: [GC (Allocation Failure) 2021-03-23T10:42:33.107+0800: 0.875: [DefNew: 34507K->4345K(39296K), 0.0021620 secs] 75327K->53342K(126720K), 0.0022630 secs] [Times: user=0.00 sys=0.00, real=0.00 secs] 
2021-03-23T10:42:33.114+0800: 0.882: [GC (Allocation Failure) 2021-03-23T10:42:33.114+0800: 0.882: [DefNew: 39289K->4343K(39296K), 0.0027477 secs] 88286K->65805K(126720K), 0.0028036 secs] [Times: user=0.00 sys=0.00, real=0.00 secs] 
2021-03-23T10:42:33.121+0800: 0.890: [GC (Allocation Failure) 2021-03-23T10:42:33.121+0800: 0.890: [DefNew: 39287K->4349K(39296K), 0.0027634 secs] 100749K->77249K(126720K), 0.0028122 secs] [Times: user=0.00 sys=0.00, real=0.00 secs] 
2021-03-23T10:42:33.130+0800: 0.898: [GC (Allocation Failure) 2021-03-23T10:42:33.130+0800: 0.898: [DefNew: 39293K->39293K(39296K), 0.0000130 secs]2021-03-23T10:42:33.130+0800: 0.898: [Tenured: 72900K->46008K(87424K), 0.0097667 secs] 112193K->46008K(126720K), [Metaspace: 2837K->2837K(1056768K)], 0.0098495 secs] [Times: user=0.00 sys=0.00, real=0.01 secs] 
2021-03-23T10:42:33.146+0800: 0.914: [GC (Allocation Failure) 2021-03-23T10:42:33.146+0800: 0.914: [DefNew: 34860K->4349K(39296K), 0.0028068 secs] 80869K->57378K(126720K), 0.0028719 secs] [Times: user=0.00 sys=0.00, real=0.00 secs] 
2021-03-23T10:42:33.156+0800: 0.924: [GC (Allocation Failure) 2021-03-23T10:42:33.156+0800: 0.924: [DefNew: 39033K->4324K(39296K), 0.0027598 secs] 92061K->64928K(126720K), 0.0028173 secs] [Times: user=0.02 sys=0.00, real=0.00 secs] 
2021-03-23T10:42:33.165+0800: 0.933: [GC (Allocation Failure) 2021-03-23T10:42:33.165+0800: 0.933: [DefNew: 39268K->4351K(39296K), 0.0024653 secs] 99872K->73766K(126720K), 0.0025124 secs] [Times: user=0.00 sys=0.00, real=0.00 secs] 
2021-03-23T10:42:33.174+0800: 0.942: [GC (Allocation Failure) 2021-03-23T10:42:33.174+0800: 0.942: [DefNew: 39295K->4342K(39296K), 0.0024225 secs] 108710K->83872K(126720K), 0.0024708 secs] [Times: user=0.01 sys=0.00, real=0.00 secs] 
2021-03-23T10:42:33.182+0800: 0.950: [GC (Allocation Failure) 2021-03-23T10:42:33.182+0800: 0.950: [DefNew: 39211K->39211K(39296K), 0.0000110 secs]2021-03-23T10:42:33.182+0800: 0.950: [Tenured: 79529K->38574K(87424K), 0.0068820 secs] 118741K->38574K(126720K), [Metaspace: 2837K->2837K(1056768K)], 0.0069503 secs] [Times: user=0.00 sys=0.00, real=0.01 secs] 
2021-03-23T10:42:33.194+0800: 0.962: [GC (Allocation Failure) 2021-03-23T10:42:33.194+0800: 0.962: [DefNew: 34495K->4319K(39296K), 0.0023077 secs] 73069K->47418K(126720K), 0.0023634 secs] [Times: user=0.00 sys=0.00, real=0.00 secs] 
2021-03-23T10:42:33.201+0800: 0.969: [GC (Allocation Failure) 2021-03-23T10:42:33.201+0800: 0.969: [DefNew: 39071K->4351K(39296K), 0.0024533 secs] 82170K->57051K(126720K), 0.0025076 secs] [Times: user=0.00 sys=0.00, real=0.00 secs] 
2021-03-23T10:42:33.208+0800: 0.976: [GC (Allocation Failure) 2021-03-23T10:42:33.208+0800: 0.976: [DefNew: 39159K->4351K(39296K), 0.0038277 secs] 91859K->67661K(126720K), 0.0038797 secs] [Times: user=0.00 sys=0.00, real=0.00 secs] 
2021-03-23T10:42:33.217+0800: 0.985: [GC (Allocation Failure) 2021-03-23T10:42:33.217+0800: 0.985: [DefNew: 39080K->4346K(39296K), 0.0022314 secs] 102390K->77819K(126720K), 0.0022797 secs] [Times: user=0.00 sys=0.00, real=0.00 secs] 
2021-03-23T10:42:33.224+0800: 0.992: [GC (Allocation Failure) 2021-03-23T10:42:33.224+0800: 0.992: [DefNew: 39273K->39273K(39296K), 0.0000124 secs]2021-03-23T10:42:33.224+0800: 0.992: [Tenured: 73472K->42766K(87424K), 0.0063985 secs] 112746K->42766K(126720K), [Metaspace: 2837K->2837K(1056768K)], 0.0064720 secs] [Times: user=0.00 sys=0.00, real=0.01 secs] 
2021-03-23T10:42:33.234+0800: 1.002: [GC (Allocation Failure) 2021-03-23T10:42:33.234+0800: 1.002: [DefNew: 34944K->4350K(39296K), 0.0020868 secs] 77710K->55344K(126720K), 0.0021312 secs] [Times: user=0.00 sys=0.00, real=0.00 secs] 
2021-03-23T10:42:33.241+0800: 1.009: [GC (Allocation Failure) 2021-03-23T10:42:33.241+0800: 1.009: [DefNew: 39216K->4347K(39296K), 0.0024970 secs] 90210K->66607K(126720K), 0.0025429 secs] [Times: user=0.00 sys=0.00, real=0.00 secs] 
2021-03-23T10:42:33.248+0800: 1.016: [GC (Allocation Failure) 2021-03-23T10:42:33.248+0800: 1.016: [DefNew: 39146K->4350K(39296K), 0.0019678 secs] 101406K->74266K(126720K), 0.0020068 secs] [Times: user=0.00 sys=0.00, real=0.00 secs] 
2021-03-23T10:42:33.255+0800: 1.023: [GC (Allocation Failure) 2021-03-23T10:42:33.255+0800: 1.023: [DefNew: 39259K->4336K(39296K), 0.0021891 secs] 109175K->83300K(126720K), 0.0022364 secs] [Times: user=0.00 sys=0.00, real=0.00 secs] 
2021-03-23T10:42:33.263+0800: 1.031: [GC (Allocation Failure) 2021-03-23T10:42:33.263+0800: 1.031: [DefNew: 38829K->38829K(39296K), 0.0000432 secs]2021-03-23T10:42:33.264+0800: 1.031: [Tenured: 78964K->36682K(87424K), 0.0081912 secs] 117794K->36682K(126720K), [Metaspace: 2837K->2837K(1056768K)], 0.0083193 secs] [Times: user=0.01 sys=0.00, real=0.01 secs] 
2021-03-23T10:42:33.277+0800: 1.045: [GC (Allocation Failure) 2021-03-23T10:42:33.277+0800: 1.045: [DefNew: 34727K->4340K(39296K), 0.0022706 secs] 71409K->47400K(126720K), 0.0023514 secs] [Times: user=0.00 sys=0.00, real=0.00 secs] 
2021-03-23T10:42:33.285+0800: 1.053: [GC (Allocation Failure) 2021-03-23T10:42:33.285+0800: 1.053: [DefNew: 39213K->4345K(39296K), 0.0025601 secs] 82273K->56069K(126720K), 0.0026333 secs] [Times: user=0.00 sys=0.00, real=0.00 secs] 
2021-03-23T10:42:33.293+0800: 1.061: [GC (Allocation Failure) 2021-03-23T10:42:33.293+0800: 1.061: [DefNew: 38971K->4343K(39296K), 0.0023562 secs] 90695K->66403K(126720K), 0.0024069 secs] [Times: user=0.00 sys=0.00, real=0.00 secs] 
2021-03-23T10:42:33.300+0800: 1.068: [GC (Allocation Failure) 2021-03-23T10:42:33.300+0800: 1.068: [DefNew: 39223K->4349K(39296K), 0.0021623 secs] 101283K->75492K(126720K), 0.0022403 secs] [Times: user=0.00 sys=0.00, real=0.00 secs] 
2021-03-23T10:42:33.308+0800: 1.076: [GC (Allocation Failure) 2021-03-23T10:42:33.308+0800: 1.076: [DefNew: 39215K->4351K(39296K), 0.0023049 secs] 110358K->82793K(126720K), 0.0023585 secs] [Times: user=0.00 sys=0.00, real=0.00 secs] 
2021-03-23T10:42:33.318+0800: 1.086: [GC (Allocation Failure) 2021-03-23T10:42:33.318+0800: 1.086: [DefNew: 39295K->39295K(39296K), 0.0000131 secs]2021-03-23T10:42:33.318+0800: 1.086: [Tenured: 78442K->34068K(87424K), 0.0072644 secs] 117737K->34068K(126720K), [Metaspace: 2837K->2837K(1056768K)], 0.0073455 secs] [Times: user=0.00 sys=0.00, real=0.01 secs] 
Heap
 def new generation   total 39296K, used 20321K [0x00000000f8000000, 0x00000000faaa0000, 0x00000000faaa0000)
  eden space 34944K,  58% used [0x00000000f8000000, 0x00000000f93d8540, 0x00000000fa220000)
  from space 4352K,   0% used [0x00000000fa220000, 0x00000000fa220000, 0x00000000fa660000)
  to   space 4352K,   0% used [0x00000000fa660000, 0x00000000fa660000, 0x00000000faaa0000)
 tenured generation   total 87424K, used 34068K [0x00000000faaa0000, 0x0000000100000000, 0x0000000100000000)
   the space 87424K,  38% used [0x00000000faaa0000, 0x00000000fcbe5218, 0x00000000fcbe5400, 0x0000000100000000)
 Metaspace       used 2843K, capacity 4486K, committed 4864K, reserved 1056768K
  class space    used 307K, capacity 386K, committed 512K, reserved 1048576K
