Java HotSpot(TM) 64-Bit Server VM (25.171-b11) for windows-amd64 JRE (1.8.0_171-b11), built on Mar 28 2018 16:06:12 by "java_re" with MS VC++ 10.0 (VS2010)
Memory: 4k page, physical 12484812k(4043232k free), swap 22058784k(6389024k free)
CommandLine flags: -XX:InitialHeapSize=134217728 -XX:MaxHeapSize=134217728 -XX:MaxNewSize=44740608 -XX:MaxTenuringThreshold=6 -XX:NewSize=44740608 -XX:OldPLABSize=16 -XX:OldSize=89477120 -XX:+PrintGC -XX:+PrintGCDateStamps -XX:+PrintGCDetails -XX:+PrintGCTimeStamps -XX:+UseCompressedClassPointers -XX:+UseCompressedOops -XX:+UseConcMarkSweepGC -XX:-UseLargePagesIndividualAllocation -XX:+UseParNewGC 
2021-03-23T14:31:21.160+0800: 0.138: [GC (Allocation Failure) 2021-03-23T14:31:21.161+0800: 0.139: [ParNew: 34894K->4339K(39296K), 0.0034038 secs] 34894K->10668K(126720K), 0.0036408 secs] [Times: user=0.00 sys=0.00, real=0.00 secs] 
2021-03-23T14:31:21.175+0800: 0.153: [GC (Allocation Failure) 2021-03-23T14:31:21.175+0800: 0.153: [ParNew: 39157K->4352K(39296K), 0.0049257 secs] 45485K->20546K(126720K), 0.0049833 secs] [Times: user=0.00 sys=0.00, real=0.01 secs] 
2021-03-23T14:31:21.186+0800: 0.164: [GC (Allocation Failure) 2021-03-23T14:31:21.187+0800: 0.164: [ParNew: 38662K->4342K(39296K), 0.0058181 secs] 54856K->33119K(126720K), 0.0058807 secs] [Times: user=0.05 sys=0.02, real=0.01 secs] 
2021-03-23T14:31:21.199+0800: 0.177: [GC (Allocation Failure) 2021-03-23T14:31:21.199+0800: 0.177: [ParNew: 39286K->4341K(39296K), 0.0043929 secs] 68063K->42522K(126720K), 0.0044517 secs] [Times: user=0.00 sys=0.00, real=0.01 secs] 
2021-03-23T14:31:21.211+0800: 0.189: [GC (Allocation Failure) 2021-03-23T14:31:21.211+0800: 0.189: [ParNew: 39184K->4338K(39296K), 0.0042315 secs] 77365K->51549K(126720K), 0.0042876 secs] [Times: user=0.00 sys=0.00, real=0.00 secs] 
2021-03-23T14:31:21.244+0800: 0.221: [GC (CMS Initial Mark) [1 CMS-initial-mark: 47211K(87424K)] 51722K(126720K), 0.0003286 secs] [Times: user=0.00 sys=0.00, real=0.00 secs] 
2021-03-23T14:31:21.244+0800: 0.222: [CMS-concurrent-mark-start]
2021-03-23T14:31:21.248+0800: 0.225: [CMS-concurrent-mark: 0.003/0.003 secs] [Times: user=0.00 sys=0.00, real=0.00 secs] 
2021-03-23T14:31:21.248+0800: 0.225: [CMS-concurrent-preclean-start]
2021-03-23T14:31:21.248+0800: 0.226: [CMS-concurrent-preclean: 0.000/0.000 secs] [Times: user=0.00 sys=0.00, real=0.00 secs] 
2021-03-23T14:31:21.248+0800: 0.226: [CMS-concurrent-abortable-preclean-start]
2021-03-23T14:31:21.259+0800: 0.237: [GC (Allocation Failure) 2021-03-23T14:31:21.259+0800: 0.237: [ParNew: 39264K->4342K(39296K), 0.0123586 secs] 86475K->59869K(126720K), 0.0124914 secs] [Times: user=0.03 sys=0.03, real=0.01 secs] 
2021-03-23T14:31:21.285+0800: 0.262: [GC (Allocation Failure) 2021-03-23T14:31:21.285+0800: 0.262: [ParNew: 39286K->4343K(39296K), 0.0070138 secs] 94813K->68494K(126720K), 0.0071043 secs] [Times: user=0.00 sys=0.00, real=0.01 secs] 
2021-03-23T14:31:21.298+0800: 0.276: [GC (Allocation Failure) 2021-03-23T14:31:21.298+0800: 0.276: [ParNew: 39099K->4338K(39296K), 0.0044821 secs] 103250K->77201K(126720K), 0.0045460 secs] [Times: user=0.03 sys=0.02, real=0.00 secs] 
2021-03-23T14:31:21.307+0800: 0.285: [GC (Allocation Failure) 2021-03-23T14:31:21.307+0800: 0.285: [ParNew: 39067K->4302K(39296K), 0.0029838 secs] 111930K->82761K(126720K), 0.0030404 secs] [Times: user=0.00 sys=0.00, real=0.00 secs] 
2021-03-23T14:31:21.316+0800: 0.293: [GC (Allocation Failure) 2021-03-23T14:31:21.316+0800: 0.293: [ParNew: 39194K->39194K(39296K), 0.0000172 secs]2021-03-23T14:31:21.316+0800: 0.293: [CMS2021-03-23T14:31:21.316+0800: 0.293: [CMS-concurrent-abortable-preclean: 0.002/0.067 secs] [Times: user=0.11 sys=0.05, real=0.07 secs] 
 (concurrent mode failure): 78458K->32292K(87424K), 0.0065141 secs] 117653K->32292K(126720K), [Metaspace: 2837K->2837K(1056768K)], 0.0066256 secs] [Times: user=0.00 sys=0.00, real=0.01 secs] 
2021-03-23T14:31:21.327+0800: 0.305: [GC (Allocation Failure) 2021-03-23T14:31:21.327+0800: 0.305: [ParNew: 34891K->4336K(39296K), 0.0015576 secs] 67184K->40776K(126720K), 0.0016057 secs] [Times: user=0.00 sys=0.00, real=0.00 secs] 
2021-03-23T14:31:21.334+0800: 0.312: [GC (Allocation Failure) 2021-03-23T14:31:21.334+0800: 0.312: [ParNew: 39033K->4348K(39296K), 0.0025846 secs] 75473K->49869K(126720K), 0.0026944 secs] [Times: user=0.00 sys=0.00, real=0.00 secs] 
2021-03-23T14:31:21.337+0800: 0.315: [GC (CMS Initial Mark) [1 CMS-initial-mark: 45521K(87424K)] 50405K(126720K), 0.0001078 secs] [Times: user=0.00 sys=0.00, real=0.00 secs] 
2021-03-23T14:31:21.337+0800: 0.315: [CMS-concurrent-mark-start]
2021-03-23T14:31:21.338+0800: 0.316: [CMS-concurrent-mark: 0.001/0.001 secs] [Times: user=0.00 sys=0.00, real=0.00 secs] 
2021-03-23T14:31:21.338+0800: 0.316: [CMS-concurrent-preclean-start]
2021-03-23T14:31:21.338+0800: 0.316: [CMS-concurrent-preclean: 0.000/0.000 secs] [Times: user=0.00 sys=0.00, real=0.00 secs] 
2021-03-23T14:31:21.338+0800: 0.316: [CMS-concurrent-abortable-preclean-start]
2021-03-23T14:31:21.342+0800: 0.320: [GC (Allocation Failure) 2021-03-23T14:31:21.342+0800: 0.320: [ParNew: 39292K->4341K(39296K), 0.0024154 secs] 84813K->59864K(126720K), 0.0024706 secs] [Times: user=0.00 sys=0.00, real=0.00 secs] 
2021-03-23T14:31:21.350+0800: 0.327: [GC (Allocation Failure) 2021-03-23T14:31:21.350+0800: 0.327: [ParNew: 39275K->4349K(39296K), 0.0024350 secs] 94798K->69871K(126720K), 0.0024899 secs] [Times: user=0.00 sys=0.00, real=0.00 secs] 
2021-03-23T14:31:21.358+0800: 0.335: [GC (Allocation Failure) 2021-03-23T14:31:21.358+0800: 0.335: [ParNew: 39293K->4350K(39296K), 0.0022843 secs] 104815K->79194K(126720K), 0.0023523 secs] [Times: user=0.00 sys=0.00, real=0.00 secs] 
2021-03-23T14:31:21.365+0800: 0.343: [GC (Allocation Failure) 2021-03-23T14:31:21.365+0800: 0.343: [ParNew: 39294K->4351K(39296K), 0.0037157 secs] 114138K->89225K(126720K), 0.0037736 secs] [Times: user=0.00 sys=0.00, real=0.00 secs] 
2021-03-23T14:31:21.369+0800: 0.346: [CMS-concurrent-abortable-preclean: 0.001/0.031 secs] [Times: user=0.03 sys=0.00, real=0.03 secs] 
2021-03-23T14:31:21.369+0800: 0.347: [GC (CMS Final Remark) [YG occupancy: 4639 K (39296 K)]2021-03-23T14:31:21.369+0800: 0.347: [Rescan (parallel) , 0.0000964 secs]2021-03-23T14:31:21.369+0800: 0.347: [weak refs processing, 0.0000074 secs]2021-03-23T14:31:21.369+0800: 0.347: [class unloading, 0.0002544 secs]2021-03-23T14:31:21.370+0800: 0.347: [scrub symbol table, 0.0003082 secs]2021-03-23T14:31:21.370+0800: 0.347: [scrub string table, 0.0000816 secs][1 CMS-remark: 84874K(87424K)] 89513K(126720K), 0.0007936 secs] [Times: user=0.00 sys=0.00, real=0.00 secs] 
2021-03-23T14:31:21.370+0800: 0.347: [CMS-concurrent-sweep-start]
2021-03-23T14:31:21.370+0800: 0.348: [CMS-concurrent-sweep: 0.000/0.000 secs] [Times: user=0.00 sys=0.00, real=0.00 secs] 
2021-03-23T14:31:21.370+0800: 0.348: [CMS-concurrent-reset-start]
2021-03-23T14:31:21.370+0800: 0.348: [CMS-concurrent-reset: 0.000/0.000 secs] [Times: user=0.00 sys=0.00, real=0.00 secs] 
2021-03-23T14:31:21.374+0800: 0.352: [GC (Allocation Failure) 2021-03-23T14:31:21.375+0800: 0.352: [ParNew: 38766K->4344K(39296K), 0.0022868 secs] 110061K->84727K(126720K), 0.0023788 secs] [Times: user=0.00 sys=0.00, real=0.00 secs] 
2021-03-23T14:31:21.377+0800: 0.354: [GC (CMS Initial Mark) [1 CMS-initial-mark: 80382K(87424K)] 85356K(126720K), 0.0001736 secs] [Times: user=0.00 sys=0.00, real=0.00 secs] 
2021-03-23T14:31:21.377+0800: 0.355: [CMS-concurrent-mark-start]
2021-03-23T14:31:21.378+0800: 0.355: [CMS-concurrent-mark: 0.001/0.001 secs] [Times: user=0.00 sys=0.00, real=0.00 secs] 
2021-03-23T14:31:21.378+0800: 0.355: [CMS-concurrent-preclean-start]
2021-03-23T14:31:21.378+0800: 0.355: [CMS-concurrent-preclean: 0.000/0.000 secs] [Times: user=0.00 sys=0.00, real=0.00 secs] 
2021-03-23T14:31:21.378+0800: 0.355: [CMS-concurrent-abortable-preclean-start]
2021-03-23T14:31:21.378+0800: 0.355: [CMS-concurrent-abortable-preclean: 0.000/0.000 secs] [Times: user=0.00 sys=0.00, real=0.00 secs] 
2021-03-23T14:31:21.378+0800: 0.356: [GC (CMS Final Remark) [YG occupancy: 11352 K (39296 K)]2021-03-23T14:31:21.378+0800: 0.356: [Rescan (parallel) , 0.0001789 secs]2021-03-23T14:31:21.378+0800: 0.356: [weak refs processing, 0.0000093 secs]2021-03-23T14:31:21.378+0800: 0.356: [class unloading, 0.0002625 secs]2021-03-23T14:31:21.379+0800: 0.356: [scrub symbol table, 0.0002976 secs]2021-03-23T14:31:21.379+0800: 0.356: [scrub string table, 0.0000837 secs][1 CMS-remark: 80382K(87424K)] 91735K(126720K), 0.0008786 secs] [Times: user=0.01 sys=0.00, real=0.00 secs] 
2021-03-23T14:31:21.379+0800: 0.357: [CMS-concurrent-sweep-start]
2021-03-23T14:31:21.379+0800: 0.357: [CMS-concurrent-sweep: 0.000/0.000 secs] [Times: user=0.00 sys=0.00, real=0.00 secs] 
2021-03-23T14:31:21.379+0800: 0.357: [CMS-concurrent-reset-start]
2021-03-23T14:31:21.380+0800: 0.357: [CMS-concurrent-reset: 0.000/0.000 secs] [Times: user=0.00 sys=0.00, real=0.00 secs] 
2021-03-23T14:31:21.384+0800: 0.361: [GC (Allocation Failure) 2021-03-23T14:31:21.384+0800: 0.361: [ParNew: 39221K->4346K(39296K), 0.0021626 secs] 74326K->48439K(126720K), 0.0022282 secs] [Times: user=0.00 sys=0.00, real=0.00 secs] 
2021-03-23T14:31:21.391+0800: 0.369: [GC (Allocation Failure) 2021-03-23T14:31:21.391+0800: 0.369: [ParNew: 39192K->4350K(39296K), 0.0024647 secs] 83285K->57969K(126720K), 0.0025239 secs] [Times: user=0.00 sys=0.00, real=0.00 secs] 
2021-03-23T14:31:21.394+0800: 0.371: [GC (CMS Initial Mark) [1 CMS-initial-mark: 53619K(87424K)] 58121K(126720K), 0.0000910 secs] [Times: user=0.00 sys=0.00, real=0.00 secs] 
2021-03-23T14:31:21.394+0800: 0.371: [CMS-concurrent-mark-start]
2021-03-23T14:31:21.395+0800: 0.372: [CMS-concurrent-mark: 0.001/0.001 secs] [Times: user=0.03 sys=0.00, real=0.00 secs] 
2021-03-23T14:31:21.395+0800: 0.372: [CMS-concurrent-preclean-start]
2021-03-23T14:31:21.395+0800: 0.373: [CMS-concurrent-preclean: 0.000/0.000 secs] [Times: user=0.00 sys=0.00, real=0.00 secs] 
2021-03-23T14:31:21.395+0800: 0.373: [CMS-concurrent-abortable-preclean-start]
2021-03-23T14:31:21.399+0800: 0.377: [GC (Allocation Failure) 2021-03-23T14:31:21.399+0800: 0.377: [ParNew: 38837K->4348K(39296K), 0.0023725 secs] 92456K->67601K(126720K), 0.0024297 secs] [Times: user=0.00 sys=0.00, real=0.00 secs] 
2021-03-23T14:31:21.407+0800: 0.385: [GC (Allocation Failure) 2021-03-23T14:31:21.407+0800: 0.385: [ParNew: 39292K->4249K(39296K), 0.0018212 secs] 102545K->73076K(126720K), 0.0018869 secs] [Times: user=0.00 sys=0.00, real=0.00 secs] 
2021-03-23T14:31:21.415+0800: 0.392: [GC (Allocation Failure) 2021-03-23T14:31:21.415+0800: 0.392: [ParNew: 38924K->4345K(39296K), 0.0027617 secs] 107751K->83605K(126720K), 0.0028291 secs] [Times: user=0.00 sys=0.00, real=0.00 secs] 
2021-03-23T14:31:21.422+0800: 0.400: [GC (Allocation Failure) 2021-03-23T14:31:21.422+0800: 0.400: [ParNew: 39048K->39048K(39296K), 0.0000160 secs]2021-03-23T14:31:21.422+0800: 0.400: [CMS2021-03-23T14:31:21.422+0800: 0.400: [CMS-concurrent-abortable-preclean: 0.001/0.027 secs] [Times: user=0.02 sys=0.00, real=0.03 secs] 
 (concurrent mode failure): 79259K->33331K(87424K), 0.0072456 secs] 118308K->33331K(126720K), [Metaspace: 2837K->2837K(1056768K)], 0.0073263 secs] [Times: user=0.02 sys=0.00, real=0.01 secs] 
2021-03-23T14:31:21.433+0800: 0.412: [GC (Allocation Failure) 2021-03-23T14:31:21.433+0800: 0.412: [ParNew: 34930K->4347K(39296K), 0.0021811 secs] 68262K->46455K(126720K), 0.0022533 secs] [Times: user=0.00 sys=0.00, real=0.00 secs] 
2021-03-23T14:31:21.440+0800: 0.418: [GC (Allocation Failure) 2021-03-23T14:31:21.440+0800: 0.418: [ParNew: 39201K->4351K(39296K), 0.0028108 secs] 81309K->55920K(126720K), 0.0028652 secs] [Times: user=0.06 sys=0.00, real=0.00 secs] 
2021-03-23T14:31:21.443+0800: 0.421: [GC (CMS Initial Mark) [1 CMS-initial-mark: 51569K(87424K)] 56165K(126720K), 0.0000853 secs] [Times: user=0.00 sys=0.00, real=0.00 secs] 
2021-03-23T14:31:21.443+0800: 0.422: [CMS-concurrent-mark-start]
2021-03-23T14:31:21.444+0800: 0.422: [CMS-concurrent-mark: 0.001/0.001 secs] [Times: user=0.00 sys=0.00, real=0.00 secs] 
2021-03-23T14:31:21.444+0800: 0.422: [CMS-concurrent-preclean-start]
2021-03-23T14:31:21.444+0800: 0.422: [CMS-concurrent-preclean: 0.000/0.000 secs] [Times: user=0.00 sys=0.00, real=0.00 secs] 
2021-03-23T14:31:21.444+0800: 0.422: [CMS-concurrent-abortable-preclean-start]
2021-03-23T14:31:21.448+0800: 0.426: [GC (Allocation Failure) 2021-03-23T14:31:21.448+0800: 0.426: [ParNew: 39295K->4345K(39296K), 0.0026551 secs] 90864K->66608K(126720K), 0.0027161 secs] [Times: user=0.00 sys=0.00, real=0.00 secs] 
2021-03-23T14:31:21.457+0800: 0.435: [GC (Allocation Failure) 2021-03-23T14:31:21.457+0800: 0.435: [ParNew: 39190K->4350K(39296K), 0.0027958 secs] 101453K->76266K(126720K), 0.0028651 secs] [Times: user=0.00 sys=0.00, real=0.00 secs] 
2021-03-23T14:31:21.466+0800: 0.444: [GC (Allocation Failure) 2021-03-23T14:31:21.466+0800: 0.444: [ParNew: 38940K->4331K(39296K), 0.0024337 secs] 110857K->83709K(126720K), 0.0025051 secs] [Times: user=0.00 sys=0.00, real=0.00 secs] 
2021-03-23T14:31:21.475+0800: 0.453: [GC (Allocation Failure) 2021-03-23T14:31:21.475+0800: 0.453: [ParNew: 39087K->39087K(39296K), 0.0000154 secs]2021-03-23T14:31:21.475+0800: 0.453: [CMS2021-03-23T14:31:21.475+0800: 0.453: [CMS-concurrent-abortable-preclean: 0.001/0.030 secs] [Times: user=0.03 sys=0.00, real=0.03 secs] 
 (concurrent mode failure): 79377K->39390K(87424K), 0.0084079 secs] 118465K->39390K(126720K), [Metaspace: 2837K->2837K(1056768K)], 0.0084942 secs] [Times: user=0.00 sys=0.00, real=0.01 secs] 
2021-03-23T14:31:21.488+0800: 0.466: [GC (Allocation Failure) 2021-03-23T14:31:21.488+0800: 0.466: [ParNew: 34588K->4349K(39296K), 0.0018411 secs] 73979K->48309K(126720K), 0.0018968 secs] [Times: user=0.00 sys=0.00, real=0.00 secs] 
2021-03-23T14:31:21.498+0800: 0.476: [GC (Allocation Failure) 2021-03-23T14:31:21.498+0800: 0.476: [ParNew: 39293K->4349K(39296K), 0.0024961 secs] 83253K->57046K(126720K), 0.0025717 secs] [Times: user=0.00 sys=0.00, real=0.00 secs] 
2021-03-23T14:31:21.506+0800: 0.484: [GC (Allocation Failure) 2021-03-23T14:31:21.506+0800: 0.484: [ParNew: 39186K->4344K(39296K), 0.0029408 secs] 91883K->68124K(126720K), 0.0030082 secs] [Times: user=0.00 sys=0.00, real=0.00 secs] 
2021-03-23T14:31:21.510+0800: 0.488: [GC (CMS Initial Mark) [1 CMS-initial-mark: 63780K(87424K)] 68583K(126720K), 0.0001543 secs] [Times: user=0.00 sys=0.00, real=0.00 secs] 
2021-03-23T14:31:21.510+0800: 0.488: [CMS-concurrent-mark-start]
2021-03-23T14:31:21.511+0800: 0.489: [CMS-concurrent-mark: 0.001/0.001 secs] [Times: user=0.00 sys=0.00, real=0.00 secs] 
2021-03-23T14:31:21.511+0800: 0.489: [CMS-concurrent-preclean-start]
2021-03-23T14:31:21.511+0800: 0.489: [CMS-concurrent-preclean: 0.000/0.000 secs] [Times: user=0.00 sys=0.00, real=0.00 secs] 
2021-03-23T14:31:21.511+0800: 0.489: [CMS-concurrent-abortable-preclean-start]
2021-03-23T14:31:21.516+0800: 0.494: [GC (Allocation Failure) 2021-03-23T14:31:21.516+0800: 0.494: [ParNew: 39034K->4339K(39296K), 0.0021719 secs] 102814K->76729K(126720K), 0.0022342 secs] [Times: user=0.00 sys=0.00, real=0.00 secs] 
2021-03-23T14:31:21.523+0800: 0.501: [GC (Allocation Failure) 2021-03-23T14:31:21.523+0800: 0.501: [ParNew: 39283K->4350K(39296K), 0.0020975 secs] 111673K->84729K(126720K), 0.0021484 secs] [Times: user=0.00 sys=0.00, real=0.00 secs] 
2021-03-23T14:31:21.530+0800: 0.508: [GC (Allocation Failure) 2021-03-23T14:31:21.530+0800: 0.508: [ParNew: 39223K->39223K(39296K), 0.0000148 secs]2021-03-23T14:31:21.530+0800: 0.508: [CMS2021-03-23T14:31:21.530+0800: 0.508: [CMS-concurrent-abortable-preclean: 0.000/0.019 secs] [Times: user=0.02 sys=0.00, real=0.02 secs] 
 (concurrent mode failure): 80379K->37950K(87424K), 0.0068611 secs] 119603K->37950K(126720K), [Metaspace: 2837K->2837K(1056768K)], 0.0069450 secs] [Times: user=0.01 sys=0.00, real=0.01 secs] 
2021-03-23T14:31:21.542+0800: 0.520: [GC (Allocation Failure) 2021-03-23T14:31:21.542+0800: 0.520: [ParNew: 34935K->4340K(39296K), 0.0020963 secs] 72886K->48399K(126720K), 0.0021623 secs] [Times: user=0.00 sys=0.00, real=0.00 secs] 
2021-03-23T14:31:21.550+0800: 0.528: [GC (Allocation Failure) 2021-03-23T14:31:21.550+0800: 0.528: [ParNew: 38838K->4351K(39296K), 0.0020850 secs] 82898K->55856K(126720K), 0.0021500 secs] [Times: user=0.00 sys=0.00, real=0.00 secs] 
2021-03-23T14:31:21.558+0800: 0.536: [GC (Allocation Failure) 2021-03-23T14:31:21.558+0800: 0.536: [ParNew: 39020K->4347K(39296K), 0.0021223 secs] 90525K->64078K(126720K), 0.0021767 secs] [Times: user=0.00 sys=0.00, real=0.00 secs] 
2021-03-23T14:31:21.560+0800: 0.538: [GC (CMS Initial Mark) [1 CMS-initial-mark: 59730K(87424K)] 64394K(126720K), 0.0001252 secs] [Times: user=0.00 sys=0.00, real=0.00 secs] 
2021-03-23T14:31:21.560+0800: 0.538: [CMS-concurrent-mark-start]
2021-03-23T14:31:21.561+0800: 0.539: [CMS-concurrent-mark: 0.001/0.001 secs] [Times: user=0.00 sys=0.00, real=0.00 secs] 
2021-03-23T14:31:21.561+0800: 0.539: [CMS-concurrent-preclean-start]
2021-03-23T14:31:21.561+0800: 0.539: [CMS-concurrent-preclean: 0.000/0.000 secs] [Times: user=0.00 sys=0.00, real=0.00 secs] 
2021-03-23T14:31:21.561+0800: 0.539: [CMS-concurrent-abortable-preclean-start]
2021-03-23T14:31:21.565+0800: 0.543: [GC (Allocation Failure) 2021-03-23T14:31:21.565+0800: 0.543: [ParNew: 38880K->4350K(39296K), 0.0018983 secs] 98611K->69985K(126720K), 0.0019542 secs] [Times: user=0.06 sys=0.00, real=0.00 secs] 
2021-03-23T14:31:21.572+0800: 0.550: [GC (Allocation Failure) 2021-03-23T14:31:21.572+0800: 0.550: [ParNew: 39278K->4329K(39296K), 0.0018899 secs] 104913K->76951K(126720K), 0.0019560 secs] [Times: user=0.00 sys=0.00, real=0.00 secs] 
2021-03-23T14:31:21.581+0800: 0.559: [GC (Allocation Failure) 2021-03-23T14:31:21.581+0800: 0.559: [ParNew: 39273K->4341K(39296K), 0.0025054 secs] 111895K->87035K(126720K), 0.0025877 secs] [Times: user=0.06 sys=0.00, real=0.00 secs] 
2021-03-23T14:31:21.589+0800: 0.567: [GC (Allocation Failure) 2021-03-23T14:31:21.589+0800: 0.567: [ParNew: 39285K->39285K(39296K), 0.0000150 secs]2021-03-23T14:31:21.589+0800: 0.567: [CMS2021-03-23T14:31:21.589+0800: 0.567: [CMS-concurrent-abortable-preclean: 0.001/0.028 secs] [Times: user=0.13 sys=0.00, real=0.03 secs] 
 (concurrent mode failure): 82693K->31526K(87424K), 0.0060919 secs] 121979K->31526K(126720K), [Metaspace: 2837K->2837K(1056768K)], 0.0061747 secs] [Times: user=0.00 sys=0.00, real=0.01 secs] 
2021-03-23T14:31:21.600+0800: 0.577: [GC (Allocation Failure) 2021-03-23T14:31:21.600+0800: 0.577: [ParNew: 34879K->4351K(39296K), 0.0018449 secs] 66406K->41629K(126720K), 0.0019188 secs] [Times: user=0.00 sys=0.00, real=0.00 secs] 
2021-03-23T14:31:21.607+0800: 0.585: [GC (Allocation Failure) 2021-03-23T14:31:21.607+0800: 0.585: [ParNew: 39142K->4350K(39296K), 0.0020825 secs] 76420K->49366K(126720K), 0.0021479 secs] [Times: user=0.00 sys=0.00, real=0.00 secs] 
2021-03-23T14:31:21.614+0800: 0.592: [GC (Allocation Failure) 2021-03-23T14:31:21.614+0800: 0.592: [ParNew: 39261K->4347K(39296K), 0.0023718 secs] 84276K->59205K(126720K), 0.0024261 secs] [Times: user=0.00 sys=0.00, real=0.00 secs] 
2021-03-23T14:31:21.616+0800: 0.594: [GC (CMS Initial Mark) [1 CMS-initial-mark: 54857K(87424K)] 59402K(126720K), 0.0001105 secs] [Times: user=0.00 sys=0.00, real=0.00 secs] 
2021-03-23T14:31:21.616+0800: 0.594: [CMS-concurrent-mark-start]
2021-03-23T14:31:21.617+0800: 0.595: [CMS-concurrent-mark: 0.001/0.001 secs] [Times: user=0.00 sys=0.00, real=0.00 secs] 
2021-03-23T14:31:21.617+0800: 0.595: [CMS-concurrent-preclean-start]
2021-03-23T14:31:21.617+0800: 0.595: [CMS-concurrent-preclean: 0.000/0.000 secs] [Times: user=0.00 sys=0.00, real=0.00 secs] 
2021-03-23T14:31:21.618+0800: 0.595: [CMS-concurrent-abortable-preclean-start]
2021-03-23T14:31:21.621+0800: 0.599: [GC (Allocation Failure) 2021-03-23T14:31:21.621+0800: 0.599: [ParNew: 39055K->4350K(39296K), 0.0024281 secs] 93912K->68619K(126720K), 0.0024840 secs] [Times: user=0.00 sys=0.00, real=0.00 secs] 
2021-03-23T14:31:21.629+0800: 0.607: [GC (Allocation Failure) 2021-03-23T14:31:21.629+0800: 0.607: [ParNew: 39294K->4350K(39296K), 0.0022670 secs] 103563K->78053K(126720K), 0.0023251 secs] [Times: user=0.00 sys=0.00, real=0.00 secs] 
2021-03-23T14:31:21.636+0800: 0.614: [GC (Allocation Failure) 2021-03-23T14:31:21.636+0800: 0.614: [ParNew: 39294K->4350K(39296K), 0.0020767 secs] 112997K->85963K(126720K), 0.0021439 secs] [Times: user=0.00 sys=0.00, real=0.00 secs] 
2021-03-23T14:31:21.644+0800: 0.621: [GC (Allocation Failure) 2021-03-23T14:31:21.644+0800: 0.621: [ParNew: 39240K->39240K(39296K), 0.0000153 secs]2021-03-23T14:31:21.644+0800: 0.621: [CMS2021-03-23T14:31:21.644+0800: 0.621: [CMS-concurrent-abortable-preclean: 0.001/0.026 secs] [Times: user=0.03 sys=0.00, real=0.03 secs] 
 (concurrent mode failure): 81613K->36485K(87424K), 0.0071132 secs] 120854K->36485K(126720K), [Metaspace: 2837K->2837K(1056768K)], 0.0071948 secs] [Times: user=0.00 sys=0.00, real=0.01 secs] 
2021-03-23T14:31:21.655+0800: 0.633: [GC (Allocation Failure) 2021-03-23T14:31:21.656+0800: 0.633: [ParNew: 34709K->4344K(39296K), 0.0018661 secs] 71194K->47533K(126720K), 0.0019295 secs] [Times: user=0.00 sys=0.00, real=0.00 secs] 
2021-03-23T14:31:21.664+0800: 0.642: [GC (Allocation Failure) 2021-03-23T14:31:21.664+0800: 0.642: [ParNew: 39288K->4347K(39296K), 0.0023518 secs] 82477K->56847K(126720K), 0.0024216 secs] [Times: user=0.00 sys=0.00, real=0.00 secs] 
2021-03-23T14:31:21.667+0800: 0.644: [GC (CMS Initial Mark) [1 CMS-initial-mark: 52500K(87424K)] 56991K(126720K), 0.0001195 secs] [Times: user=0.00 sys=0.00, real=0.00 secs] 
2021-03-23T14:31:21.667+0800: 0.644: [CMS-concurrent-mark-start]
2021-03-23T14:31:21.668+0800: 0.645: [CMS-concurrent-mark: 0.001/0.001 secs] [Times: user=0.00 sys=0.00, real=0.00 secs] 
2021-03-23T14:31:21.668+0800: 0.645: [CMS-concurrent-preclean-start]
2021-03-23T14:31:21.668+0800: 0.645: [CMS-concurrent-preclean: 0.000/0.000 secs] [Times: user=0.00 sys=0.00, real=0.00 secs] 
2021-03-23T14:31:21.668+0800: 0.645: [CMS-concurrent-abortable-preclean-start]
2021-03-23T14:31:21.672+0800: 0.650: [GC (Allocation Failure) 2021-03-23T14:31:21.672+0800: 0.650: [ParNew: 39291K->4347K(39296K), 0.0023950 secs] 91791K->65394K(126720K), 0.0024549 secs] [Times: user=0.00 sys=0.00, real=0.00 secs] 
2021-03-23T14:31:21.679+0800: 0.657: [GC (Allocation Failure) 2021-03-23T14:31:21.679+0800: 0.657: [ParNew: 39291K->4350K(39296K), 0.0024213 secs] 100338K->75090K(126720K), 0.0024906 secs] [Times: user=0.00 sys=0.00, real=0.00 secs] 
2021-03-23T14:31:21.686+0800: 0.664: [GC (Allocation Failure) 2021-03-23T14:31:21.686+0800: 0.664: [ParNew: 39294K->4348K(39296K), 0.0024650 secs] 110034K->85608K(126720K), 0.0025499 secs] [Times: user=0.00 sys=0.00, real=0.00 secs] 
2021-03-23T14:31:21.694+0800: 0.671: [GC (Allocation Failure) 2021-03-23T14:31:21.694+0800: 0.671: [ParNew: 39238K->39238K(39296K), 0.0000160 secs]2021-03-23T14:31:21.694+0800: 0.671: [CMS2021-03-23T14:31:21.694+0800: 0.671: [CMS-concurrent-abortable-preclean: 0.001/0.026 secs] [Times: user=0.03 sys=0.00, real=0.03 secs] 
 (concurrent mode failure): 81259K->38070K(87424K), 0.0072517 secs] 120498K->38070K(126720K), [Metaspace: 2837K->2837K(1056768K)], 0.0073524 secs] [Times: user=0.00 sys=0.00, real=0.01 secs] 
2021-03-23T14:31:21.707+0800: 0.684: [GC (Allocation Failure) 2021-03-23T14:31:21.707+0800: 0.684: [ParNew: 34936K->4351K(39296K), 0.0020882 secs] 73006K->48563K(126720K), 0.0021592 secs] [Times: user=0.00 sys=0.00, real=0.00 secs] 
2021-03-23T14:31:21.716+0800: 0.693: [GC (Allocation Failure) 2021-03-23T14:31:21.716+0800: 0.693: [ParNew: 39295K->4349K(39296K), 0.0025987 secs] 83507K->60429K(126720K), 0.0026595 secs] [Times: user=0.00 sys=0.00, real=0.00 secs] 
2021-03-23T14:31:21.718+0800: 0.696: [GC (CMS Initial Mark) [1 CMS-initial-mark: 56079K(87424K)] 60548K(126720K), 0.0000992 secs] [Times: user=0.00 sys=0.00, real=0.00 secs] 
2021-03-23T14:31:21.718+0800: 0.696: [CMS-concurrent-mark-start]
2021-03-23T14:31:21.719+0800: 0.697: [CMS-concurrent-mark: 0.001/0.001 secs] [Times: user=0.00 sys=0.00, real=0.00 secs] 
2021-03-23T14:31:21.719+0800: 0.697: [CMS-concurrent-preclean-start]
2021-03-23T14:31:21.720+0800: 0.697: [CMS-concurrent-preclean: 0.000/0.000 secs] [Times: user=0.00 sys=0.00, real=0.00 secs] 
2021-03-23T14:31:21.720+0800: 0.697: [CMS-concurrent-abortable-preclean-start]
2021-03-23T14:31:21.726+0800: 0.703: [GC (Allocation Failure) 2021-03-23T14:31:21.726+0800: 0.703: [ParNew: 39180K->4348K(39296K), 0.0024917 secs] 95260K->67699K(126720K), 0.0025983 secs] [Times: user=0.00 sys=0.00, real=0.00 secs] 
2021-03-23T14:31:21.734+0800: 0.711: [GC (Allocation Failure) 2021-03-23T14:31:21.734+0800: 0.711: [ParNew: 39243K->4346K(39296K), 0.0021952 secs] 102594K->76801K(126720K), 0.0022521 secs] [Times: user=0.00 sys=0.00, real=0.00 secs] 
2021-03-23T14:31:21.741+0800: 0.719: [GC (Allocation Failure) 2021-03-23T14:31:21.741+0800: 0.719: [ParNew: 39290K->4339K(39296K), 0.0030626 secs] 111745K->88561K(126720K), 0.0031483 secs] [Times: user=0.00 sys=0.00, real=0.00 secs] 
2021-03-23T14:31:21.745+0800: 0.722: [CMS-concurrent-abortable-preclean: 0.000/0.025 secs] [Times: user=0.03 sys=0.00, real=0.02 secs] 
2021-03-23T14:31:21.745+0800: 0.722: [GC (CMS Final Remark) [YG occupancy: 4508 K (39296 K)]2021-03-23T14:31:21.745+0800: 0.722: [Rescan (parallel) , 0.0001016 secs]2021-03-23T14:31:21.745+0800: 0.722: [weak refs processing, 0.0000096 secs]2021-03-23T14:31:21.745+0800: 0.722: [class unloading, 0.0002441 secs]2021-03-23T14:31:21.745+0800: 0.722: [scrub symbol table, 0.0005056 secs]2021-03-23T14:31:21.746+0800: 0.723: [scrub string table, 0.0001103 secs][1 CMS-remark: 84222K(87424K)] 88730K(126720K), 0.0010436 secs] [Times: user=0.00 sys=0.00, real=0.00 secs] 
2021-03-23T14:31:21.746+0800: 0.723: [CMS-concurrent-sweep-start]
2021-03-23T14:31:21.746+0800: 0.724: [CMS-concurrent-sweep: 0.000/0.000 secs] [Times: user=0.00 sys=0.00, real=0.00 secs] 
2021-03-23T14:31:21.746+0800: 0.724: [CMS-concurrent-reset-start]
2021-03-23T14:31:21.746+0800: 0.724: [CMS-concurrent-reset: 0.000/0.000 secs] [Times: user=0.00 sys=0.00, real=0.00 secs] 
2021-03-23T14:31:21.751+0800: 0.729: [GC (Allocation Failure) 2021-03-23T14:31:21.751+0800: 0.729: [ParNew: 39232K->4343K(39296K), 0.0022011 secs] 101330K->72737K(126720K), 0.0022752 secs] [Times: user=0.06 sys=0.00, real=0.00 secs] 
2021-03-23T14:31:21.754+0800: 0.731: [GC (CMS Initial Mark) [1 CMS-initial-mark: 68393K(87424K)] 73419K(126720K), 0.0001718 secs] [Times: user=0.00 sys=0.00, real=0.00 secs] 
2021-03-23T14:31:21.754+0800: 0.731: [CMS-concurrent-mark-start]
2021-03-23T14:31:21.755+0800: 0.732: [CMS-concurrent-mark: 0.001/0.001 secs] [Times: user=0.00 sys=0.00, real=0.00 secs] 
2021-03-23T14:31:21.755+0800: 0.732: [CMS-concurrent-preclean-start]
2021-03-23T14:31:21.755+0800: 0.732: [CMS-concurrent-preclean: 0.000/0.000 secs] [Times: user=0.00 sys=0.00, real=0.00 secs] 
2021-03-23T14:31:21.755+0800: 0.732: [CMS-concurrent-abortable-preclean-start]
2021-03-23T14:31:21.760+0800: 0.737: [GC (Allocation Failure) 2021-03-23T14:31:21.760+0800: 0.737: [ParNew: 39127K->4351K(39296K), 0.0031464 secs] 107520K->82860K(126720K), 0.0032030 secs] [Times: user=0.00 sys=0.00, real=0.00 secs] 
2021-03-23T14:31:21.769+0800: 0.746: [GC (Allocation Failure) 2021-03-23T14:31:21.769+0800: 0.747: [ParNew: 39251K->39251K(39296K), 0.0000151 secs]2021-03-23T14:31:21.769+0800: 0.747: [CMS2021-03-23T14:31:21.769+0800: 0.747: [CMS-concurrent-abortable-preclean: 0.000/0.014 secs] [Times: user=0.00 sys=0.00, real=0.01 secs] 
 (concurrent mode failure): 78508K->37161K(87424K), 0.0082463 secs] 117759K->37161K(126720K), [Metaspace: 2837K->2837K(1056768K)], 0.0083354 secs] [Times: user=0.01 sys=0.00, real=0.01 secs] 
2021-03-23T14:31:21.782+0800: 0.759: [GC (Allocation Failure) 2021-03-23T14:31:21.782+0800: 0.759: [ParNew: 34928K->4341K(39296K), 0.0018612 secs] 72089K->47874K(126720K), 0.0019158 secs] [Times: user=0.00 sys=0.00, real=0.00 secs] 
2021-03-23T14:31:21.788+0800: 0.766: [GC (Allocation Failure) 2021-03-23T14:31:21.788+0800: 0.766: [ParNew: 39285K->4342K(39296K), 0.0028065 secs] 82818K->60664K(126720K), 0.0028621 secs] [Times: user=0.00 sys=0.00, real=0.00 secs] 
2021-03-23T14:31:21.791+0800: 0.769: [GC (CMS Initial Mark) [1 CMS-initial-mark: 56322K(87424K)] 61189K(126720K), 0.0001559 secs] [Times: user=0.00 sys=0.00, real=0.00 secs] 
2021-03-23T14:31:21.792+0800: 0.769: [CMS-concurrent-mark-start]
2021-03-23T14:31:21.792+0800: 0.770: [CMS-concurrent-mark: 0.001/0.001 secs] [Times: user=0.00 sys=0.00, real=0.00 secs] 
2021-03-23T14:31:21.792+0800: 0.770: [CMS-concurrent-preclean-start]
2021-03-23T14:31:21.792+0800: 0.770: [CMS-concurrent-preclean: 0.000/0.000 secs] [Times: user=0.00 sys=0.00, real=0.00 secs] 
2021-03-23T14:31:21.792+0800: 0.770: [CMS-concurrent-abortable-preclean-start]
2021-03-23T14:31:21.796+0800: 0.773: [GC (Allocation Failure) 2021-03-23T14:31:21.796+0800: 0.773: [ParNew: 39276K->4349K(39296K), 0.0029530 secs] 95599K->72710K(126720K), 0.0030162 secs] [Times: user=0.00 sys=0.00, real=0.00 secs] 
2021-03-23T14:31:21.804+0800: 0.782: [GC (Allocation Failure) 2021-03-23T14:31:21.804+0800: 0.782: [ParNew: 39293K->4351K(39296K), 0.0023212 secs] 107654K->81400K(126720K), 0.0023878 secs] [Times: user=0.00 sys=0.00, real=0.00 secs] 
2021-03-23T14:31:21.812+0800: 0.791: [GC (Allocation Failure) 2021-03-23T14:31:21.812+0800: 0.791: [ParNew: 38953K->38953K(39296K), 0.0000155 secs]2021-03-23T14:31:21.812+0800: 0.791: [CMS2021-03-23T14:31:21.812+0800: 0.791: [CMS-concurrent-abortable-preclean: 0.000/0.021 secs] [Times: user=0.01 sys=0.00, real=0.02 secs] 
 (concurrent mode failure): 77048K->36517K(87424K), 0.0081142 secs] 116002K->36517K(126720K), [Metaspace: 2837K->2837K(1056768K)], 0.0082017 secs] [Times: user=0.02 sys=0.00, real=0.01 secs] 
2021-03-23T14:31:21.826+0800: 0.804: [GC (Allocation Failure) 2021-03-23T14:31:21.826+0800: 0.804: [ParNew: 34805K->4351K(39296K), 0.0023357 secs] 71322K->47846K(126720K), 0.0023971 secs] [Times: user=0.00 sys=0.00, real=0.00 secs] 
2021-03-23T14:31:21.834+0800: 0.812: [GC (Allocation Failure) 2021-03-23T14:31:21.834+0800: 0.812: [ParNew: 39295K->4351K(39296K), 0.0026473 secs] 82790K->58705K(126720K), 0.0027292 secs] [Times: user=0.00 sys=0.00, real=0.00 secs] 
2021-03-23T14:31:21.837+0800: 0.815: [GC (CMS Initial Mark) [1 CMS-initial-mark: 54353K(87424K)] 60090K(126720K), 0.0001860 secs] [Times: user=0.00 sys=0.00, real=0.00 secs] 
2021-03-23T14:31:21.837+0800: 0.815: [CMS-concurrent-mark-start]
2021-03-23T14:31:21.838+0800: 0.816: [CMS-concurrent-mark: 0.001/0.001 secs] [Times: user=0.00 sys=0.00, real=0.00 secs] 
2021-03-23T14:31:21.838+0800: 0.816: [CMS-concurrent-preclean-start]
2021-03-23T14:31:21.838+0800: 0.816: [CMS-concurrent-preclean: 0.000/0.000 secs] [Times: user=0.00 sys=0.00, real=0.00 secs] 
2021-03-23T14:31:21.838+0800: 0.816: [CMS-concurrent-abortable-preclean-start]
2021-03-23T14:31:21.842+0800: 0.820: [GC (Allocation Failure) 2021-03-23T14:31:21.842+0800: 0.820: [ParNew: 38971K->4350K(39296K), 0.0027759 secs] 93325K->70195K(126720K), 0.0028370 secs] [Times: user=0.00 sys=0.00, real=0.00 secs] 
2021-03-23T14:31:21.850+0800: 0.828: [GC (Allocation Failure) 2021-03-23T14:31:21.850+0800: 0.828: [ParNew: 39054K->4350K(39296K), 0.0030799 secs] 104899K->82755K(126720K), 0.0031512 secs] [Times: user=0.00 sys=0.00, real=0.00 secs] 
2021-03-23T14:31:21.860+0800: 0.838: [GC (Allocation Failure) 2021-03-23T14:31:21.860+0800: 0.838: [ParNew: 39294K->39294K(39296K), 0.0000158 secs]2021-03-23T14:31:21.860+0800: 0.838: [CMS2021-03-23T14:31:21.860+0800: 0.838: [CMS-concurrent-abortable-preclean: 0.000/0.022 secs] [Times: user=0.02 sys=0.00, real=0.02 secs] 
 (concurrent mode failure): 78405K->37085K(87424K), 0.0087548 secs] 117699K->37085K(126720K), [Metaspace: 2837K->2837K(1056768K)], 0.0088373 secs] [Times: user=0.02 sys=0.00, real=0.01 secs] 
2021-03-23T14:31:21.874+0800: 0.852: [GC (Allocation Failure) 2021-03-23T14:31:21.874+0800: 0.852: [ParNew: 34944K->4348K(39296K), 0.0026191 secs] 72029K->49968K(126720K), 0.0026854 secs] [Times: user=0.00 sys=0.00, real=0.00 secs] 
2021-03-23T14:31:21.884+0800: 0.862: [GC (Allocation Failure) 2021-03-23T14:31:21.884+0800: 0.862: [ParNew: 39253K->4335K(39296K), 0.0026431 secs] 84873K->58810K(126720K), 0.0027059 secs] [Times: user=0.00 sys=0.00, real=0.00 secs] 
2021-03-23T14:31:21.887+0800: 0.865: [GC (CMS Initial Mark) [1 CMS-initial-mark: 54474K(87424K)] 59098K(126720K), 0.0001763 secs] [Times: user=0.00 sys=0.00, real=0.00 secs] 
2021-03-23T14:31:21.887+0800: 0.865: [CMS-concurrent-mark-start]
2021-03-23T14:31:21.888+0800: 0.866: [CMS-concurrent-mark: 0.001/0.001 secs] [Times: user=0.00 sys=0.00, real=0.00 secs] 
2021-03-23T14:31:21.888+0800: 0.866: [CMS-concurrent-preclean-start]
2021-03-23T14:31:21.888+0800: 0.866: [CMS-concurrent-preclean: 0.000/0.000 secs] [Times: user=0.00 sys=0.00, real=0.00 secs] 
2021-03-23T14:31:21.888+0800: 0.866: [CMS-concurrent-abortable-preclean-start]
2021-03-23T14:31:21.892+0800: 0.870: [GC (Allocation Failure) 2021-03-23T14:31:21.892+0800: 0.870: [ParNew: 38996K->4324K(39296K), 0.0024828 secs] 93471K->67629K(126720K), 0.0025448 secs] [Times: user=0.05 sys=0.00, real=0.00 secs] 
2021-03-23T14:31:21.901+0800: 0.879: [GC (Allocation Failure) 2021-03-23T14:31:21.901+0800: 0.879: [ParNew: 39189K->4350K(39296K), 0.0021093 secs] 102494K->75828K(126720K), 0.0021740 secs] [Times: user=0.00 sys=0.00, real=0.00 secs] 
2021-03-23T14:31:21.908+0800: 0.886: [GC (Allocation Failure) 2021-03-23T14:31:21.908+0800: 0.886: [ParNew: 39294K->4347K(39296K), 0.0023759 secs] 110772K->85516K(126720K), 0.0024340 secs] [Times: user=0.06 sys=0.00, real=0.00 secs] 
2021-03-23T14:31:21.915+0800: 0.893: [GC (Allocation Failure) 2021-03-23T14:31:21.915+0800: 0.893: [ParNew: 39291K->39291K(39296K), 0.0000148 secs]2021-03-23T14:31:21.915+0800: 0.893: [CMS2021-03-23T14:31:21.915+0800: 0.893: [CMS-concurrent-abortable-preclean: 0.001/0.027 secs] [Times: user=0.11 sys=0.00, real=0.03 secs] 
 (concurrent mode failure): 81169K->37484K(87424K), 0.0076368 secs] 120460K->37484K(126720K), [Metaspace: 2837K->2837K(1056768K)], 0.0077370 secs] [Times: user=0.00 sys=0.00, real=0.01 secs] 
2021-03-23T14:31:21.929+0800: 0.907: [GC (Allocation Failure) 2021-03-23T14:31:21.929+0800: 0.907: [ParNew: 34555K->4350K(39296K), 0.0023998 secs] 72040K->49077K(126720K), 0.0025140 secs] [Times: user=0.00 sys=0.00, real=0.00 secs] 
2021-03-23T14:31:21.936+0800: 0.914: [GC (Allocation Failure) 2021-03-23T14:31:21.936+0800: 0.914: [ParNew: 39204K->4345K(39296K), 0.0025503 secs] 83930K->59067K(126720K), 0.0026092 secs] [Times: user=0.00 sys=0.00, real=0.00 secs] 
2021-03-23T14:31:21.939+0800: 0.917: [GC (CMS Initial Mark) [1 CMS-initial-mark: 54721K(87424K)] 59311K(126720K), 0.0000814 secs] [Times: user=0.00 sys=0.00, real=0.00 secs] 
2021-03-23T14:31:21.939+0800: 0.917: [CMS-concurrent-mark-start]
2021-03-23T14:31:21.940+0800: 0.918: [CMS-concurrent-mark: 0.001/0.001 secs] [Times: user=0.00 sys=0.00, real=0.00 secs] 
2021-03-23T14:31:21.940+0800: 0.918: [CMS-concurrent-preclean-start]
2021-03-23T14:31:21.940+0800: 0.918: [CMS-concurrent-preclean: 0.000/0.000 secs] [Times: user=0.00 sys=0.00, real=0.00 secs] 
2021-03-23T14:31:21.940+0800: 0.918: [CMS-concurrent-abortable-preclean-start]
2021-03-23T14:31:21.944+0800: 0.922: [GC (Allocation Failure) 2021-03-23T14:31:21.944+0800: 0.922: [ParNew: 39106K->4339K(39296K), 0.0020729 secs] 93828K->65143K(126720K), 0.0021342 secs] [Times: user=0.00 sys=0.00, real=0.00 secs] 
2021-03-23T14:31:21.951+0800: 0.929: [GC (Allocation Failure) 2021-03-23T14:31:21.951+0800: 0.929: [ParNew: 38938K->4351K(39296K), 0.0028610 secs] 99743K->76329K(126720K), 0.0029180 secs] [Times: user=0.00 sys=0.00, real=0.00 secs] 
2021-03-23T14:31:21.961+0800: 0.939: [GC (Allocation Failure) 2021-03-23T14:31:21.961+0800: 0.939: [ParNew: 39209K->4351K(39296K), 0.0026379 secs] 111187K->84786K(126720K), 0.0027054 secs] [Times: user=0.00 sys=0.00, real=0.00 secs] 
2021-03-23T14:31:21.969+0800: 0.947: [GC (Allocation Failure) 2021-03-23T14:31:21.969+0800: 0.947: [ParNew: 39229K->39229K(39296K), 0.0000167 secs]2021-03-23T14:31:21.969+0800: 0.947: [CMS2021-03-23T14:31:21.969+0800: 0.947: [CMS-concurrent-abortable-preclean: 0.001/0.029 secs] [Times: user=0.03 sys=0.00, real=0.03 secs] 
 (concurrent mode failure): 80434K->39467K(87424K), 0.0091353 secs] 119664K->39467K(126720K), [Metaspace: 2837K->2837K(1056768K)], 0.0092517 secs] [Times: user=0.01 sys=0.00, real=0.01 secs] 
2021-03-23T14:31:21.983+0800: 0.961: [GC (Allocation Failure) 2021-03-23T14:31:21.983+0800: 0.961: [ParNew: 34746K->4351K(39296K), 0.0017154 secs] 74214K->49517K(126720K), 0.0018193 secs] [Times: user=0.00 sys=0.00, real=0.00 secs] 
2021-03-23T14:31:21.990+0800: 0.968: [GC (Allocation Failure) 2021-03-23T14:31:21.990+0800: 0.968: [ParNew: 39295K->4350K(39296K), 0.0025012 secs] 84461K->59158K(126720K), 0.0025600 secs] [Times: user=0.00 sys=0.00, real=0.00 secs] 
2021-03-23T14:31:21.993+0800: 0.971: [GC (CMS Initial Mark) [1 CMS-initial-mark: 54808K(87424K)] 59230K(126720K), 0.0000919 secs] [Times: user=0.00 sys=0.00, real=0.00 secs] 
2021-03-23T14:31:21.993+0800: 0.971: [CMS-concurrent-mark-start]
2021-03-23T14:31:21.994+0800: 0.972: [CMS-concurrent-mark: 0.001/0.001 secs] [Times: user=0.00 sys=0.00, real=0.00 secs] 
2021-03-23T14:31:21.994+0800: 0.972: [CMS-concurrent-preclean-start]
2021-03-23T14:31:21.994+0800: 0.972: [CMS-concurrent-preclean: 0.000/0.000 secs] [Times: user=0.00 sys=0.00, real=0.00 secs] 
2021-03-23T14:31:21.994+0800: 0.972: [GC (CMS Final Remark) [YG occupancy: 5447 K (39296 K)]2021-03-23T14:31:21.994+0800: 0.972: [Rescan (parallel) , 0.0001019 secs]2021-03-23T14:31:21.995+0800: 0.972: [weak refs processing, 0.0000106 secs]2021-03-23T14:31:21.995+0800: 0.972: [class unloading, 0.0002416 secs]2021-03-23T14:31:21.995+0800: 0.972: [scrub symbol table, 0.0003722 secs]2021-03-23T14:31:21.995+0800: 0.973: [scrub string table, 0.0001795 secs][1 CMS-remark: 54808K(87424K)] 60255K(126720K), 0.0010076 secs] [Times: user=0.00 sys=0.00, real=0.00 secs] 
2021-03-23T14:31:21.996+0800: 0.973: [CMS-concurrent-sweep-start]
2021-03-23T14:31:21.996+0800: 0.974: [CMS-concurrent-sweep: 0.000/0.000 secs] [Times: user=0.00 sys=0.00, real=0.00 secs] 
2021-03-23T14:31:21.996+0800: 0.974: [CMS-concurrent-reset-start]
2021-03-23T14:31:21.996+0800: 0.974: [CMS-concurrent-reset: 0.000/0.000 secs] [Times: user=0.00 sys=0.00, real=0.00 secs] 
2021-03-23T14:31:22.001+0800: 0.979: [GC (Allocation Failure) 2021-03-23T14:31:22.002+0800: 0.979: [ParNew: 39294K->4350K(39296K), 0.0026703 secs] 72784K->45634K(126720K), 0.0027642 secs] [Times: user=0.06 sys=0.00, real=0.00 secs] 
2021-03-23T14:31:22.010+0800: 0.988: [GC (Allocation Failure) 2021-03-23T14:31:22.010+0800: 0.988: [ParNew: 39294K->4350K(39296K), 0.0027235 secs] 80578K->55310K(126720K), 0.0028023 secs] [Times: user=0.00 sys=0.00, real=0.00 secs] 
2021-03-23T14:31:22.018+0800: 0.996: [GC (Allocation Failure) 2021-03-23T14:31:22.018+0800: 0.996: [ParNew: 39294K->4350K(39296K), 0.0030053 secs] 90254K->66026K(126720K), 0.0030628 secs] [Times: user=0.06 sys=0.00, real=0.00 secs] 
2021-03-23T14:31:22.021+0800: 0.999: [GC (CMS Initial Mark) [1 CMS-initial-mark: 61675K(87424K)] 66314K(126720K), 0.0000905 secs] [Times: user=0.00 sys=0.00, real=0.00 secs] 
2021-03-23T14:31:22.022+0800: 0.999: [CMS-concurrent-mark-start]
2021-03-23T14:31:22.022+0800: 1.000: [CMS-concurrent-mark: 0.001/0.001 secs] [Times: user=0.00 sys=0.00, real=0.00 secs] 
2021-03-23T14:31:22.022+0800: 1.000: [CMS-concurrent-preclean-start]
2021-03-23T14:31:22.022+0800: 1.000: [CMS-concurrent-preclean: 0.000/0.000 secs] [Times: user=0.00 sys=0.00, real=0.00 secs] 
2021-03-23T14:31:22.023+0800: 1.000: [CMS-concurrent-abortable-preclean-start]
2021-03-23T14:31:22.026+0800: 1.004: [GC (Allocation Failure) 2021-03-23T14:31:22.026+0800: 1.004: [ParNew: 39279K->4351K(39296K), 0.0024040 secs] 100954K->76729K(126720K), 0.0024633 secs] [Times: user=0.00 sys=0.00, real=0.00 secs] 
2021-03-23T14:31:22.033+0800: 1.010: [GC (Allocation Failure) 2021-03-23T14:31:22.033+0800: 1.010: [ParNew: 39268K->4346K(39296K), 0.0028513 secs] 111646K->88894K(126720K), 0.0029095 secs] [Times: user=0.05 sys=0.00, real=0.00 secs] 
2021-03-23T14:31:22.036+0800: 1.013: [CMS-concurrent-abortable-preclean: 0.000/0.013 secs] [Times: user=0.05 sys=0.00, real=0.01 secs] 
2021-03-23T14:31:22.036+0800: 1.013: [GC (CMS Final Remark) [YG occupancy: 4586 K (39296 K)]2021-03-23T14:31:22.036+0800: 1.013: [Rescan (parallel) , 0.0000929 secs]2021-03-23T14:31:22.036+0800: 1.013: [weak refs processing, 0.0000128 secs]2021-03-23T14:31:22.036+0800: 1.013: [class unloading, 0.0001820 secs]2021-03-23T14:31:22.036+0800: 1.014: [scrub symbol table, 0.0002975 secs]2021-03-23T14:31:22.036+0800: 1.014: [scrub string table, 0.0000856 secs][1 CMS-remark: 84547K(87424K)] 89134K(126720K), 0.0007226 secs] [Times: user=0.00 sys=0.00, real=0.00 secs] 
2021-03-23T14:31:22.036+0800: 1.014: [CMS-concurrent-sweep-start]
2021-03-23T14:31:22.037+0800: 1.014: [CMS-concurrent-sweep: 0.000/0.000 secs] [Times: user=0.00 sys=0.00, real=0.00 secs] 
2021-03-23T14:31:22.037+0800: 1.014: [CMS-concurrent-reset-start]
2021-03-23T14:31:22.037+0800: 1.014: [CMS-concurrent-reset: 0.000/0.000 secs] [Times: user=0.00 sys=0.00, real=0.00 secs] 
2021-03-23T14:31:22.041+0800: 1.018: [GC (Allocation Failure) 2021-03-23T14:31:22.041+0800: 1.018: [ParNew: 39073K->4349K(39296K), 0.0024387 secs] 101551K->75402K(126720K), 0.0024961 secs] [Times: user=0.00 sys=0.00, real=0.00 secs] 
2021-03-23T14:31:22.043+0800: 1.021: [GC (CMS Initial Mark) [1 CMS-initial-mark: 71053K(87424K)] 75748K(126720K), 0.0000931 secs] [Times: user=0.00 sys=0.00, real=0.00 secs] 
2021-03-23T14:31:22.044+0800: 1.021: [CMS-concurrent-mark-start]
2021-03-23T14:31:22.044+0800: 1.022: [CMS-concurrent-mark: 0.001/0.001 secs] [Times: user=0.00 sys=0.00, real=0.00 secs] 
2021-03-23T14:31:22.044+0800: 1.022: [CMS-concurrent-preclean-start]
2021-03-23T14:31:22.044+0800: 1.022: [CMS-concurrent-preclean: 0.000/0.000 secs] [Times: user=0.00 sys=0.00, real=0.00 secs] 
2021-03-23T14:31:22.044+0800: 1.022: [CMS-concurrent-abortable-preclean-start]
2021-03-23T14:31:22.049+0800: 1.026: [GC (Allocation Failure) 2021-03-23T14:31:22.049+0800: 1.026: [ParNew: 39218K->4348K(39296K), 0.0023250 secs] 110271K->82945K(126720K), 0.0024168 secs] [Times: user=0.05 sys=0.00, real=0.00 secs] 
2021-03-23T14:31:22.056+0800: 1.033: [GC (Allocation Failure) 2021-03-23T14:31:22.056+0800: 1.033: [ParNew: 39065K->39065K(39296K), 0.0000156 secs]2021-03-23T14:31:22.056+0800: 1.033: [CMS2021-03-23T14:31:22.056+0800: 1.033: [CMS-concurrent-abortable-preclean: 0.000/0.011 secs] [Times: user=0.05 sys=0.00, real=0.01 secs] 
 (concurrent mode failure): 78597K->37221K(87424K), 0.0082630 secs] 117662K->37221K(126720K), [Metaspace: 2837K->2837K(1056768K)], 0.0083504 secs] [Times: user=0.00 sys=0.00, real=0.01 secs] 
2021-03-23T14:31:22.072+0800: 1.050: [GC (Allocation Failure) 2021-03-23T14:31:22.072+0800: 1.050: [ParNew: 34678K->4338K(39296K), 0.0019834 secs] 71899K->47724K(126720K), 0.0020438 secs] [Times: user=0.00 sys=0.00, real=0.00 secs] 
2021-03-23T14:31:22.080+0800: 1.057: [GC (Allocation Failure) 2021-03-23T14:31:22.080+0800: 1.057: [ParNew: 38993K->4348K(39296K), 0.0029726 secs] 82379K->59568K(126720K), 0.0030468 secs] [Times: user=0.03 sys=0.01, real=0.00 secs] 
2021-03-23T14:31:22.083+0800: 1.060: [GC (CMS Initial Mark) [1 CMS-initial-mark: 55220K(87424K)] 60203K(126720K), 0.0001190 secs] [Times: user=0.00 sys=0.00, real=0.00 secs] 
2021-03-23T14:31:22.083+0800: 1.060: [CMS-concurrent-mark-start]
2021-03-23T14:31:22.084+0800: 1.061: [CMS-concurrent-mark: 0.001/0.001 secs] [Times: user=0.00 sys=0.00, real=0.00 secs] 
2021-03-23T14:31:22.084+0800: 1.061: [CMS-concurrent-preclean-start]
2021-03-23T14:31:22.084+0800: 1.062: [CMS-concurrent-preclean: 0.000/0.000 secs] [Times: user=0.00 sys=0.00, real=0.00 secs] 
2021-03-23T14:31:22.084+0800: 1.062: [CMS-concurrent-abortable-preclean-start]
2021-03-23T14:31:22.088+0800: 1.066: [GC (Allocation Failure) 2021-03-23T14:31:22.088+0800: 1.066: [ParNew: 39292K->4348K(39296K), 0.0027165 secs] 94512K->69660K(126720K), 0.0027742 secs] [Times: user=0.00 sys=0.00, real=0.00 secs] 
2021-03-23T14:31:22.096+0800: 1.073: [GC (Allocation Failure) 2021-03-23T14:31:22.096+0800: 1.073: [ParNew: 39292K->4338K(39296K), 0.0038856 secs] 104604K->80759K(126720K), 0.0039426 secs] [Times: user=0.05 sys=0.00, real=0.00 secs] 
2021-03-23T14:31:22.105+0800: 1.082: [GC (Allocation Failure) 2021-03-23T14:31:22.105+0800: 1.082: [ParNew: 39282K->39282K(39296K), 0.0000173 secs]2021-03-23T14:31:22.105+0800: 1.082: [CMS2021-03-23T14:31:22.105+0800: 1.082: [CMS-concurrent-abortable-preclean: 0.000/0.021 secs] [Times: user=0.05 sys=0.00, real=0.02 secs] 
 (concurrent mode failure): 76420K->37197K(87424K), 0.0072172 secs] 115703K->37197K(126720K), [Metaspace: 2837K->2837K(1056768K)], 0.0073143 secs] [Times: user=0.00 sys=0.00, real=0.01 secs] 
2021-03-23T14:31:22.118+0800: 1.095: [GC (Allocation Failure) 2021-03-23T14:31:22.118+0800: 1.095: [ParNew: 34944K->4350K(39296K), 0.0018690 secs] 72141K->46287K(126720K), 0.0019287 secs] [Times: user=0.00 sys=0.00, real=0.00 secs] 
2021-03-23T14:31:22.125+0800: 1.103: [GC (Allocation Failure) 2021-03-23T14:31:22.125+0800: 1.103: [ParNew: 38995K->4348K(39296K), 0.0025357 secs] 80932K->55885K(126720K), 0.0026075 secs] [Times: user=0.00 sys=0.00, real=0.00 secs] 
2021-03-23T14:31:22.134+0800: 1.111: [GC (Allocation Failure) 2021-03-23T14:31:22.134+0800: 1.111: [ParNew: 38807K->4346K(39296K), 0.0020676 secs] 90344K->63174K(126720K), 0.0021262 secs] [Times: user=0.00 sys=0.00, real=0.00 secs] 
2021-03-23T14:31:22.136+0800: 1.113: [GC (CMS Initial Mark) [1 CMS-initial-mark: 58828K(87424K)] 63935K(126720K), 0.0001024 secs] [Times: user=0.00 sys=0.00, real=0.00 secs] 
2021-03-23T14:31:22.136+0800: 1.114: [CMS-concurrent-mark-start]
2021-03-23T14:31:22.137+0800: 1.114: [CMS-concurrent-mark: 0.001/0.001 secs] [Times: user=0.00 sys=0.00, real=0.00 secs] 
2021-03-23T14:31:22.137+0800: 1.114: [CMS-concurrent-preclean-start]
Heap
 par new generation   total 39296K, used 7143K [0x00000000f8000000, 0x00000000faaa0000, 0x00000000faaa0000)
  eden space 34944K,   8% used [0x00000000f8000000, 0x00000000f82bb458, 0x00000000fa220000)
  from space 4352K,  99% used [0x00000000fa660000, 0x00000000faa9e818, 0x00000000faaa0000)
  to   space 4352K,   0% used [0x00000000fa220000, 0x00000000fa220000, 0x00000000fa660000)
 concurrent mark-sweep generation total 87424K, used 58828K [0x00000000faaa0000, 0x0000000100000000, 0x0000000100000000)
 Metaspace       used 2843K, capacity 4486K, committed 4864K, reserved 1056768K
  class space    used 307K, capacity 386K, committed 512K, reserved 1048576K
2021-03-23T14:31:22.137+0800: 1.115: [CMS-concurrent-preclean: 0.000/0.000 secs] [Times: user=0.00 sys=0.00, real=0.00 secs] 
2021-03-23T14:31:22.137+0800: 1.115: [CMS-concurrent-abortable-preclean-start]
